Archive member included because of file (symbol)

/home/sergio/Documentos/sloeber-workspace/Remora/Release/arduino.ar(variant.cpp.o)
                              ./libraries/SPI/SPI.cpp.o (sercom4)
/home/sergio/Documentos/sloeber-workspace/Remora/Release/arduino.ar(CDC.cpp.o)
                              ./libraries/SD/src/utility/SdFile.cpp.o (Serial_::write(unsigned char))
/home/sergio/Documentos/sloeber-workspace/Remora/Release/arduino.ar(USBCore.cpp.o)
                              /home/sergio/Documentos/sloeber-workspace/Remora/Release/arduino.ar(CDC.cpp.o) (USBDeviceClass::available(unsigned long))
/home/sergio/Documentos/sloeber-workspace/Remora/Release/arduino.ar(Print.cpp.o)
                              ./libraries/SD/src/utility/SdFile.cpp.o (Print::write(unsigned char const*, unsigned int))
/home/sergio/Documentos/sloeber-workspace/Remora/Release/arduino.ar(Reset.cpp.o)
                              /home/sergio/Documentos/sloeber-workspace/Remora/Release/arduino.ar(CDC.cpp.o) (initiateReset)
/home/sergio/Documentos/sloeber-workspace/Remora/Release/arduino.ar(SERCOM.cpp.o)
                              /home/sergio/Documentos/sloeber-workspace/Remora/Release/arduino.ar(variant.cpp.o) (SERCOM::SERCOM(Sercom*))
/home/sergio/Documentos/sloeber-workspace/Remora/Release/arduino.ar(Stream.cpp.o)
                              ./sloeber.ino.cpp.o (Stream::readStringUntil(char))
/home/sergio/Documentos/sloeber-workspace/Remora/Release/arduino.ar(Uart.cpp.o)
                              ./sloeber.ino.cpp.o (Uart::begin(unsigned long))
/home/sergio/Documentos/sloeber-workspace/Remora/Release/arduino.ar(WInterrupts.c.o)
                              ./libraries/Adafruit_FONA/Adafruit_FONA.cpp.o (attachInterrupt)
/home/sergio/Documentos/sloeber-workspace/Remora/Release/arduino.ar(WString.cpp.o)
                              ./libraries/Comms/Comms.cpp.o (String::String(String&&))
/home/sergio/Documentos/sloeber-workspace/Remora/Release/arduino.ar(abi.cpp.o)
                              ./libraries/SD/src/File.cpp.o (__cxa_pure_virtual)
/home/sergio/Documentos/sloeber-workspace/Remora/Release/arduino.ar(cortex_handlers.c.o)
                              (Reset_Handler)
/home/sergio/Documentos/sloeber-workspace/Remora/Release/arduino.ar(delay.c.o)
                              ./sloeber.ino.cpp.o (millis)
/home/sergio/Documentos/sloeber-workspace/Remora/Release/arduino.ar(hooks.c.o)
                              /home/sergio/Documentos/sloeber-workspace/Remora/Release/arduino.ar(delay.c.o) (yield)
/home/sergio/Documentos/sloeber-workspace/Remora/Release/arduino.ar(itoa.c.o)
                              /home/sergio/Documentos/sloeber-workspace/Remora/Release/arduino.ar(WString.cpp.o) (ltoa)
/home/sergio/Documentos/sloeber-workspace/Remora/Release/arduino.ar(main.cpp.o)
                              /home/sergio/sloeber/arduinoPlugin/packages/arduino/tools/arm-none-eabi-gcc/4.8.3-2014q1/bin/../lib/gcc/arm-none-eabi/4.8.3/../../../../arm-none-eabi/lib/armv6-m/crt0.o (main)
/home/sergio/Documentos/sloeber-workspace/Remora/Release/arduino.ar(new.cpp.o)
                              ./libraries/Quadtree/Quadtree.cpp.o (operator new(unsigned int))
/home/sergio/Documentos/sloeber-workspace/Remora/Release/arduino.ar(startup.c.o)
                              /home/sergio/Documentos/sloeber-workspace/Remora/Release/arduino.ar(cortex_handlers.c.o) (SystemInit)
/home/sergio/Documentos/sloeber-workspace/Remora/Release/arduino.ar(wiring.c.o)
                              /home/sergio/Documentos/sloeber-workspace/Remora/Release/arduino.ar(main.cpp.o) (init)
/home/sergio/Documentos/sloeber-workspace/Remora/Release/arduino.ar(wiring_analog.c.o)
                              /home/sergio/Documentos/sloeber-workspace/Remora/Release/arduino.ar(wiring.c.o) (analogReference)
/home/sergio/Documentos/sloeber-workspace/Remora/Release/arduino.ar(wiring_digital.c.o)
                              ./sloeber.ino.cpp.o (pinMode)
/home/sergio/Documentos/sloeber-workspace/Remora/Release/arduino.ar(wiring_private.c.o)
                              ./sloeber.ino.cpp.o (pinPeripheral)
/home/sergio/Documentos/sloeber-workspace/Remora/Release/arduino.ar(dtostrf.c.o)
                              /home/sergio/Documentos/sloeber-workspace/Remora/Release/arduino.ar(WString.cpp.o) (dtostrf)
/home/sergio/Documentos/sloeber-workspace/Remora/Release/arduino.ar(PluggableUSB.cpp.o)
                              /home/sergio/Documentos/sloeber-workspace/Remora/Release/arduino.ar(USBCore.cpp.o) (PluggableUSB_::getInterface(unsigned char*))
/home/sergio/Documentos/sloeber-workspace/Remora/Release/arduino.ar(RingBuffer.cpp.o)
                              /home/sergio/Documentos/sloeber-workspace/Remora/Release/arduino.ar(Uart.cpp.o) (RingBuffer::RingBuffer())
/home/sergio/sloeber/arduinoPlugin/packages/arduino/tools/arm-none-eabi-gcc/4.8.3-2014q1/bin/../lib/gcc/arm-none-eabi/4.8.3/../../../../arm-none-eabi/lib/armv6-m/libm.a(lib_a-s_fpclassify.o)
[...]
Memory Configuration

Name             Origin             Length             Attributes
FLASH            0x0000000000002000 0x000000000003e000 xr
RAM              0x0000000020000000 0x0000000000008000 xrw
*default*        0x0000000000000000 0xffffffffffffffff

Linker script and memory map

LOAD /home/sergio/sloeber/arduinoPlugin/packages/arduino/tools/arm-none-eabi-gcc/4.8.3-2014q1/bin/../lib/gcc/arm-none-eabi/4.8.3/armv6-m/crti.o
LOAD /home/sergio/sloeber/arduinoPlugin/packages/arduino/tools/arm-none-eabi-gcc/4.8.3-2014q1/bin/../lib/gcc/arm-none-eabi/4.8.3/armv6-m/crtbegin.o
LOAD /home/sergio/sloeber/arduinoPlugin/packages/arduino/tools/arm-none-eabi-gcc/4.8.3-2014q1/bin/../lib/gcc/arm-none-eabi/4.8.3/../../../../arm-none-eabi/lib/armv6-m/crt0.o
LOAD ./sloeber.ino.cpp.o
LOAD ./libraries/Watchdog_SAMD21/Watchdog.cpp.o
LOAD ./libraries/SPI/SPI.cpp.o
LOAD ./libraries/SD/src/utility/Sd2Card.cpp.o
LOAD ./libraries/SD/src/utility/SdFile.cpp.o
LOAD ./libraries/SD/src/utility/SdVolume.cpp.o
LOAD ./libraries/SD/src/File.cpp.o
LOAD ./libraries/SD/src/SD.cpp.o
LOAD ./libraries/Quadtree/Quadtree.cpp.o
LOAD ./libraries/Persistence/Persistence.cpp.o
LOAD ./libraries/JsonXYZ/JsonXYZ.cpp.o
LOAD ./libraries/ESP8266_XYZ/ESP8266_XYZ.cpp.o
LOAD ./libraries/Comms/Comms.cpp.o
LOAD ./libraries/Adafruit_FONA/Adafruit_FONA.cpp.o
START GROUP
LOAD /home/sergio/sloeber//arduinoPlugin/packages/arduino/tools/CMSIS/4.5.0/CMSIS/Lib/GCC//libarm_cortexM0l_math.a
LOAD /home/sergio/sloeber/arduinoPlugin/packages/arduino/tools/arm-none-eabi-gcc/4.8.3-2014q1/bin/../lib/gcc/arm-none-eabi/4.8.3/../../../../arm-none-eabi/lib/armv6-m/libm.a
LOAD /home/sergio/Documentos/sloeber-workspace/Remora/Release/arduino.ar
END GROUP
START GROUP
LOAD /home/sergio/sloeber/arduinoPlugin/packages/arduino/tools/arm-none-eabi-gcc/4.8.3-2014q1/bin/../lib/gcc/arm-none-eabi/4.8.3/armv6-m/libgcc.a
LOAD /home/sergio/sloeber/arduinoPlugin/packages/arduino/tools/arm-none-eabi-gcc/4.8.3-2014q1/bin/../lib/gcc/arm-none-eabi/4.8.3/../../../../arm-none-eabi/lib/armv6-m/libc_s.a
END GROUP
START GROUP
LOAD /home/sergio/sloeber/arduinoPlugin/packages/arduino/tools/arm-none-eabi-gcc/4.8.3-2014q1/bin/../lib/gcc/arm-none-eabi/4.8.3/armv6-m/libgcc.a
LOAD /home/sergio/sloeber/arduinoPlugin/packages/arduino/tools/arm-none-eabi-gcc/4.8.3-2014q1/bin/../lib/gcc/arm-none-eabi/4.8.3/../../../../arm-none-eabi/lib/armv6-m/libc_s.a
LOAD /home/sergio/sloeber/arduinoPlugin/packages/arduino/tools/arm-none-eabi-gcc/4.8.3-2014q1/bin/../lib/gcc/arm-none-eabi/4.8.3/../../../../arm-none-eabi/lib/armv6-m/libnosys.a
END GROUP
START GROUP
LOAD /home/sergio/sloeber/arduinoPlugin/packages/arduino/tools/arm-none-eabi-gcc/4.8.3-2014q1/bin/../lib/gcc/arm-none-eabi/4.8.3/armv6-m/libgcc.a
LOAD /home/sergio/sloeber/arduinoPlugin/packages/arduino/tools/arm-none-eabi-gcc/4.8.3-2014q1/bin/../lib/gcc/arm-none-eabi/4.8.3/../../../../arm-none-eabi/lib/armv6-m/libc_s.a
LOAD /home/sergio/sloeber/arduinoPlugin/packages/arduino/tools/arm-none-eabi-gcc/4.8.3-2014q1/bin/../lib/gcc/arm-none-eabi/4.8.3/../../../../arm-none-eabi/lib/armv6-m/libnosys.a
END GROUP
LOAD /home/sergio/sloeber/arduinoPlugin/packages/arduino/tools/arm-none-eabi-gcc/4.8.3-2014q1/bin/../lib/gcc/arm-none-eabi/4.8.3/armv6-m/crtend.o
LOAD /home/sergio/sloeber/arduinoPlugin/packages/arduino/tools/arm-none-eabi-gcc/4.8.3-2014q1/bin/../lib/gcc/arm-none-eabi/4.8.3/armv6-m/crtn.o

.text           0x0000000000002000     0xf998
                0x0000000000002000                __text_start__ = .
 *(.sketch_boot)
                0x0000000000002000                . = ALIGN (0x2000)
 *(.isr_vector)
 .isr_vector    0x0000000000002000       0xb4 /home/sergio/Documentos/sloeber-workspace/Remora/Release/arduino.ar(cortex_handlers.c.o)
                0x0000000000002000                exception_table
 *(.text*)
 .text          0x00000000000020b4       0x60 /home/sergio/sloeber/arduinoPlugin/packages/arduino/tools/arm-none-eabi-gcc/4.8.3-2014q1/bin/../lib/gcc/arm-none-eabi/4.8.3/armv6-m/crtbegin.o
 .text._ZN5CommsD2Ev
                0x0000000000002114       0x12 ./sloeber.ino.cpp.o
                0x0000000000002114                Comms::~Comms()
                0x0000000000002114                Comms::~Comms()
 .text._ZN11ESP8266_XYZD2Ev
                0x0000000000002126       0x14 ./sloeber.ino.cpp.o
                0x0000000000002126                ESP8266_XYZ::~ESP8266_XYZ()
                0x0000000000002126                ESP8266_XYZ::~ESP8266_XYZ()
 .text._ZN11PersistenceD2Ev
                0x000000000000213a       0x2e ./sloeber.ino.cpp.o
                0x000000000000213a                Persistence::~Persistence()
                0x000000000000213a                Persistence::~Persistence()
 .text._ZNSt6vectorI4DataSaIS0_EED2Ev
                0x0000000000002168       0x12 ./sloeber.ino.cpp.o
                0x0000000000002168                std::vector<Data, std::allocator<Data> >::~vector()
                0x0000000000002168                std::vector<Data, std::allocator<Data> >::~vector()
 *fill*         0x000000000000217a        0x2 
 .text.SERCOM1_Handler
                0x000000000000217c       0x10 ./sloeber.ino.cpp.o
                0x000000000000217c                SERCOM1_Handler
 .text._Z7freeRamv
                0x000000000000218c       0x12 ./sloeber.ino.cpp.o
                0x000000000000218c                freeRam()
 *fill*         0x000000000000219e        0x2 
 .text.SERCOM2_Handler
                0x00000000000021a0       0x10 ./sloeber.ino.cpp.o
                0x00000000000021a0                SERCOM2_Handler
 .text._Z10ledbuggingib
                0x00000000000021b0       0x3c ./sloeber.ino.cpp.o
                0x00000000000021b0                ledbugging(int, bool)
 .text._Z10uploadDatav
                0x00000000000021ec      0x87c ./sloeber.ino.cpp.o
                0x00000000000021ec                uploadData()
 .text._Z11pointInAreaRKSt6vectorI4DataSaIS0_EEff
                0x0000000000002a68      0x13c ./sloeber.ino.cpp.o
                0x0000000000002a68                pointInArea(std::vector<Data, std::allocator<Data> > const&, float, float)
 .text._Z11assertWrite6String
                0x0000000000002ba4      0x5f4 ./sloeber.ino.cpp.o
                0x0000000000002ba4                assertWrite(String)
 .text.loop     0x0000000000003198      0x2d8 ./sloeber.ino.cpp.o
                0x0000000000003198                loop
 .text.startup._GLOBAL__sub_I_WirelessSerial
                0x0000000000003470      0x164 ./sloeber.ino.cpp.o
 .text.setup    0x00000000000035d4      0x534 ./sloeber.ino.cpp.o
                0x00000000000035d4                setup
 .text._ZN8Watchdog7WDTsyncEv
                0x0000000000003b08       0x10 ./libraries/Watchdog_SAMD21/Watchdog.cpp.o
                0x0000000000003b08                Watchdog::WDTsync()
 .text._ZN8Watchdog8GCLKsyncEv
                0x0000000000003b18       0x10 ./libraries/Watchdog_SAMD21/Watchdog.cpp.o
                0x0000000000003b18                Watchdog::GCLKsync()
 .text._ZN8WatchdogC2Eh
                0x0000000000003b28       0x5c ./libraries/Watchdog_SAMD21/Watchdog.cpp.o
                0x0000000000003b28                Watchdog::Watchdog(unsigned char)
                0x0000000000003b28                Watchdog::Watchdog(unsigned char)
 .text._ZN8Watchdog8resetWDTEv
                0x0000000000003b84       0x14 ./libraries/Watchdog_SAMD21/Watchdog.cpp.o
                0x0000000000003b84                Watchdog::resetWDT()
 .text._ZN8SPIClass4initEv
                0x0000000000003b98       0x12 ./libraries/SPI/SPI.cpp.o
                0x0000000000003b98                SPIClass::init()
 .text._ZN8SPIClass6configE11SPISettings
                0x0000000000003baa       0x36 ./libraries/SPI/SPI.cpp.o
                0x0000000000003baa                SPIClass::config(SPISettings)
 .text._ZN8SPIClass5beginEv
                0x0000000000003be0       0x50 ./libraries/SPI/SPI.cpp.o
                0x0000000000003be0                SPIClass::begin()
 .text._ZN8SPIClass16beginTransactionE11SPISettings
                0x0000000000003c30       0x38 ./libraries/SPI/SPI.cpp.o
                0x0000000000003c30                SPIClass::beginTransaction(SPISettings)
 .text._ZN8SPIClass14endTransactionEv
                0x0000000000003c68       0x24 ./libraries/SPI/SPI.cpp.o
                0x0000000000003c68                SPIClass::endTransaction()
 .text._ZN8SPIClass8transferEh
                0x0000000000003c8c        0xa ./libraries/SPI/SPI.cpp.o
                0x0000000000003c8c                SPIClass::transfer(unsigned char)
 *fill*         0x0000000000003c96        0x2 
 .text.startup._GLOBAL__sub_I__ZN8SPIClassC2EP6SERCOMhhh14SercomSpiTXPad11SercomRXPad
                0x0000000000003c98       0x38 ./libraries/SPI/SPI.cpp.o
 .text._ZL7spiSendh
                0x0000000000003cd0       0x10 ./libraries/SD/src/utility/Sd2Card.cpp.o
 .text._ZL6spiRecv
                0x0000000000003ce0       0x10 ./libraries/SD/src/utility/Sd2Card.cpp.o
 .text._ZN7Sd2Card14chipSelectHighEv
                0x0000000000003cf0       0x28 ./libraries/SD/src/utility/Sd2Card.cpp.o
                0x0000000000003cf0                Sd2Card::chipSelectHigh()
 .text._ZN7Sd2Card13chipSelectLowEv
                0x0000000000003d18       0x30 ./libraries/SD/src/utility/Sd2Card.cpp.o
                0x0000000000003d18                Sd2Card::chipSelectLow()
 .text._ZN7Sd2Card7readEndEv
                0x0000000000003d48       0x2c ./libraries/SD/src/utility/Sd2Card.cpp.o
                0x0000000000003d48                Sd2Card::readEnd()
 .text._ZN7Sd2Card10setSckRateEh
                0x0000000000003d74       0x6c ./libraries/SD/src/utility/Sd2Card.cpp.o
                0x0000000000003d74                Sd2Card::setSckRate(unsigned char)
 .text._ZN7Sd2Card11waitNotBusyEj
                0x0000000000003de0       0x24 ./libraries/SD/src/utility/Sd2Card.cpp.o
                0x0000000000003de0                Sd2Card::waitNotBusy(unsigned int)
 .text._ZN7Sd2Card11cardCommandEhm
                0x0000000000003e04       0x64 ./libraries/SD/src/utility/Sd2Card.cpp.o
                0x0000000000003e04                Sd2Card::cardCommand(unsigned char, unsigned long)
 .text._ZN7Sd2Card4initEhh
                0x0000000000003e68      0x140 ./libraries/SD/src/utility/Sd2Card.cpp.o
                0x0000000000003e68                Sd2Card::init(unsigned char, unsigned char)
 .text._ZN7Sd2Card14waitStartBlockEv
                0x0000000000003fa8       0x3c ./libraries/SD/src/utility/Sd2Card.cpp.o
                0x0000000000003fa8                Sd2Card::waitStartBlock()
 .text._ZN7Sd2Card8readDataEmttPh
                0x0000000000003fe4       0xac ./libraries/SD/src/utility/Sd2Card.cpp.o
                0x0000000000003fe4                Sd2Card::readData(unsigned long, unsigned short, unsigned short, unsigned char*)
 .text._ZN7Sd2Card9readBlockEmPh
                0x0000000000004090       0x10 ./libraries/SD/src/utility/Sd2Card.cpp.o
                0x0000000000004090                Sd2Card::readBlock(unsigned long, unsigned char*)
 .text._ZN7Sd2Card9writeDataEhPKh
                0x00000000000040a0       0x48 ./libraries/SD/src/utility/Sd2Card.cpp.o
                0x00000000000040a0                Sd2Card::writeData(unsigned char, unsigned char const*)
 .text._ZN7Sd2Card10writeBlockEmPKh
                0x00000000000040e8       0x78 ./libraries/SD/src/utility/Sd2Card.cpp.o
                0x00000000000040e8                Sd2Card::writeBlock(unsigned long, unsigned char const*)
 .text.startup._GLOBAL__sub_I__ZN7Sd2Card11cardCommandEhm
                0x0000000000004160       0x18 ./libraries/SD/src/utility/Sd2Card.cpp.o
 .text._ZN6SdFile10addClusterEv
                0x0000000000004178       0x2c ./libraries/SD/src/utility/SdFile.cpp.o
                0x0000000000004178                SdFile::addCluster()
 .text._ZN6SdFile13addDirClusterEv
                0x00000000000041a4       0x4a ./libraries/SD/src/utility/SdFile.cpp.o
                0x00000000000041a4                SdFile::addDirCluster()
 *fill*         0x00000000000041ee        0x2 
 .text._ZN6SdFile13cacheDirEntryEh
                0x00000000000041f0       0x1c ./libraries/SD/src/utility/SdFile.cpp.o
                0x00000000000041f0                SdFile::cacheDirEntry(unsigned char)
 .text._ZN6SdFile10make83NameEPKcPh
                0x000000000000420c       0x8c ./libraries/SD/src/utility/SdFile.cpp.o
                0x000000000000420c                SdFile::make83Name(char const*, unsigned char*)
 .text._ZN6SdFile8openRootEP8SdVolume
                0x0000000000004298       0x52 ./libraries/SD/src/utility/SdFile.cpp.o
                0x0000000000004298                SdFile::openRoot(SdVolume*)
 *fill*         0x00000000000042ea        0x2 
 .text._ZN6SdFile4readEPvt
                0x00000000000042ec      0x10c ./libraries/SD/src/utility/SdFile.cpp.o
                0x00000000000042ec                SdFile::read(void*, unsigned short)
 .text._ZN6SdFile12readDirCacheEv
                0x00000000000043f8       0x48 ./libraries/SD/src/utility/SdFile.cpp.o
                0x00000000000043f8                SdFile::readDirCache()
 .text._ZN6SdFile7seekSetEm
                0x0000000000004440       0x64 ./libraries/SD/src/utility/SdFile.cpp.o
                0x0000000000004440                SdFile::seekSet(unsigned long)
 .text._ZN6SdFile4syncEv
                0x00000000000044a4       0x78 ./libraries/SD/src/utility/SdFile.cpp.o
                0x00000000000044a4                SdFile::sync()
 .text._ZN6SdFile5closeEv
                0x000000000000451c       0x14 ./libraries/SD/src/utility/SdFile.cpp.o
                0x000000000000451c                SdFile::close()
 .text._ZN6SdFile8truncateEm
                0x0000000000004530       0xb4 ./libraries/SD/src/utility/SdFile.cpp.o
                0x0000000000004530                SdFile::truncate(unsigned long)
 .text._ZN6SdFile15openCachedEntryEhh
                0x00000000000045e4       0x98 ./libraries/SD/src/utility/SdFile.cpp.o
                0x00000000000045e4                SdFile::openCachedEntry(unsigned char, unsigned char)
 .text._ZN6SdFile4openEPS_PKch
                0x000000000000467c      0x134 ./libraries/SD/src/utility/SdFile.cpp.o
                0x000000000000467c                SdFile::open(SdFile*, char const*, unsigned char)
 .text._ZN6SdFile6removeEv
                0x00000000000047b0       0x28 ./libraries/SD/src/utility/SdFile.cpp.o
                0x00000000000047b0                SdFile::remove()
 .text._ZN6SdFile6removeEPS_PKc
                0x00000000000047d8       0x34 ./libraries/SD/src/utility/SdFile.cpp.o
                0x00000000000047d8                SdFile::remove(SdFile*, char const*)
 .text._ZN6SdFile5writeEPKvt
                0x000000000000480c      0x1ac ./libraries/SD/src/utility/SdFile.cpp.o
                0x000000000000480c                SdFile::write(void const*, unsigned short)
 .text._ZN6SdFile5writeEh
                0x00000000000049b8       0x12 ./libraries/SD/src/utility/SdFile.cpp.o
                0x00000000000049b8                SdFile::write(unsigned char)
 *fill*         0x00000000000049ca        0x2 
 .text._ZN8SdVolume10cacheFlushEv
                0x00000000000049cc       0x54 ./libraries/SD/src/utility/SdVolume.cpp.o
                0x00000000000049cc                SdVolume::cacheFlush()
 .text._ZN8SdVolume13cacheRawBlockEmh
                0x0000000000004a20       0x48 ./libraries/SD/src/utility/SdVolume.cpp.o
                0x0000000000004a20                SdVolume::cacheRawBlock(unsigned long, unsigned char)
 .text._ZN8SdVolume14cacheZeroBlockEm
                0x0000000000004a68       0x3c ./libraries/SD/src/utility/SdVolume.cpp.o
                0x0000000000004a68                SdVolume::cacheZeroBlock(unsigned long)
 .text._ZNK8SdVolume6fatGetEmPm
                0x0000000000004aa4       0x60 ./libraries/SD/src/utility/SdVolume.cpp.o
                0x0000000000004aa4                SdVolume::fatGet(unsigned long, unsigned long*) const
 .text._ZNK8SdVolume9chainSizeEmPm
                0x0000000000004b04       0x44 ./libraries/SD/src/utility/SdVolume.cpp.o
                0x0000000000004b04                SdVolume::chainSize(unsigned long, unsigned long*) const
 .text._ZN8SdVolume6fatPutEmm
                0x0000000000004b48       0x88 ./libraries/SD/src/utility/SdVolume.cpp.o
                0x0000000000004b48                SdVolume::fatPut(unsigned long, unsigned long)
 .text._ZN8SdVolume15allocContiguousEmPm
                0x0000000000004bd0       0xc8 ./libraries/SD/src/utility/SdVolume.cpp.o
                0x0000000000004bd0                SdVolume::allocContiguous(unsigned long, unsigned long*)
 .text._ZN8SdVolume9freeChainEm
                0x0000000000004c98       0x4c ./libraries/SD/src/utility/SdVolume.cpp.o
                0x0000000000004c98                SdVolume::freeChain(unsigned long)
 .text._ZN8SdVolume4initEP7Sd2Cardh
                0x0000000000004ce4      0x128 ./libraries/SD/src/utility/SdVolume.cpp.o
                0x0000000000004ce4                SdVolume::init(Sd2Card*, unsigned char)
 .text._ZN5SDLib4File5writeEh
                0x0000000000004e0c       0x14 ./libraries/SD/src/File.cpp.o
                0x0000000000004e0c                SDLib::File::write(unsigned char)
 .text._ZN5SDLib4File5writeEPKhj
                0x0000000000004e20       0x2a ./libraries/SD/src/File.cpp.o
                0x0000000000004e20                SDLib::File::write(unsigned char const*, unsigned int)
 .text._ZN5SDLib4File5flushEv
                0x0000000000004e4a        0xe ./libraries/SD/src/File.cpp.o
                0x0000000000004e4a                SDLib::File::flush()
 .text._ZN6SdFile4readEv
                0x0000000000004e58       0x20 ./libraries/SD/src/File.cpp.o
                0x0000000000004e58                SdFile::read()
 .text._ZN5SDLib4File4readEv
                0x0000000000004e78       0x14 ./libraries/SD/src/File.cpp.o
                0x0000000000004e78                SDLib::File::read()
 .text._ZN5SDLib4File4peekEv
                0x0000000000004e8c       0x22 ./libraries/SD/src/File.cpp.o
                0x0000000000004e8c                SDLib::File::peek()
 *fill*         0x0000000000004eae        0x2 
 .text._ZN5SDLib4FileC2E6SdFilePKc
                0x0000000000004eb0       0x44 ./libraries/SD/src/File.cpp.o
                0x0000000000004eb0                SDLib::File::File(SdFile, char const*)
                0x0000000000004eb0                SDLib::File::File(SdFile, char const*)
 .text._ZN5SDLib4FileC2Ev
                0x0000000000004ef4       0x1c ./libraries/SD/src/File.cpp.o
                0x0000000000004ef4                SDLib::File::File()
                0x0000000000004ef4                SDLib::File::File()
 .text._ZN5SDLib4File4seekEm
                0x0000000000004f10       0x14 ./libraries/SD/src/File.cpp.o
                0x0000000000004f10                SDLib::File::seek(unsigned long)
 .text._ZN5SDLib4File8positionEv
                0x0000000000004f24       0x10 ./libraries/SD/src/File.cpp.o
                0x0000000000004f24                SDLib::File::position()
 .text._ZN5SDLib4File4sizeEv
                0x0000000000004f34        0xa ./libraries/SD/src/File.cpp.o
                0x0000000000004f34                SDLib::File::size()
 *fill*         0x0000000000004f3e        0x2 
 .text._ZN5SDLib4File9availableEv
                0x0000000000004f40       0x28 ./libraries/SD/src/File.cpp.o
                0x0000000000004f40                SDLib::File::available()
 .text._ZN5SDLib4File5closeEv
                0x0000000000004f68       0x1a ./libraries/SD/src/File.cpp.o
                0x0000000000004f68                SDLib::File::close()
 .text._ZN5SDLib4FilecvbEv
                0x0000000000004f82       0x10 ./libraries/SD/src/File.cpp.o
                0x0000000000004f82                SDLib::File::operator bool()
 .text._ZN5SDLib15callback_removeER6SdFilePKcbPv
                0x0000000000004f92       0x18 ./libraries/SD/src/SD.cpp.o
                0x0000000000004f92                SDLib::callback_remove(SdFile&, char const*, bool, void*)
 .text._ZN8SdVolume4initEP7Sd2Card
                0x0000000000004faa       0x1e ./libraries/SD/src/SD.cpp.o
                0x0000000000004faa                SdVolume::init(Sd2Card*)
 .text._ZN5SDLib20getNextPathComponentEPKcPjPc
                0x0000000000004fc8       0x4a ./libraries/SD/src/SD.cpp.o
                0x0000000000004fc8                SDLib::getNextPathComponent(char const*, unsigned int*, char*)
 *fill*         0x0000000000005012        0x2 
 .text._ZN5SDLib8walkPathEPKcR6SdFilePFbS3_S1_bPvES4_
                0x0000000000005014       0xa0 ./libraries/SD/src/SD.cpp.o
                0x0000000000005014                SDLib::walkPath(char const*, SdFile&, bool (*)(SdFile&, char const*, bool, void*), void*)
 .text._ZN5SDLib7SDClass5beginEh
                0x00000000000050b4       0x4a ./libraries/SD/src/SD.cpp.o
                0x00000000000050b4                SDLib::SDClass::begin(unsigned char)
 *fill*         0x00000000000050fe        0x2 
 .text._ZN6SdFileC2ERKS_
                0x0000000000005100       0x34 ./libraries/SD/src/SD.cpp.o
                0x0000000000005100                SdFile::SdFile(SdFile const&)
                0x0000000000005100                SdFile::SdFile(SdFile const&)
 .text._ZN5SDLib7SDClass12getParentDirEPKcPi
                0x0000000000005134       0xac ./libraries/SD/src/SD.cpp.o
                0x0000000000005134                SDLib::SDClass::getParentDir(char const*, int*)
 .text._ZN5SDLib7SDClass4openEPKch
                0x00000000000051e0       0x90 ./libraries/SD/src/SD.cpp.o
                0x00000000000051e0                SDLib::SDClass::open(char const*, unsigned char)
 .text._ZN5SDLib7SDClass6removeEPKc
                0x0000000000005270       0x18 ./libraries/SD/src/SD.cpp.o
                0x0000000000005270                SDLib::SDClass::remove(char const*)
 .text.startup._GLOBAL__sub_I__ZN5SDLib20getNextPathComponentEPKcPjPc
                0x0000000000005288       0x2c ./libraries/SD/src/SD.cpp.o
 .text._ZNKSt6vectorI4DataSaIS0_EE12_M_check_lenEjPKc.isra.18
                0x00000000000052b4       0x30 ./libraries/Quadtree/Quadtree.cpp.o
 .text._ZSt22__uninitialized_copy_aISt13move_iteratorIP4DataES2_S1_ET0_T_S5_S4_RSaIT1_E.isra.22
                0x00000000000052e4       0x3c ./libraries/Quadtree/Quadtree.cpp.o
 .text._ZNK8Boundary8containsERK5Point
                0x0000000000005320       0x64 ./libraries/Quadtree/Quadtree.cpp.o
                0x0000000000005320                Boundary::contains(Point const&) const
 .text._ZN8QuadtreeC2Ev
                0x0000000000005384       0x20 ./libraries/Quadtree/Quadtree.cpp.o
                0x0000000000005384                Quadtree::Quadtree()
                0x0000000000005384                Quadtree::Quadtree()
 .text._ZN8QuadtreeC2E8Boundary
                0x00000000000053a4       0x30 ./libraries/Quadtree/Quadtree.cpp.o
                0x00000000000053a4                Quadtree::Quadtree(Boundary)
                0x00000000000053a4                Quadtree::Quadtree(Boundary)
 .text._ZN8Quadtree9subdivideEv
                0x00000000000053d4       0xb8 ./libraries/Quadtree/Quadtree.cpp.o
                0x00000000000053d4                Quadtree::subdivide()
 .text._ZNSt6vectorI4DataSaIS0_EE9push_backERKS0_
                0x000000000000548c       0x7e ./libraries/Quadtree/Quadtree.cpp.o
                0x000000000000548c                std::vector<Data, std::allocator<Data> >::push_back(Data const&)
 *fill*         0x000000000000550a        0x2 
 .text._ZN8Quadtree6insertE4Data
                0x000000000000550c       0x80 ./libraries/Quadtree/Quadtree.cpp.o
                0x000000000000550c                Quadtree::insert(Data)
 .text._ZN8Quadtree6insertEfft
                0x000000000000558c       0x18 ./libraries/Quadtree/Quadtree.cpp.o
                0x000000000000558c                Quadtree::insert(float, float, unsigned short)
 .text._ZNSt12_Vector_baseI4DataSaIS0_EED2Ev
                0x00000000000055a4       0x12 ./libraries/Quadtree/Quadtree.cpp.o
                0x00000000000055a4                std::_Vector_base<Data, std::allocator<Data> >::~_Vector_base()
                0x00000000000055a4                std::_Vector_base<Data, std::allocator<Data> >::~_Vector_base()
 .text._ZN8QuadtreeD2Ev
                0x00000000000055b6       0x58 ./libraries/Quadtree/Quadtree.cpp.o
                0x00000000000055b6                Quadtree::~Quadtree()
                0x00000000000055b6                Quadtree::~Quadtree()
 .text._ZNSt6vectorI4DataSaIS0_EE14_M_move_assignEOS2_St17integral_constantIbLb1EE.isra.12
                0x000000000000560e       0x36 ./libraries/Quadtree/Quadtree.cpp.o
 .text._ZNSt11__copy_moveILb0ELb0ESt26random_access_iterator_tagE8__copy_mIP4DataS4_EET0_T_S6_S5_
                0x0000000000005644       0x3c ./libraries/Quadtree/Quadtree.cpp.o
                0x0000000000005644                Data* std::__copy_move<false, false, std::random_access_iterator_tag>::__copy_m<Data*, Data*>(Data*, Data*, Data*)
 .text._ZNSt6vectorI4DataSaIS0_EE15_M_range_insertIN9__gnu_cxx17__normal_iteratorIPS0_S2_EEEEvS7_T_S8_St20forward_iterator_tag
                0x0000000000005680      0x160 ./libraries/Quadtree/Quadtree.cpp.o
                0x0000000000005680                void std::vector<Data, std::allocator<Data> >::_M_range_insert<__gnu_cxx::__normal_iterator<Data*, std::vector<Data, std::allocator<Data> > > >(__gnu_cxx::__normal_iterator<Data*, std::vector<Data, std::allocator<Data> > >, __gnu_cxx::__normal_iterator<Data*, std::vector<Data, std::allocator<Data> > >, __gnu_cxx::__normal_iterator<Data*, std::vector<Data, std::allocator<Data> > >, std::forward_iterator_tag)
 .text._ZNK8Quadtree11query_rangeE8Boundary
                0x00000000000057e0      0x1a4 ./libraries/Quadtree/Quadtree.cpp.o
                0x00000000000057e0                Quadtree::query_range(Boundary) const
 .text._ZN8Quadtree14nearest_pointsEfff
                0x0000000000005984       0x20 ./libraries/Quadtree/Quadtree.cpp.o
                0x0000000000005984                Quadtree::nearest_points(float, float, float)
 .text._ZN11PersistenceC2Ev
                0x00000000000059a4       0x74 ./libraries/Persistence/Persistence.cpp.o
                0x00000000000059a4                Persistence::Persistence()
                0x00000000000059a4                Persistence::Persistence()
 .text._ZN11Persistence9writeFileE6StringS0_
                0x0000000000005a18       0x5c ./libraries/Persistence/Persistence.cpp.o
                0x0000000000005a18                Persistence::writeFile(String, String)
 .text._ZN11Persistence10removeFileE6String
                0x0000000000005a74       0x10 ./libraries/Persistence/Persistence.cpp.o
                0x0000000000005a74                Persistence::removeFile(String)
 .text._ZN11Persistence9truncFileE6String
                0x0000000000005a84       0x44 ./libraries/Persistence/Persistence.cpp.o
                0x0000000000005a84                Persistence::truncFile(String)
 .text._ZN11Persistence16loadDeviceConfigEv
                0x0000000000005ac8       0xac ./libraries/Persistence/Persistence.cpp.o
                0x0000000000005ac8                Persistence::loadDeviceConfig()
 .text._ZN11Persistence13loadNetConfigEv
                0x0000000000005b74       0xa0 ./libraries/Persistence/Persistence.cpp.o
                0x0000000000005b74                Persistence::loadNetConfig()
 .text._ZN11Persistence16loadServerConfigEv
                0x0000000000005c14       0xa0 ./libraries/Persistence/Persistence.cpp.o
                0x0000000000005c14                Persistence::loadServerConfig()
 .text._ZN11Persistence12loadJsonLineEv
                0x0000000000005cb4       0x54 ./libraries/Persistence/Persistence.cpp.o
                0x0000000000005cb4                Persistence::loadJsonLine()
 .text._ZN11Persistence8readFileE6String
                0x0000000000005d08       0x58 ./libraries/Persistence/Persistence.cpp.o
                0x0000000000005d08                Persistence::readFile(String)
 .text._ZN11ESP8266_XYZ17readSerialContentEi
                0x0000000000005d60       0x2c ./libraries/ESP8266_XYZ/ESP8266_XYZ.cpp.o
                0x0000000000005d60                ESP8266_XYZ::readSerialContent(int)
 .text._ZN11ESP8266_XYZ11find_serialEi6String
                0x0000000000005d8c       0x2c ./libraries/ESP8266_XYZ/ESP8266_XYZ.cpp.o
                0x0000000000005d8c                ESP8266_XYZ::find_serial(int, String)
 .text._ZN11ESP8266_XYZ7espTestEv
                0x0000000000005db8       0x34 ./libraries/ESP8266_XYZ/ESP8266_XYZ.cpp.o
                0x0000000000005db8                ESP8266_XYZ::espTest()
 .text._ZN11ESP8266_XYZ9connectAPEPK19__FlashStringHelperS2_
                0x0000000000005dec       0xa0 ./libraries/ESP8266_XYZ/ESP8266_XYZ.cpp.o
                0x0000000000005dec                ESP8266_XYZ::connectAP(__FlashStringHelper const*, __FlashStringHelper const*)
 .text._ZN11ESP8266_XYZ9softResetEv
                0x0000000000005e8c       0x34 ./libraries/ESP8266_XYZ/ESP8266_XYZ.cpp.o
                0x0000000000005e8c                ESP8266_XYZ::softReset()
 .text._ZN11ESP8266_XYZ13connectServerE6Stringi
                0x0000000000005ec0       0x5c ./libraries/ESP8266_XYZ/ESP8266_XYZ.cpp.o
                0x0000000000005ec0                ESP8266_XYZ::connectServer(String, int)
 .text._ZN11ESP8266_XYZ5printE6String
                0x0000000000005f1c       0x74 ./libraries/ESP8266_XYZ/ESP8266_XYZ.cpp.o
                0x0000000000005f1c                ESP8266_XYZ::print(String)
 .text._ZN11ESP8266_XYZ7printlnE6String
                0x0000000000005f90       0x2a ./libraries/ESP8266_XYZ/ESP8266_XYZ.cpp.o
                0x0000000000005f90                ESP8266_XYZ::println(String)
 *fill*         0x0000000000005fba        0x2 
 .text._ZN11ESP8266_XYZC2EP6Streami
                0x0000000000005fbc       0x34 ./libraries/ESP8266_XYZ/ESP8266_XYZ.cpp.o
                0x0000000000005fbc                ESP8266_XYZ::ESP8266_XYZ(Stream*, int)
                0x0000000000005fbc                ESP8266_XYZ::ESP8266_XYZ(Stream*, int)
 .text._ZN5Comms8checkSmsEv
                0x0000000000005ff0      0x1e8 ./libraries/Comms/Comms.cpp.o
                0x0000000000005ff0                Comms::checkSms()
 .text._ZN5Comms9rebootGpsEv
                0x00000000000061d8       0x24 ./libraries/Comms/Comms.cpp.o
                0x00000000000061d8                Comms::rebootGps()
 .text._ZN5Comms7getNmeaEP4Nmea
                0x00000000000061fc      0x324 ./libraries/Comms/Comms.cpp.o
                0x00000000000061fc                Comms::getNmea(Nmea*)
 .text._ZN5Comms13setFonaStatusEi
                0x0000000000006520       0xa8 ./libraries/Comms/Comms.cpp.o
                0x0000000000006520                Comms::setFonaStatus(int)
 .text._ZN5Comms9netStatusEv
                0x00000000000065c8       0x90 ./libraries/Comms/Comms.cpp.o
                0x00000000000065c8                Comms::netStatus()
 .text._ZN5CommsC2E11PersistencePFvvE
                0x0000000000006658       0xe0 ./libraries/Comms/Comms.cpp.o
                0x0000000000006658                Comms::Comms(Persistence, void (*)())
                0x0000000000006658                Comms::Comms(Persistence, void (*)())
 .text._ZN5Comms4postE6StringS0_
                0x0000000000006738      0x14c ./libraries/Comms/Comms.cpp.o
                0x0000000000006738                Comms::post(String, String)
 .text._ZN5Comms24uploadIfServiceAvailableEv
                0x0000000000006884       0x54 ./libraries/Comms/Comms.cpp.o
                0x0000000000006884                Comms::uploadIfServiceAvailable()
 .text._ZN5Comms11setGsmCountEh
                0x00000000000068d8        0x8 ./libraries/Comms/Comms.cpp.o
                0x00000000000068d8                Comms::setGsmCount(unsigned char)
 .text._ZN5Comms11getGsmCountEv
                0x00000000000068e0        0x8 ./libraries/Comms/Comms.cpp.o
                0x00000000000068e0                Comms::getGsmCount()
 .text._ZN5Comms13resetGsmCountEv
                0x00000000000068e8        0xe ./libraries/Comms/Comms.cpp.o
                0x00000000000068e8                Comms::resetGsmCount()
 .text._ZN13Adafruit_FONA9availableEv
                0x00000000000068f6        0xe ./libraries/Adafruit_FONA/Adafruit_FONA.cpp.o
                0x00000000000068f6                Adafruit_FONA::available()
 .text._ZN13Adafruit_FONA5writeEh
                0x0000000000006904        0xe ./libraries/Adafruit_FONA/Adafruit_FONA.cpp.o
                0x0000000000006904                Adafruit_FONA::write(unsigned char)
 .text._ZN13Adafruit_FONA4readEv
                0x0000000000006912        0xe ./libraries/Adafruit_FONA/Adafruit_FONA.cpp.o
                0x0000000000006912                Adafruit_FONA::read()
 .text._ZN13Adafruit_FONA4peekEv
                0x0000000000006920        0xe ./libraries/Adafruit_FONA/Adafruit_FONA.cpp.o
                0x0000000000006920                Adafruit_FONA::peek()
 .text._ZN13Adafruit_FONA5flushEv
                0x000000000000692e        0xe ./libraries/Adafruit_FONA/Adafruit_FONA.cpp.o
                0x000000000000692e                Adafruit_FONA::flush()
 .text._ZL13strtok_singlePcPKc.constprop.6
                0x000000000000693c       0x3c ./libraries/Adafruit_FONA/Adafruit_FONA.cpp.o
 .text._ZN13Adafruit_FONAC2Ea
                0x0000000000006978       0x40 ./libraries/Adafruit_FONA/Adafruit_FONA.cpp.o
                0x0000000000006978                Adafruit_FONA::Adafruit_FONA(signed char)
                0x0000000000006978                Adafruit_FONA::Adafruit_FONA(signed char)
 .text._ZN13Adafruit_FONA22setGPRSNetworkSettingsEPK19__FlashStringHelperS2_S2_
                0x00000000000069b8        0xa ./libraries/Adafruit_FONA/Adafruit_FONA.cpp.o
                0x00000000000069b8                Adafruit_FONA::setGPRSNetworkSettings(__FlashStringHelper const*, __FlashStringHelper const*, __FlashStringHelper const*)
 .text._ZN13Adafruit_FONA10flushInputEv
                0x00000000000069c2       0x32 ./libraries/Adafruit_FONA/Adafruit_FONA.cpp.o
                0x00000000000069c2                Adafruit_FONA::flushInput()
 .text._ZN13Adafruit_FONA15HTTP_para_startEPK19__FlashStringHelperb
                0x00000000000069f4       0x3c ./libraries/Adafruit_FONA/Adafruit_FONA.cpp.o
                0x00000000000069f4                Adafruit_FONA::HTTP_para_start(__FlashStringHelper const*, bool)
 .text._ZN13Adafruit_FONA7readRawEt
                0x0000000000006a30       0x5a ./libraries/Adafruit_FONA/Adafruit_FONA.cpp.o
                0x0000000000006a30                Adafruit_FONA::readRaw(unsigned short)
 .text._ZN13Adafruit_FONA8readlineEtb
                0x0000000000006a8a       0x64 ./libraries/Adafruit_FONA/Adafruit_FONA.cpp.o
                0x0000000000006a8a                Adafruit_FONA::readline(unsigned short, bool)
 .text._ZN13Adafruit_FONA11expectReplyEPK19__FlashStringHelpert
                0x0000000000006aee       0x20 ./libraries/Adafruit_FONA/Adafruit_FONA.cpp.o
                0x0000000000006aee                Adafruit_FONA::expectReply(__FlashStringHelper const*, unsigned short)
 *fill*         0x0000000000006b0e        0x2 
 .text._ZN13Adafruit_FONA13HTTP_para_endEb
                0x0000000000006b10       0x2c ./libraries/Adafruit_FONA/Adafruit_FONA.cpp.o
                0x0000000000006b10                Adafruit_FONA::HTTP_para_end(bool)
 .text._ZN13Adafruit_FONA9HTTP_paraEPK19__FlashStringHelperPKc
                0x0000000000006b3c       0x22 ./libraries/Adafruit_FONA/Adafruit_FONA.cpp.o
                0x0000000000006b3c                Adafruit_FONA::HTTP_para(__FlashStringHelper const*, char const*)
 .text._ZN13Adafruit_FONA9HTTP_paraEPK19__FlashStringHelperS2_
                0x0000000000006b5e       0x22 ./libraries/Adafruit_FONA/Adafruit_FONA.cpp.o
                0x0000000000006b5e                Adafruit_FONA::HTTP_para(__FlashStringHelper const*, __FlashStringHelper const*)
 .text._ZN13Adafruit_FONA9HTTP_paraEPK19__FlashStringHelperl
                0x0000000000006b80       0x24 ./libraries/Adafruit_FONA/Adafruit_FONA.cpp.o
                0x0000000000006b80                Adafruit_FONA::HTTP_para(__FlashStringHelper const*, long)
 .text._ZN13Adafruit_FONA9HTTP_dataEmm
                0x0000000000006ba4       0x50 ./libraries/Adafruit_FONA/Adafruit_FONA.cpp.o
                0x0000000000006ba4                Adafruit_FONA::HTTP_data(unsigned long, unsigned long)
 .text._ZN13Adafruit_FONA8getReplyEPct
                0x0000000000006bf4       0x24 ./libraries/Adafruit_FONA/Adafruit_FONA.cpp.o
                0x0000000000006bf4                Adafruit_FONA::getReply(char*, unsigned short)
 .text._ZN13Adafruit_FONA8getReplyEPK19__FlashStringHelpert
                0x0000000000006c18       0x24 ./libraries/Adafruit_FONA/Adafruit_FONA.cpp.o
                0x0000000000006c18                Adafruit_FONA::getReply(__FlashStringHelper const*, unsigned short)
 .text._ZN13Adafruit_FONA9GPSstatusEv
                0x0000000000006c3c       0xc4 ./libraries/Adafruit_FONA/Adafruit_FONA.cpp.o
                0x0000000000006c3c                Adafruit_FONA::GPSstatus()
 .text._ZN13Adafruit_FONA8getReplyEPK19__FlashStringHelperlt
                0x0000000000006d00       0x30 ./libraries/Adafruit_FONA/Adafruit_FONA.cpp.o
                0x0000000000006d00                Adafruit_FONA::getReply(__FlashStringHelper const*, long, unsigned short)
 .text._ZN13Adafruit_FONA6getGPSEhPch
                0x0000000000006d30       0x84 ./libraries/Adafruit_FONA/Adafruit_FONA.cpp.o
                0x0000000000006d30                Adafruit_FONA::getGPS(unsigned char, char*, unsigned char)
 .text._ZN13Adafruit_FONA6getGPSEPdPfS1_S1_S1_S1_PbS2_PhS1_S1_S1_S3_S3_S1_S1_
                0x0000000000006db4      0x12e ./libraries/Adafruit_FONA/Adafruit_FONA.cpp.o
                0x0000000000006db4                Adafruit_FONA::getGPS(double*, float*, float*, float*, float*, float*, bool*, bool*, unsigned char*, float*, float*, float*, unsigned char*, unsigned char*, float*, float*)
 .text._ZN13Adafruit_FONA14getReplyQuotedEPK19__FlashStringHelperS2_t
                0x0000000000006ee2       0x3e ./libraries/Adafruit_FONA/Adafruit_FONA.cpp.o
                0x0000000000006ee2                Adafruit_FONA::getReplyQuoted(__FlashStringHelper const*, __FlashStringHelper const*, unsigned short)
 .text._ZN13Adafruit_FONA14sendCheckReplyEPK19__FlashStringHelperS2_t
                0x0000000000006f20       0x26 ./libraries/Adafruit_FONA/Adafruit_FONA.cpp.o
                0x0000000000006f20                Adafruit_FONA::sendCheckReply(__FlashStringHelper const*, __FlashStringHelper const*, unsigned short)
 *fill*         0x0000000000006f46        0x2 
 .text._ZN13Adafruit_FONA5beginER6Stream
                0x0000000000006f48      0x1e4 ./libraries/Adafruit_FONA/Adafruit_FONA.cpp.o
                0x0000000000006f48                Adafruit_FONA::begin(Stream&)
 .text._ZN13Adafruit_FONA9HTTP_initEv
                0x000000000000712c       0x18 ./libraries/Adafruit_FONA/Adafruit_FONA.cpp.o
                0x000000000000712c                Adafruit_FONA::HTTP_init()
 .text._ZN13Adafruit_FONA9HTTP_termEv
                0x0000000000007144       0x18 ./libraries/Adafruit_FONA/Adafruit_FONA.cpp.o
                0x0000000000007144                Adafruit_FONA::HTTP_term()
 .text._ZN13Adafruit_FONA13HTTP_POST_endEv
                0x000000000000715c        0x8 ./libraries/Adafruit_FONA/Adafruit_FONA.cpp.o
                0x000000000000715c                Adafruit_FONA::HTTP_POST_end()
 .text._ZN13Adafruit_FONA14sendCheckReplyEPcPK19__FlashStringHelpert
                0x0000000000007164       0x26 ./libraries/Adafruit_FONA/Adafruit_FONA.cpp.o
                0x0000000000007164                Adafruit_FONA::sendCheckReply(char*, __FlashStringHelper const*, unsigned short)
 *fill*         0x000000000000718a        0x2 
 .text._ZN13Adafruit_FONA7sendSMSEPcS0_
                0x000000000000718c       0xe8 ./libraries/Adafruit_FONA/Adafruit_FONA.cpp.o
                0x000000000000718c                Adafruit_FONA::sendSMS(char*, char*)
 .text._ZN13Adafruit_FONA9deleteSMSEh
                0x0000000000007274       0x70 ./libraries/Adafruit_FONA/Adafruit_FONA.cpp.o
                0x0000000000007274                Adafruit_FONA::deleteSMS(unsigned char)
 .text._ZN13Adafruit_FONA14sendCheckReplyEPK19__FlashStringHelperlS2_t
                0x00000000000072e4       0x20 ./libraries/Adafruit_FONA/Adafruit_FONA.cpp.o
                0x00000000000072e4                Adafruit_FONA::sendCheckReply(__FlashStringHelper const*, long, __FlashStringHelper const*, unsigned short)
 .text._ZN13Adafruit_FONA8HTTP_sslEb
                0x0000000000007304       0x1c ./libraries/Adafruit_FONA/Adafruit_FONA.cpp.o
                0x0000000000007304                Adafruit_FONA::HTTP_ssl(bool)
 .text._ZN13Adafruit_FONA10HTTP_setupEPc
                0x0000000000007320       0x78 ./libraries/Adafruit_FONA/Adafruit_FONA.cpp.o
                0x0000000000007320                Adafruit_FONA::HTTP_setup(char*)
 .text._ZN13Adafruit_FONA20sendCheckReplyQuotedEPK19__FlashStringHelperS2_S2_t
                0x0000000000007398       0x20 ./libraries/Adafruit_FONA/Adafruit_FONA.cpp.o
                0x0000000000007398                Adafruit_FONA::sendCheckReplyQuoted(__FlashStringHelper const*, __FlashStringHelper const*, __FlashStringHelper const*, unsigned short)
 .text._ZN13Adafruit_FONA10enableGPRSEb
                0x00000000000073b8      0x168 ./libraries/Adafruit_FONA/Adafruit_FONA.cpp.o
                0x00000000000073b8                Adafruit_FONA::enableGPRS(bool)
 .text._ZN13Adafruit_FONA10parseReplyEPK19__FlashStringHelperPtch
                0x0000000000007520       0x44 ./libraries/Adafruit_FONA/Adafruit_FONA.cpp.o
                0x0000000000007520                Adafruit_FONA::parseReply(__FlashStringHelper const*, unsigned short*, char, unsigned char)
 .text._ZN13Adafruit_FONA7readSMSEhPctPt
                0x0000000000007564       0xc0 ./libraries/Adafruit_FONA/Adafruit_FONA.cpp.o
                0x0000000000007564                Adafruit_FONA::readSMS(unsigned char, char*, unsigned short, unsigned short*)
 .text._ZN13Adafruit_FONA11HTTP_actionEhPtS0_l
                0x0000000000007624       0x64 ./libraries/Adafruit_FONA/Adafruit_FONA.cpp.o
                0x0000000000007624                Adafruit_FONA::HTTP_action(unsigned char, unsigned short*, unsigned short*, long)
 .text._ZN13Adafruit_FONA12HTTP_readallEPt
                0x0000000000007688       0x2c ./libraries/Adafruit_FONA/Adafruit_FONA.cpp.o
                0x0000000000007688                Adafruit_FONA::HTTP_readall(unsigned short*)
 .text._ZN13Adafruit_FONA15HTTP_POST_startEPcPK19__FlashStringHelperPKhtPtS6_
                0x00000000000076b4       0x7c ./libraries/Adafruit_FONA/Adafruit_FONA.cpp.o
                0x00000000000076b4                Adafruit_FONA::HTTP_POST_start(char*, __FlashStringHelper const*, unsigned char const*, unsigned short, unsigned short*, unsigned short*)
 .text._ZN13Adafruit_FONA16parseReplyQuotedEPK19__FlashStringHelperPcich
                0x0000000000007730       0x74 ./libraries/Adafruit_FONA/Adafruit_FONA.cpp.o
                0x0000000000007730                Adafruit_FONA::parseReplyQuoted(__FlashStringHelper const*, char*, int, char, unsigned char)
 .text._ZN13Adafruit_FONA12getSMSSenderEhPci
                0x00000000000077a4       0x88 ./libraries/Adafruit_FONA/Adafruit_FONA.cpp.o
                0x00000000000077a4                Adafruit_FONA::getSMSSender(unsigned char, char*, int)
 .text._ZN13Adafruit_FONA14sendParseReplyEPK19__FlashStringHelperS2_Ptch
                0x000000000000782c       0x40 ./libraries/Adafruit_FONA/Adafruit_FONA.cpp.o
                0x000000000000782c                Adafruit_FONA::sendParseReply(__FlashStringHelper const*, __FlashStringHelper const*, unsigned short*, char, unsigned char)
 .text._ZN13Adafruit_FONA7getRSSIEv
                0x000000000000786c       0x30 ./libraries/Adafruit_FONA/Adafruit_FONA.cpp.o
                0x000000000000786c                Adafruit_FONA::getRSSI()
 .text._ZN13Adafruit_FONA9getNumSMSEv
                0x000000000000789c       0x68 ./libraries/Adafruit_FONA/Adafruit_FONA.cpp.o
                0x000000000000789c                Adafruit_FONA::getNumSMS()
 .text._ZN13Adafruit_FONA9enableGPSEb
                0x0000000000007904       0xa4 ./libraries/Adafruit_FONA/Adafruit_FONA.cpp.o
                0x0000000000007904                Adafruit_FONA::enableGPS(bool)
 .text.SERCOM0_Handler
                0x00000000000079a8       0x10 /home/sergio/Documentos/sloeber-workspace/Remora/Release/arduino.ar(variant.cpp.o)
                0x00000000000079a8                SERCOM0_Handler
 .text.SERCOM5_Handler
                0x00000000000079b8       0x10 /home/sergio/Documentos/sloeber-workspace/Remora/Release/arduino.ar(variant.cpp.o)
                0x00000000000079b8                SERCOM5_Handler
 .text.startup._GLOBAL__sub_I_g_APinDescription
                0x00000000000079c8       0x94 /home/sergio/Documentos/sloeber-workspace/Remora/Release/arduino.ar(variant.cpp.o)
 .text._ZN7Serial_17availableForWriteEv
                0x0000000000007a5c        0x4 /home/sergio/Documentos/sloeber-workspace/Remora/Release/arduino.ar(CDC.cpp.o)
                0x0000000000007a5c                Serial_::availableForWrite()
 .text._ZN7Serial_5writeEh
                0x0000000000007a60       0x14 /home/sergio/Documentos/sloeber-workspace/Remora/Release/arduino.ar(CDC.cpp.o)
                0x0000000000007a60                Serial_::write(unsigned char)
 .text._ZN7Serial_9availableEv
                0x0000000000007a74        0xc /home/sergio/Documentos/sloeber-workspace/Remora/Release/arduino.ar(CDC.cpp.o)
                0x0000000000007a74                Serial_::available()
 .text._ZN7Serial_5flushEv
                0x0000000000007a80        0xc /home/sergio/Documentos/sloeber-workspace/Remora/Release/arduino.ar(CDC.cpp.o)
                0x0000000000007a80                Serial_::flush()
 .text._ZN7Serial_5writeEPKhj
                0x0000000000007a8c       0x1c /home/sergio/Documentos/sloeber-workspace/Remora/Release/arduino.ar(CDC.cpp.o)
                0x0000000000007a8c                Serial_::write(unsigned char const*, unsigned int)
 .text._ZN7Serial_4peekEv
                0x0000000000007aa8       0x1c /home/sergio/Documentos/sloeber-workspace/Remora/Release/arduino.ar(CDC.cpp.o)
                0x0000000000007aa8                Serial_::peek()
 .text._ZN7Serial_4readEv
                0x0000000000007ac4       0x24 /home/sergio/Documentos/sloeber-workspace/Remora/Release/arduino.ar(CDC.cpp.o)
                0x0000000000007ac4                Serial_::read()
 .text._Z16CDC_GetInterfacePh
                0x0000000000007ae8       0x1c /home/sergio/Documentos/sloeber-workspace/Remora/Release/arduino.ar(CDC.cpp.o)
                0x0000000000007ae8                CDC_GetInterface(unsigned char*)
 .text._Z9CDC_SetupR8USBSetup
                0x0000000000007b04       0x80 /home/sergio/Documentos/sloeber-workspace/Remora/Release/arduino.ar(CDC.cpp.o)
                0x0000000000007b04                CDC_Setup(USBSetup&)
 .text._ZN7Serial_5beginEm
                0x0000000000007b84        0x2 /home/sergio/Documentos/sloeber-workspace/Remora/Release/arduino.ar(CDC.cpp.o)
                0x0000000000007b84                Serial_::begin(unsigned long)
 *fill*         0x0000000000007b86        0x2 
 .text._ZN7Serial_cvbEv
                0x0000000000007b88       0x28 /home/sergio/Documentos/sloeber-workspace/Remora/Release/arduino.ar(CDC.cpp.o)
                0x0000000000007b88                Serial_::operator bool()
 .text.startup._GLOBAL__sub_I__Z17_CDC_GetInterfacev
                0x0000000000007bb0       0x28 /home/sergio/Documentos/sloeber-workspace/Remora/Release/arduino.ar(CDC.cpp.o)
 .text._ZN14USBDeviceClass6initEPEmm.part.4
                0x0000000000007bd8       0x80 /home/sergio/Documentos/sloeber-workspace/Remora/Release/arduino.ar(USBCore.cpp.o)
 .text._ZN20USBDevice_SAMD21G18x5resetEv
                0x0000000000007c58       0x28 /home/sergio/Documentos/sloeber-workspace/Remora/Release/arduino.ar(USBCore.cpp.o)
                0x0000000000007c58                USBDevice_SAMD21G18x::reset()
 .text._ZN20USBDevice_SAMD21G18x9calibrateEv
                0x0000000000007c80       0x5c /home/sergio/Documentos/sloeber-workspace/Remora/Release/arduino.ar(USBCore.cpp.o)
                0x0000000000007c80                USBDevice_SAMD21G18x::calibrate()
 .text._ZN7__GuardC2Ev
                0x0000000000007cdc        0xe /home/sergio/Documentos/sloeber-workspace/Remora/Release/arduino.ar(USBCore.cpp.o)
                0x0000000000007cdc                __Guard::__Guard()
                0x0000000000007cdc                __Guard::__Guard()
 .text._ZN7__GuardD2Ev
                0x0000000000007cea        0xe /home/sergio/Documentos/sloeber-workspace/Remora/Release/arduino.ar(USBCore.cpp.o)
                0x0000000000007cea                __Guard::~__Guard()
                0x0000000000007cea                __Guard::~__Guard()
 .text._ZNK26DoubleBufferedEPOutHandler9availableEv
                0x0000000000007cf8       0x5e /home/sergio/Documentos/sloeber-workspace/Remora/Release/arduino.ar(USBCore.cpp.o)
                0x0000000000007cf8                DoubleBufferedEPOutHandler::available() const
 *fill*         0x0000000000007d56        0x2 
 .text._ZN26DoubleBufferedEPOutHandler7releaseEv
                0x0000000000007d58       0x58 /home/sergio/Documentos/sloeber-workspace/Remora/Release/arduino.ar(USBCore.cpp.o)
                0x0000000000007d58                DoubleBufferedEPOutHandler::release()
 .text._ZN26DoubleBufferedEPOutHandler4recvEPvm
                0x0000000000007db0      0x11c /home/sergio/Documentos/sloeber-workspace/Remora/Release/arduino.ar(USBCore.cpp.o)
                0x0000000000007db0                DoubleBufferedEPOutHandler::recv(void*, unsigned long)
 .text._ZN26DoubleBufferedEPOutHandler14handleEndpointEv
                0x0000000000007ecc       0xc4 /home/sergio/Documentos/sloeber-workspace/Remora/Release/arduino.ar(USBCore.cpp.o)
                0x0000000000007ecc                DoubleBufferedEPOutHandler::handleEndpoint()
 .text._ZN14USBDeviceClass14SendInterfacesEPm
                0x0000000000007f90       0x2c /home/sergio/Documentos/sloeber-workspace/Remora/Release/arduino.ar(USBCore.cpp.o)
                0x0000000000007f90                USBDeviceClass::SendInterfaces(unsigned long*)
 .text._ZN14USBDeviceClass14handleEndpointEh
                0x0000000000007fbc       0x40 /home/sergio/Documentos/sloeber-workspace/Remora/Release/arduino.ar(USBCore.cpp.o)
                0x0000000000007fbc                USBDeviceClass::handleEndpoint(unsigned char)
 .text._ZN14USBDeviceClass4initEv
                0x0000000000007ffc       0xf0 /home/sergio/Documentos/sloeber-workspace/Remora/Release/arduino.ar(USBCore.cpp.o)
                0x0000000000007ffc                USBDeviceClass::init()
 .text._ZN14USBDeviceClass6attachEv
                0x00000000000080ec       0x34 /home/sergio/Documentos/sloeber-workspace/Remora/Release/arduino.ar(USBCore.cpp.o)
                0x00000000000080ec                USBDeviceClass::attach()
 .text._ZN14USBDeviceClass10setAddressEm
                0x0000000000008120       0x48 /home/sergio/Documentos/sloeber-workspace/Remora/Release/arduino.ar(USBCore.cpp.o)
                0x0000000000008120                USBDeviceClass::setAddress(unsigned long)
 .text._ZN14USBDeviceClass25handleClassInterfaceSetupER8USBSetup
                0x0000000000008168       0x40 /home/sergio/Documentos/sloeber-workspace/Remora/Release/arduino.ar(USBCore.cpp.o)
                0x0000000000008168                USBDeviceClass::handleClassInterfaceSetup(USBSetup&)
 .text._ZN14USBDeviceClass6initEPEmm
                0x00000000000081a8      0x128 /home/sergio/Documentos/sloeber-workspace/Remora/Release/arduino.ar(USBCore.cpp.o)
                0x00000000000081a8                USBDeviceClass::initEP(unsigned long, unsigned long)
 .text._ZN14USBDeviceClass13initEndpointsEv
                0x00000000000082d0       0x24 /home/sergio/Documentos/sloeber-workspace/Remora/Release/arduino.ar(USBCore.cpp.o)
                0x00000000000082d0                USBDeviceClass::initEndpoints()
 .text._ZN14USBDeviceClass9availableEm
                0x00000000000082f4       0x2c /home/sergio/Documentos/sloeber-workspace/Remora/Release/arduino.ar(USBCore.cpp.o)
                0x00000000000082f4                USBDeviceClass::available(unsigned long)
 .text._ZN14USBDeviceClass5flushEm
                0x0000000000008320       0x2c /home/sergio/Documentos/sloeber-workspace/Remora/Release/arduino.ar(USBCore.cpp.o)
                0x0000000000008320                USBDeviceClass::flush(unsigned long)
 .text._ZN14USBDeviceClass14armRecvCtrlOUTEm
                0x000000000000834c       0x60 /home/sergio/Documentos/sloeber-workspace/Remora/Release/arduino.ar(USBCore.cpp.o)
                0x000000000000834c                USBDeviceClass::armRecvCtrlOUT(unsigned long)
 .text._ZN14USBDeviceClass11recvControlEPvm
                0x00000000000083ac       0x3c /home/sergio/Documentos/sloeber-workspace/Remora/Release/arduino.ar(USBCore.cpp.o)
                0x00000000000083ac                USBDeviceClass::recvControl(void*, unsigned long)
 .text._ZN14USBDeviceClass7armRecvEm
                0x00000000000083e8       0x3c /home/sergio/Documentos/sloeber-workspace/Remora/Release/arduino.ar(USBCore.cpp.o)
                0x00000000000083e8                USBDeviceClass::armRecv(unsigned long)
 .text._ZN14USBDeviceClass4recvEmPvm
                0x0000000000008424       0xd8 /home/sergio/Documentos/sloeber-workspace/Remora/Release/arduino.ar(USBCore.cpp.o)
                0x0000000000008424                USBDeviceClass::recv(unsigned long, void*, unsigned long)
 .text._ZN14USBDeviceClass4recvEm
                0x00000000000084fc       0x1c /home/sergio/Documentos/sloeber-workspace/Remora/Release/arduino.ar(USBCore.cpp.o)
                0x00000000000084fc                USBDeviceClass::recv(unsigned long)
 .text._ZN14USBDeviceClass4sendEmPKvm
                0x0000000000008518      0x124 /home/sergio/Documentos/sloeber-workspace/Remora/Release/arduino.ar(USBCore.cpp.o)
                0x0000000000008518                USBDeviceClass::send(unsigned long, void const*, unsigned long)
 .text._ZN14USBDeviceClass7armSendEmPKvm
                0x000000000000863c       0x48 /home/sergio/Documentos/sloeber-workspace/Remora/Release/arduino.ar(USBCore.cpp.o)
                0x000000000000863c                USBDeviceClass::armSend(unsigned long, void const*, unsigned long)
 .text._ZN14USBDeviceClass11sendControlEPKvm
                0x0000000000008684       0x58 /home/sergio/Documentos/sloeber-workspace/Remora/Release/arduino.ar(USBCore.cpp.o)
                0x0000000000008684                USBDeviceClass::sendControl(void const*, unsigned long)
 .text._ZN14USBDeviceClass20sendStringDescriptorEPKhh
                0x00000000000086dc       0x68 /home/sergio/Documentos/sloeber-workspace/Remora/Release/arduino.ar(USBCore.cpp.o)
                0x00000000000086dc                USBDeviceClass::sendStringDescriptor(unsigned char const*, unsigned char)
 .text._ZN14USBDeviceClass12packMessagesEb.part.6
                0x0000000000008744       0x20 /home/sergio/Documentos/sloeber-workspace/Remora/Release/arduino.ar(USBCore.cpp.o)
 .text._ZN14USBDeviceClass17sendConfigurationEm
                0x0000000000008764       0x90 /home/sergio/Documentos/sloeber-workspace/Remora/Release/arduino.ar(USBCore.cpp.o)
                0x0000000000008764                USBDeviceClass::sendConfiguration(unsigned long)
 .text._ZN14USBDeviceClass14sendDescriptorER8USBSetup
                0x00000000000087f4       0xb4 /home/sergio/Documentos/sloeber-workspace/Remora/Release/arduino.ar(USBCore.cpp.o)
                0x00000000000087f4                USBDeviceClass::sendDescriptor(USBSetup&)
 .text._ZN14USBDeviceClass19handleStandardSetupER8USBSetup
                0x00000000000088a8      0x118 /home/sergio/Documentos/sloeber-workspace/Remora/Release/arduino.ar(USBCore.cpp.o)
                0x00000000000088a8                USBDeviceClass::handleStandardSetup(USBSetup&)
 .text._ZN14USBDeviceClass10ISRHandlerEv
                0x00000000000089c0      0x150 /home/sergio/Documentos/sloeber-workspace/Remora/Release/arduino.ar(USBCore.cpp.o)
                0x00000000000089c0                USBDeviceClass::ISRHandler()
 .text.UDD_Handler
                0x0000000000008b10       0x10 /home/sergio/Documentos/sloeber-workspace/Remora/Release/arduino.ar(USBCore.cpp.o)
                0x0000000000008b10                UDD_Handler
 .text.startup._GLOBAL__sub_I__ZN20USBDevice_SAMD21G18x5resetEv
                0x0000000000008b20       0x10 /home/sergio/Documentos/sloeber-workspace/Remora/Release/arduino.ar(USBCore.cpp.o)
 .text._ZN5Print5writeEPKhj
                0x0000000000008b30       0x28 /home/sergio/Documentos/sloeber-workspace/Remora/Release/arduino.ar(Print.cpp.o)
                0x0000000000008b30                Print::write(unsigned char const*, unsigned int)
 .text._ZN5Print5printEmi.part.3
                0x0000000000008b58        0xc /home/sergio/Documentos/sloeber-workspace/Remora/Release/arduino.ar(Print.cpp.o)
 .text._ZN5Print5writeEPKc
                0x0000000000008b64       0x1c /home/sergio/Documentos/sloeber-workspace/Remora/Release/arduino.ar(Print.cpp.o)
                0x0000000000008b64                Print::write(char const*)
 .text._ZN5Print5printEPK19__FlashStringHelper
                0x0000000000008b80        0x8 /home/sergio/Documentos/sloeber-workspace/Remora/Release/arduino.ar(Print.cpp.o)
                0x0000000000008b80                Print::print(__FlashStringHelper const*)
 .text._ZN5Print5printERK6String
                0x0000000000008b88       0x10 /home/sergio/Documentos/sloeber-workspace/Remora/Release/arduino.ar(Print.cpp.o)
                0x0000000000008b88                Print::print(String const&)
 .text._ZN5Print5printEPKc
                0x0000000000008b98        0x8 /home/sergio/Documentos/sloeber-workspace/Remora/Release/arduino.ar(Print.cpp.o)
                0x0000000000008b98                Print::print(char const*)
 .text._ZN5Print5printEc
                0x0000000000008ba0        0xa /home/sergio/Documentos/sloeber-workspace/Remora/Release/arduino.ar(Print.cpp.o)
                0x0000000000008ba0                Print::print(char)
 *fill*         0x0000000000008baa        0x2 
 .text._ZN5Print7printlnEv
                0x0000000000008bac       0x10 /home/sergio/Documentos/sloeber-workspace/Remora/Release/arduino.ar(Print.cpp.o)
                0x0000000000008bac                Print::println()
 .text._ZN5Print7printlnEPK19__FlashStringHelper
                0x0000000000008bbc       0x14 /home/sergio/Documentos/sloeber-workspace/Remora/Release/arduino.ar(Print.cpp.o)
                0x0000000000008bbc                Print::println(__FlashStringHelper const*)
 .text._ZN5Print7printlnERK6String
                0x0000000000008bd0       0x14 /home/sergio/Documentos/sloeber-workspace/Remora/Release/arduino.ar(Print.cpp.o)
                0x0000000000008bd0                Print::println(String const&)
 .text._ZN5Print7printlnEPKc
                0x0000000000008be4       0x14 /home/sergio/Documentos/sloeber-workspace/Remora/Release/arduino.ar(Print.cpp.o)
                0x0000000000008be4                Print::println(char const*)
 .text._ZN5Print7printlnEc
                0x0000000000008bf8       0x14 /home/sergio/Documentos/sloeber-workspace/Remora/Release/arduino.ar(Print.cpp.o)
                0x0000000000008bf8                Print::println(char)
 .text._ZN5Print11printNumberEmh
                0x0000000000008c0c       0x4e /home/sergio/Documentos/sloeber-workspace/Remora/Release/arduino.ar(Print.cpp.o)
                0x0000000000008c0c                Print::printNumber(unsigned long, unsigned char)
 .text._ZN5Print5printEli
                0x0000000000008c5a       0x3c /home/sergio/Documentos/sloeber-workspace/Remora/Release/arduino.ar(Print.cpp.o)
                0x0000000000008c5a                Print::print(long, int)
 .text._ZN5Print7printlnEii
                0x0000000000008c96       0x14 /home/sergio/Documentos/sloeber-workspace/Remora/Release/arduino.ar(Print.cpp.o)
                0x0000000000008c96                Print::println(int, int)
 .text._ZN5Print7printlnEli
                0x0000000000008caa       0x14 /home/sergio/Documentos/sloeber-workspace/Remora/Release/arduino.ar(Print.cpp.o)
                0x0000000000008caa                Print::println(long, int)
 .text._ZN5Print5printEmi
                0x0000000000008cbe       0x14 /home/sergio/Documentos/sloeber-workspace/Remora/Release/arduino.ar(Print.cpp.o)
                0x0000000000008cbe                Print::print(unsigned long, int)
 .text._ZN5Print7printlnEhi
                0x0000000000008cd2       0x14 /home/sergio/Documentos/sloeber-workspace/Remora/Release/arduino.ar(Print.cpp.o)
                0x0000000000008cd2                Print::println(unsigned char, int)
 .text._ZN5Print7printlnEji
                0x0000000000008ce6       0x14 /home/sergio/Documentos/sloeber-workspace/Remora/Release/arduino.ar(Print.cpp.o)
                0x0000000000008ce6                Print::println(unsigned int, int)
 .text._ZN5Print7printlnEmi
                0x0000000000008cfa       0x14 /home/sergio/Documentos/sloeber-workspace/Remora/Release/arduino.ar(Print.cpp.o)
                0x0000000000008cfa                Print::println(unsigned long, int)
 *fill*         0x0000000000008d0e        0x2 
 .text._ZN5Print10printFloatEdh
                0x0000000000008d10      0x170 /home/sergio/Documentos/sloeber-workspace/Remora/Release/arduino.ar(Print.cpp.o)
                0x0000000000008d10                Print::printFloat(double, unsigned char)
 .text._ZN5Print5printEdi
                0x0000000000008e80        0xe /home/sergio/Documentos/sloeber-workspace/Remora/Release/arduino.ar(Print.cpp.o)
                0x0000000000008e80                Print::print(double, int)
 *fill*         0x0000000000008e8e        0x2 
 .text.initiateReset
                0x0000000000008e90        0xc /home/sergio/Documentos/sloeber-workspace/Remora/Release/arduino.ar(Reset.cpp.o)
                0x0000000000008e90                initiateReset
 .text.cancelReset
                0x0000000000008e9c       0x10 /home/sergio/Documentos/sloeber-workspace/Remora/Release/arduino.ar(Reset.cpp.o)
                0x0000000000008e9c                cancelReset
 .text.tickReset
                0x0000000000008eac       0x74 /home/sergio/Documentos/sloeber-workspace/Remora/Release/arduino.ar(Reset.cpp.o)
                0x0000000000008eac                tickReset
 .text._ZN6SERCOMC2EP6Sercom
                0x0000000000008f20        0x4 /home/sergio/Documentos/sloeber-workspace/Remora/Release/arduino.ar(SERCOM.cpp.o)
                0x0000000000008f20                SERCOM::SERCOM(Sercom*)
                0x0000000000008f20                SERCOM::SERCOM(Sercom*)
 .text._ZN6SERCOM9initFrameE18SercomUartCharSize15SercomDataOrder16SercomParityMode19SercomNumberStopBit
                0x0000000000008f24       0x38 /home/sergio/Documentos/sloeber-workspace/Remora/Release/arduino.ar(SERCOM.cpp.o)
                0x0000000000008f24                SERCOM::initFrame(SercomUartCharSize, SercomDataOrder, SercomParityMode, SercomNumberStopBit)
 .text._ZN6SERCOM8initPadsE15SercomUartTXPad11SercomRXPad
                0x0000000000008f5c       0x26 /home/sergio/Documentos/sloeber-workspace/Remora/Release/arduino.ar(SERCOM.cpp.o)
                0x0000000000008f5c                SERCOM::initPads(SercomUartTXPad, SercomRXPad)
 .text._ZN6SERCOM9resetUARTEv
                0x0000000000008f82       0x1c /home/sergio/Documentos/sloeber-workspace/Remora/Release/arduino.ar(SERCOM.cpp.o)
                0x0000000000008f82                SERCOM::resetUART()
 .text._ZN6SERCOM10enableUARTEv
                0x0000000000008f9e       0x14 /home/sergio/Documentos/sloeber-workspace/Remora/Release/arduino.ar(SERCOM.cpp.o)
                0x0000000000008f9e                SERCOM::enableUART()
 .text._ZN6SERCOM9flushUARTEv
                0x0000000000008fb2       0x10 /home/sergio/Documentos/sloeber-workspace/Remora/Release/arduino.ar(SERCOM.cpp.o)
                0x0000000000008fb2                SERCOM::flushUART()
 .text._ZN6SERCOM15clearStatusUARTEv
                0x0000000000008fc2        0x8 /home/sergio/Documentos/sloeber-workspace/Remora/Release/arduino.ar(SERCOM.cpp.o)
                0x0000000000008fc2                SERCOM::clearStatusUART()
 .text._ZN6SERCOM17availableDataUARTEv
                0x0000000000008fca        0xa /home/sergio/Documentos/sloeber-workspace/Remora/Release/arduino.ar(SERCOM.cpp.o)
                0x0000000000008fca                SERCOM::availableDataUART()
 .text._ZN6SERCOM11isUARTErrorEv
                0x0000000000008fd4        0x8 /home/sergio/Documentos/sloeber-workspace/Remora/Release/arduino.ar(SERCOM.cpp.o)
                0x0000000000008fd4                SERCOM::isUARTError()
 .text._ZN6SERCOM20acknowledgeUARTErrorEv
                0x0000000000008fdc        0xe /home/sergio/Documentos/sloeber-workspace/Remora/Release/arduino.ar(SERCOM.cpp.o)
                0x0000000000008fdc                SERCOM::acknowledgeUARTError()
 .text._ZN6SERCOM12readDataUARTEv
                0x0000000000008fea        0x8 /home/sergio/Documentos/sloeber-workspace/Remora/Release/arduino.ar(SERCOM.cpp.o)
                0x0000000000008fea                SERCOM::readDataUART()
 .text._ZN6SERCOM13writeDataUARTEh
                0x0000000000008ff2        0xe /home/sergio/Documentos/sloeber-workspace/Remora/Release/arduino.ar(SERCOM.cpp.o)
                0x0000000000008ff2                SERCOM::writeDataUART(unsigned char)
 .text._ZN6SERCOM12initSPIClockE18SercomSpiClockModem
                0x0000000000009000       0x30 /home/sergio/Documentos/sloeber-workspace/Remora/Release/arduino.ar(SERCOM.cpp.o)
                0x0000000000009000                SERCOM::initSPIClock(SercomSpiClockMode, unsigned long)
 .text._ZN6SERCOM8resetSPIEv
                0x0000000000009030       0x1c /home/sergio/Documentos/sloeber-workspace/Remora/Release/arduino.ar(SERCOM.cpp.o)
                0x0000000000009030                SERCOM::resetSPI()
 .text._ZN6SERCOM9enableSPIEv
                0x000000000000904c       0x14 /home/sergio/Documentos/sloeber-workspace/Remora/Release/arduino.ar(SERCOM.cpp.o)
                0x000000000000904c                SERCOM::enableSPI()
 .text._ZN6SERCOM10disableSPIEv
                0x0000000000009060       0x12 /home/sergio/Documentos/sloeber-workspace/Remora/Release/arduino.ar(SERCOM.cpp.o)
                0x0000000000009060                SERCOM::disableSPI()
 .text._ZN6SERCOM15transferDataSPIEh
                0x0000000000009072       0x1a /home/sergio/Documentos/sloeber-workspace/Remora/Release/arduino.ar(SERCOM.cpp.o)
                0x0000000000009072                SERCOM::transferDataSPI(unsigned char)
 .text._ZN6SERCOM13initClockNVICEv
                0x000000000000908c       0xac /home/sergio/Documentos/sloeber-workspace/Remora/Release/arduino.ar(SERCOM.cpp.o)
                0x000000000000908c                SERCOM::initClockNVIC()
 .text._ZN6SERCOM8initUARTE14SercomUartMode20SercomUartSampleRatem
                0x0000000000009138       0x6c /home/sergio/Documentos/sloeber-workspace/Remora/Release/arduino.ar(SERCOM.cpp.o)
                0x0000000000009138                SERCOM::initUART(SercomUartMode, SercomUartSampleRate, unsigned long)
 .text._ZN6SERCOM7initSPIE14SercomSpiTXPad11SercomRXPad17SercomSpiCharSize15SercomDataOrder
                0x00000000000091a4       0x48 /home/sergio/Documentos/sloeber-workspace/Remora/Release/arduino.ar(SERCOM.cpp.o)
                0x00000000000091a4                SERCOM::initSPI(SercomSpiTXPad, SercomRXPad, SercomSpiCharSize, SercomDataOrder)
 .text._ZN6Stream9timedReadEv
                0x00000000000091ec       0x2a /home/sergio/Documentos/sloeber-workspace/Remora/Release/arduino.ar(Stream.cpp.o)
                0x00000000000091ec                Stream::timedRead()
 *fill*         0x0000000000009216        0x2 
 .text._ZN6Stream15readStringUntilEc
                0x0000000000009218       0x30 /home/sergio/Documentos/sloeber-workspace/Remora/Release/arduino.ar(Stream.cpp.o)
                0x0000000000009218                Stream::readStringUntil(char)
 .text._ZN4UartcvbEv
                0x0000000000009248        0x4 /home/sergio/Documentos/sloeber-workspace/Remora/Release/arduino.ar(Uart.cpp.o)
                0x0000000000009248                Uart::operator bool()
 .text._ZN4Uart5beginEm
                0x000000000000924c       0x10 /home/sergio/Documentos/sloeber-workspace/Remora/Release/arduino.ar(Uart.cpp.o)
                0x000000000000924c                Uart::begin(unsigned long)
 .text._ZN4Uart3endEv
                0x000000000000925c       0x14 /home/sergio/Documentos/sloeber-workspace/Remora/Release/arduino.ar(Uart.cpp.o)
                0x000000000000925c                Uart::end()
 .text._ZN4Uart5flushEv
                0x0000000000009270        0xa /home/sergio/Documentos/sloeber-workspace/Remora/Release/arduino.ar(Uart.cpp.o)
                0x0000000000009270                Uart::flush()
 .text._ZN4Uart9availableEv
                0x000000000000927a        0xa /home/sergio/Documentos/sloeber-workspace/Remora/Release/arduino.ar(Uart.cpp.o)
                0x000000000000927a                Uart::available()
 .text._ZN4Uart4peekEv
                0x0000000000009284        0xa /home/sergio/Documentos/sloeber-workspace/Remora/Release/arduino.ar(Uart.cpp.o)
                0x0000000000009284                Uart::peek()
 .text._ZN4Uart4readEv
                0x000000000000928e        0xa /home/sergio/Documentos/sloeber-workspace/Remora/Release/arduino.ar(Uart.cpp.o)
                0x000000000000928e                Uart::read()
 .text._ZN4Uart5writeEh
                0x0000000000009298        0xc /home/sergio/Documentos/sloeber-workspace/Remora/Release/arduino.ar(Uart.cpp.o)
                0x0000000000009298                Uart::write(unsigned char)
 .text._ZN4UartC2EP6SERCOMhh11SercomRXPad15SercomUartTXPad
                0x00000000000092a4       0x48 /home/sergio/Documentos/sloeber-workspace/Remora/Release/arduino.ar(Uart.cpp.o)
                0x00000000000092a4                Uart::Uart(SERCOM*, unsigned char, unsigned char, SercomRXPad, SercomUartTXPad)
                0x00000000000092a4                Uart::Uart(SERCOM*, unsigned char, unsigned char, SercomRXPad, SercomUartTXPad)
 .text._ZN4Uart10IrqHandlerEv
                0x00000000000092ec       0x36 /home/sergio/Documentos/sloeber-workspace/Remora/Release/arduino.ar(Uart.cpp.o)
                0x00000000000092ec                Uart::IrqHandler()
 .text._ZN4Uart16extractNbStopBitEt
                0x0000000000009322        0xe /home/sergio/Documentos/sloeber-workspace/Remora/Release/arduino.ar(Uart.cpp.o)
                0x0000000000009322                Uart::extractNbStopBit(unsigned short)
 .text._ZN4Uart15extractCharSizeEt
                0x0000000000009330       0x2c /home/sergio/Documentos/sloeber-workspace/Remora/Release/arduino.ar(Uart.cpp.o)
                0x0000000000009330                Uart::extractCharSize(unsigned short)
 .text._ZN4Uart13extractParityEt
                0x000000000000935c       0x18 /home/sergio/Documentos/sloeber-workspace/Remora/Release/arduino.ar(Uart.cpp.o)
                0x000000000000935c                Uart::extractParity(unsigned short)
 .text._ZN4Uart5beginEmt
                0x0000000000009374       0x88 /home/sergio/Documentos/sloeber-workspace/Remora/Release/arduino.ar(Uart.cpp.o)
                0x0000000000009374                Uart::begin(unsigned long, unsigned short)
 .text.EIC_Handler
                0x00000000000093fc       0x30 /home/sergio/Documentos/sloeber-workspace/Remora/Release/arduino.ar(WInterrupts.c.o)
                0x00000000000093fc                EIC_Handler
 .text.NMI_Handler
                0x000000000000942c       0x20 /home/sergio/Documentos/sloeber-workspace/Remora/Release/arduino.ar(WInterrupts.c.o)
                0x000000000000942c                NMI_Handler
 .text._ZNK6String14StringIfHelperEv
                0x000000000000944c        0x2 /home/sergio/Documentos/sloeber-workspace/Remora/Release/arduino.ar(WString.cpp.o)
                0x000000000000944c                String::StringIfHelper() const
 .text._ZN6StringC2EOS_
                0x000000000000944e       0x1c /home/sergio/Documentos/sloeber-workspace/Remora/Release/arduino.ar(WString.cpp.o)
                0x000000000000944e                String::String(String&&)
                0x000000000000944e                String::String(String&&)
 .text._ZN6StringD2Ev
                0x000000000000946a        0xe /home/sergio/Documentos/sloeber-workspace/Remora/Release/arduino.ar(WString.cpp.o)
                0x000000000000946a                String::~String()
                0x000000000000946a                String::~String()
 .text._ZN6String10invalidateEv
                0x0000000000009478       0x18 /home/sergio/Documentos/sloeber-workspace/Remora/Release/arduino.ar(WString.cpp.o)
                0x0000000000009478                String::invalidate()
 .text._ZN6String12changeBufferEj
                0x0000000000009490       0x18 /home/sergio/Documentos/sloeber-workspace/Remora/Release/arduino.ar(WString.cpp.o)
                0x0000000000009490                String::changeBuffer(unsigned int)
 .text._ZN6String7reserveEj
                0x00000000000094a8       0x28 /home/sergio/Documentos/sloeber-workspace/Remora/Release/arduino.ar(WString.cpp.o)
                0x00000000000094a8                String::reserve(unsigned int)
 .text._ZN6String4copyEPKcj
                0x00000000000094d0       0x28 /home/sergio/Documentos/sloeber-workspace/Remora/Release/arduino.ar(WString.cpp.o)
                0x00000000000094d0                String::copy(char const*, unsigned int)
 .text._ZN6StringC2EPKc
                0x00000000000094f8       0x26 /home/sergio/Documentos/sloeber-workspace/Remora/Release/arduino.ar(WString.cpp.o)
                0x00000000000094f8                String::String(char const*)
                0x00000000000094f8                String::String(char const*)
 .text._ZN6String4copyEPK19__FlashStringHelperj
                0x000000000000951e       0x28 /home/sergio/Documentos/sloeber-workspace/Remora/Release/arduino.ar(WString.cpp.o)
                0x000000000000951e                String::copy(__FlashStringHelper const*, unsigned int)
 *fill*         0x0000000000009546        0x2 
 .text._ZN6String4moveERS_
                0x0000000000009548       0x4c /home/sergio/Documentos/sloeber-workspace/Remora/Release/arduino.ar(WString.cpp.o)
                0x0000000000009548                String::move(String&)
 .text._ZN6StringaSERKS_
                0x0000000000009594       0x20 /home/sergio/Documentos/sloeber-workspace/Remora/Release/arduino.ar(WString.cpp.o)
                0x0000000000009594                String::operator=(String const&)
 .text._ZN6StringC2ERKS_
                0x00000000000095b4       0x14 /home/sergio/Documentos/sloeber-workspace/Remora/Release/arduino.ar(WString.cpp.o)
                0x00000000000095b4                String::String(String const&)
                0x00000000000095b4                String::String(String const&)
 .text._ZN6StringaSEOS_
                0x00000000000095c8       0x10 /home/sergio/Documentos/sloeber-workspace/Remora/Release/arduino.ar(WString.cpp.o)
                0x00000000000095c8                String::operator=(String&&)
 .text._ZN6StringaSEPKc
                0x00000000000095d8       0x22 /home/sergio/Documentos/sloeber-workspace/Remora/Release/arduino.ar(WString.cpp.o)
                0x00000000000095d8                String::operator=(char const*)
 .text._ZN6StringC2Ehh
                0x00000000000095fa       0x22 /home/sergio/Documentos/sloeber-workspace/Remora/Release/arduino.ar(WString.cpp.o)
                0x00000000000095fa                String::String(unsigned char, unsigned char)
                0x00000000000095fa                String::String(unsigned char, unsigned char)
 .text._ZN6StringC2Eih
                0x000000000000961c       0x24 /home/sergio/Documentos/sloeber-workspace/Remora/Release/arduino.ar(WString.cpp.o)
                0x000000000000961c                String::String(int, unsigned char)
                0x000000000000961c                String::String(int, unsigned char)
 .text._ZN6StringC2Elh
                0x0000000000009640       0x24 /home/sergio/Documentos/sloeber-workspace/Remora/Release/arduino.ar(WString.cpp.o)
                0x0000000000009640                String::String(long, unsigned char)
                0x0000000000009640                String::String(long, unsigned char)
 .text._ZN6StringC2Emh
                0x0000000000009664       0x24 /home/sergio/Documentos/sloeber-workspace/Remora/Release/arduino.ar(WString.cpp.o)
                0x0000000000009664                String::String(unsigned long, unsigned char)
                0x0000000000009664                String::String(unsigned long, unsigned char)
 .text._ZN6StringC2Efh
                0x0000000000009688       0x32 /home/sergio/Documentos/sloeber-workspace/Remora/Release/arduino.ar(WString.cpp.o)
                0x0000000000009688                String::String(float, unsigned char)
                0x0000000000009688                String::String(float, unsigned char)
 .text._ZN6StringC2Edh
                0x00000000000096ba       0x34 /home/sergio/Documentos/sloeber-workspace/Remora/Release/arduino.ar(WString.cpp.o)
                0x00000000000096ba                String::String(double, unsigned char)
                0x00000000000096ba                String::String(double, unsigned char)
 .text._ZN6StringaSEPK19__FlashStringHelper
                0x00000000000096ee       0x22 /home/sergio/Documentos/sloeber-workspace/Remora/Release/arduino.ar(WString.cpp.o)
                0x00000000000096ee                String::operator=(__FlashStringHelper const*)
 .text._ZN6StringC2EPK19__FlashStringHelper
                0x0000000000009710       0x14 /home/sergio/Documentos/sloeber-workspace/Remora/Release/arduino.ar(WString.cpp.o)
                0x0000000000009710                String::String(__FlashStringHelper const*)
                0x0000000000009710                String::String(__FlashStringHelper const*)
 .text._ZN6String6concatEPKcj
                0x0000000000009724       0x32 /home/sergio/Documentos/sloeber-workspace/Remora/Release/arduino.ar(WString.cpp.o)
                0x0000000000009724                String::concat(char const*, unsigned int)
 .text._ZN6String6concatEc
                0x0000000000009756       0x14 /home/sergio/Documentos/sloeber-workspace/Remora/Release/arduino.ar(WString.cpp.o)
                0x0000000000009756                String::concat(char)
 .text._ZplRK15StringSumHelperRK6String
                0x000000000000976a       0x1c /home/sergio/Documentos/sloeber-workspace/Remora/Release/arduino.ar(WString.cpp.o)
                0x000000000000976a                operator+(StringSumHelper const&, String const&)
 .text._ZplRK15StringSumHelperPKc
                0x0000000000009786       0x26 /home/sergio/Documentos/sloeber-workspace/Remora/Release/arduino.ar(WString.cpp.o)
                0x0000000000009786                operator+(StringSumHelper const&, char const*)
 .text._ZNK6String6equalsEPKc
                0x00000000000097ac       0x2a /home/sergio/Documentos/sloeber-workspace/Remora/Release/arduino.ar(WString.cpp.o)
                0x00000000000097ac                String::equals(char const*) const
 .text._ZNK6String8getBytesEPhjj
                0x00000000000097d6       0x34 /home/sergio/Documentos/sloeber-workspace/Remora/Release/arduino.ar(WString.cpp.o)
                0x00000000000097d6                String::getBytes(unsigned char*, unsigned int, unsigned int) const
 .text._ZNK6String7indexOfERKS_j
                0x000000000000980a       0x20 /home/sergio/Documentos/sloeber-workspace/Remora/Release/arduino.ar(WString.cpp.o)
                0x000000000000980a                String::indexOf(String const&, unsigned int) const
 .text._ZNK6String7indexOfERKS_
                0x000000000000982a        0xa /home/sergio/Documentos/sloeber-workspace/Remora/Release/arduino.ar(WString.cpp.o)
                0x000000000000982a                String::indexOf(String const&) const
 .text._ZN6String4trimEv
                0x0000000000009834       0x54 /home/sergio/Documentos/sloeber-workspace/Remora/Release/arduino.ar(WString.cpp.o)
                0x0000000000009834                String::trim()
 .text._ZNK6String5toIntEv
                0x0000000000009888        0xe /home/sergio/Documentos/sloeber-workspace/Remora/Release/arduino.ar(WString.cpp.o)
                0x0000000000009888                String::toInt() const
 *fill*         0x0000000000009896        0x2 
 .text._ZNK6String8toDoubleEv
                0x0000000000009898       0x20 /home/sergio/Documentos/sloeber-workspace/Remora/Release/arduino.ar(WString.cpp.o)
                0x0000000000009898                String::toDouble() const
 .text._ZNK6String7toFloatEv
                0x00000000000098b8        0xc /home/sergio/Documentos/sloeber-workspace/Remora/Release/arduino.ar(WString.cpp.o)
                0x00000000000098b8                String::toFloat() const
 .text.Dummy_Handler
                0x00000000000098c4        0x2 /home/sergio/Documentos/sloeber-workspace/Remora/Release/arduino.ar(cortex_handlers.c.o)
                0x00000000000098c4                DMAC_Handler
                0x00000000000098c4                HardFault_Handler
                0x00000000000098c4                AC_Handler
                0x00000000000098c4                PendSV_Handler
                0x00000000000098c4                TC7_Handler
                0x00000000000098c4                ADC_Handler
                0x00000000000098c4                TCC1_Handler
                0x00000000000098c4                TCC0_Handler
                0x00000000000098c4                RTC_Handler
                0x00000000000098c4                TC6_Handler
                0x00000000000098c4                WDT_Handler
                0x00000000000098c4                TC4_Handler
                0x00000000000098c4                TC3_Handler
                0x00000000000098c4                Dummy_Handler
                0x00000000000098c4                PM_Handler
                0x00000000000098c4                SVC_Handler
                0x00000000000098c4                TCC2_Handler
                0x00000000000098c4                EVSYS_Handler
                0x00000000000098c4                SERCOM3_Handler
                0x00000000000098c4                SERCOM4_Handler
                0x00000000000098c4                I2S_Handler
                0x00000000000098c4                NVMCTRL_Handler
                0x00000000000098c4                DAC_Handler
                0x00000000000098c4                PTC_Handler
                0x00000000000098c4                SYSCTRL_Handler
 *fill*         0x00000000000098c6        0x2 
 .text.USB_Handler
                0x00000000000098c8       0x14 /home/sergio/Documentos/sloeber-workspace/Remora/Release/arduino.ar(cortex_handlers.c.o)
                0x00000000000098c8                USB_Handler
 .text.Reset_Handler
                0x00000000000098dc       0x54 /home/sergio/Documentos/sloeber-workspace/Remora/Release/arduino.ar(cortex_handlers.c.o)
                0x00000000000098dc                Reset_Handler
 .text.SysTick_Handler
                0x0000000000009930       0x10 /home/sergio/Documentos/sloeber-workspace/Remora/Release/arduino.ar(cortex_handlers.c.o)
                0x0000000000009930                SysTick_Handler
 .text.USB_SetHandler
                0x0000000000009940        0xc /home/sergio/Documentos/sloeber-workspace/Remora/Release/arduino.ar(cortex_handlers.c.o)
                0x0000000000009940                USB_SetHandler
 .text.millis   0x000000000000994c        0xc /home/sergio/Documentos/sloeber-workspace/Remora/Release/arduino.ar(delay.c.o)
                0x000000000000994c                millis
 .text.delay    0x0000000000009958       0x20 /home/sergio/Documentos/sloeber-workspace/Remora/Release/arduino.ar(delay.c.o)
                0x0000000000009958                delay
 .text.SysTick_DefaultHandler
                0x0000000000009978       0x14 /home/sergio/Documentos/sloeber-workspace/Remora/Release/arduino.ar(delay.c.o)
                0x0000000000009978                SysTick_DefaultHandler
 .text.__empty  0x000000000000998c        0x2 /home/sergio/Documentos/sloeber-workspace/Remora/Release/arduino.ar(hooks.c.o)
                0x000000000000998c                yield
 .text.__false  0x000000000000998e        0x4 /home/sergio/Documentos/sloeber-workspace/Remora/Release/arduino.ar(hooks.c.o)
                0x000000000000998e                sysTickHook
 .text.ltoa     0x0000000000009992       0x8a /home/sergio/Documentos/sloeber-workspace/Remora/Release/arduino.ar(itoa.c.o)
                0x0000000000009992                ltoa
 .text.itoa     0x0000000000009a1c        0x8 /home/sergio/Documentos/sloeber-workspace/Remora/Release/arduino.ar(itoa.c.o)
                0x0000000000009a1c                itoa
 .text.ultoa    0x0000000000009a24       0x68 /home/sergio/Documentos/sloeber-workspace/Remora/Release/arduino.ar(itoa.c.o)
                0x0000000000009a24                ultoa
 .text.utoa     0x0000000000009a8c        0x8 /home/sergio/Documentos/sloeber-workspace/Remora/Release/arduino.ar(itoa.c.o)
                0x0000000000009a8c                utoa
 .text._Z11initVariantv
                0x0000000000009a94        0x2 /home/sergio/Documentos/sloeber-workspace/Remora/Release/arduino.ar(main.cpp.o)
                0x0000000000009a94                initVariant()
 *fill*         0x0000000000009a96        0x2 
 .text.startup.main
                0x0000000000009a98       0x40 /home/sergio/Documentos/sloeber-workspace/Remora/Release/arduino.ar(main.cpp.o)
                0x0000000000009a98                main
 .text._Znwj    0x0000000000009ad8        0x8 /home/sergio/Documentos/sloeber-workspace/Remora/Release/arduino.ar(new.cpp.o)
                0x0000000000009ad8                operator new(unsigned int)
 .text._ZdlPv   0x0000000000009ae0        0x8 /home/sergio/Documentos/sloeber-workspace/Remora/Release/arduino.ar(new.cpp.o)
                0x0000000000009ae0                operator delete(void*)
 .text.SystemInit
                0x0000000000009ae8      0x168 /home/sergio/Documentos/sloeber-workspace/Remora/Release/arduino.ar(startup.c.o)
                0x0000000000009ae8                SystemInit
 .text.init     0x0000000000009c50       0xf0 /home/sergio/Documentos/sloeber-workspace/Remora/Release/arduino.ar(wiring.c.o)
                0x0000000000009c50                init
 .text.analogReference
                0x0000000000009d40       0x5c /home/sergio/Documentos/sloeber-workspace/Remora/Release/arduino.ar(wiring_analog.c.o)
                0x0000000000009d40                analogReference
 .text.pinMode  0x0000000000009d9c       0xb4 /home/sergio/Documentos/sloeber-workspace/Remora/Release/arduino.ar(wiring_digital.c.o)
                0x0000000000009d9c                pinMode
 .text.digitalWrite
                0x0000000000009e50       0x60 /home/sergio/Documentos/sloeber-workspace/Remora/Release/arduino.ar(wiring_digital.c.o)
                0x0000000000009e50                digitalWrite
 .text.digitalRead
                0x0000000000009eb0       0x30 /home/sergio/Documentos/sloeber-workspace/Remora/Release/arduino.ar(wiring_digital.c.o)
                0x0000000000009eb0                digitalRead
 .text.pinPeripheral
                0x0000000000009ee0       0xc4 /home/sergio/Documentos/sloeber-workspace/Remora/Release/arduino.ar(wiring_private.c.o)
                0x0000000000009ee0                pinPeripheral
 .text.dtostrf  0x0000000000009fa4       0x28 /home/sergio/Documentos/sloeber-workspace/Remora/Release/arduino.ar(dtostrf.c.o)
                0x0000000000009fa4                dtostrf
 .text._ZN13PluggableUSB_12getInterfaceEPh
                0x0000000000009fcc       0x2a /home/sergio/Documentos/sloeber-workspace/Remora/Release/arduino.ar(PluggableUSB.cpp.o)
                0x0000000000009fcc                PluggableUSB_::getInterface(unsigned char*)
 .text._ZN13PluggableUSB_13getDescriptorER8USBSetup
                0x0000000000009ff6       0x20 /home/sergio/Documentos/sloeber-workspace/Remora/Release/arduino.ar(PluggableUSB.cpp.o)
                0x0000000000009ff6                PluggableUSB_::getDescriptor(USBSetup&)
 .text._ZN13PluggableUSB_12getShortNameEPc
                0x000000000000a016       0x1e /home/sergio/Documentos/sloeber-workspace/Remora/Release/arduino.ar(PluggableUSB.cpp.o)
                0x000000000000a016                PluggableUSB_::getShortName(char*)
 .text._ZN13PluggableUSB_5setupER8USBSetup
                0x000000000000a034       0x24 /home/sergio/Documentos/sloeber-workspace/Remora/Release/arduino.ar(PluggableUSB.cpp.o)
                0x000000000000a034                PluggableUSB_::setup(USBSetup&)
 .text._Z12PluggableUSBv
                0x000000000000a058       0x24 /home/sergio/Documentos/sloeber-workspace/Remora/Release/arduino.ar(PluggableUSB.cpp.o)
                0x000000000000a058                PluggableUSB()
 .text._ZN10RingBufferC2Ev
                0x000000000000a07c       0x1a /home/sergio/Documentos/sloeber-workspace/Remora/Release/arduino.ar(RingBuffer.cpp.o)
                0x000000000000a07c                RingBuffer::RingBuffer()
                0x000000000000a07c                RingBuffer::RingBuffer()
 .text._ZN10RingBuffer10store_charEh
                0x000000000000a096       0x24 /home/sergio/Documentos/sloeber-workspace/Remora/Release/arduino.ar(RingBuffer.cpp.o)
                0x000000000000a096                RingBuffer::store_char(unsigned char)
 .text._ZN10RingBuffer5clearEv
                0x000000000000a0ba        0xe /home/sergio/Documentos/sloeber-workspace/Remora/Release/arduino.ar(RingBuffer.cpp.o)
                0x000000000000a0ba                RingBuffer::clear()
 .text._ZN10RingBuffer9read_charEv
                0x000000000000a0c8       0x28 /home/sergio/Documentos/sloeber-workspace/Remora/Release/arduino.ar(RingBuffer.cpp.o)
                0x000000000000a0c8                RingBuffer::read_char()
 .text._ZN10RingBuffer9availableEv
                0x000000000000a0f0       0x12 /home/sergio/Documentos/sloeber-workspace/Remora/Release/arduino.ar(RingBuffer.cpp.o)
                0x000000000000a0f0                RingBuffer::available()
 .text._ZN10RingBuffer4peekEv
                0x000000000000a102       0x1a /home/sergio/Documentos/sloeber-workspace/Remora/Release/arduino.ar(RingBuffer.cpp.o)
                0x000000000000a102                RingBuffer::peek()
 .text.__fpclassifyd
                0x000000000000a11c       0x60 /home/sergio/sloeber/arduinoPlugin/packages/arduino/tools/arm-none-eabi-gcc/4.8.3-2014q1/bin/../lib/gcc/arm-none-eabi/4.8.3/../../../../arm-none-eabi/lib/armv6-m/libm.a(lib_a-s_fpclassify.o)
                0x000000000000a11c                __fpclassifyd
 .text          0x000000000000a17c       0x14 /home/sergio/sloeber/arduinoPlugin/packages/arduino/tools/arm-none-eabi-gcc/4.8.3-2014q1/bin/../lib/gcc/arm-none-eabi/4.8.3/armv6-m/libgcc.a(_thumb1_case_uqi.o)
                0x000000000000a17c                __gnu_thumb1_case_uqi
 .text          0x000000000000a190       0x9c /home/sergio/sloeber/arduinoPlugin/packages/arduino/tools/arm-none-eabi-gcc/4.8.3-2014q1/bin/../lib/gcc/arm-none-eabi/4.8.3/armv6-m/libgcc.a(_udivsi3.o)
                0x000000000000a190                __udivsi3
                0x000000000000a190                __aeabi_uidiv
                0x000000000000a218                __aeabi_uidivmod
 .text          0x000000000000a22c       0xc0 /home/sergio/sloeber/arduinoPlugin/packages/arduino/tools/arm-none-eabi-gcc/4.8.3-2014q1/bin/../lib/gcc/arm-none-eabi/4.8.3/armv6-m/libgcc.a(_divsi3.o)
                0x000000000000a22c                __aeabi_idiv
                0x000000000000a22c                __divsi3
                0x000000000000a2d8                __aeabi_idivmod
 .text          0x000000000000a2ec        0x4 /home/sergio/sloeber/arduinoPlugin/packages/arduino/tools/arm-none-eabi-gcc/4.8.3-2014q1/bin/../lib/gcc/arm-none-eabi/4.8.3/armv6-m/libgcc.a(_dvmd_tls.o)
                0x000000000000a2ec                __aeabi_ldiv0
                0x000000000000a2ec                __aeabi_idiv0
 .text          0x000000000000a2f0       0x7c /home/sergio/sloeber/arduinoPlugin/packages/arduino/tools/arm-none-eabi-gcc/4.8.3-2014q1/bin/../lib/gcc/arm-none-eabi/4.8.3/armv6-m/libgcc.a(_arm_cmpdf2.o)
                0x000000000000a2f0                __aeabi_cdrcmple
                0x000000000000a300                __aeabi_cdcmple
                0x000000000000a300                __aeabi_cdcmpeq
                0x000000000000a310                __aeabi_dcmpeq
                0x000000000000a31c                __aeabi_dcmplt
                0x000000000000a330                __aeabi_dcmple
                0x000000000000a344                __aeabi_dcmpgt
                0x000000000000a358                __aeabi_dcmpge
 .text          0x000000000000a36c       0x74 /home/sergio/sloeber/arduinoPlugin/packages/arduino/tools/arm-none-eabi-gcc/4.8.3-2014q1/bin/../lib/gcc/arm-none-eabi/4.8.3/armv6-m/libgcc.a(_arm_cmpsf2.o)
                0x000000000000a36c                __aeabi_cfrcmple
                0x000000000000a374                __aeabi_cfcmple
                0x000000000000a374                __aeabi_cfcmpeq
                0x000000000000a384                __aeabi_fcmpeq