Archive member included because of file (symbol)

/home/carvajavo/Documents/sloeber-workspace/Zeus_Remora2_0/Release/arduino.ar(variant.cpp.o)
                              ./libraries/SPI/SPI.cpp.o (sercom4)
/home/carvajavo/Documents/sloeber-workspace/Zeus_Remora2_0/Release/arduino.ar(CDC.cpp.o)
                              ./.ino.cpp.o (Serial_::write(unsigned char))
/home/carvajavo/Documents/sloeber-workspace/Zeus_Remora2_0/Release/arduino.ar(USBCore.cpp.o)
                              /home/carvajavo/Documents/sloeber-workspace/Zeus_Remora2_0/Release/arduino.ar(CDC.cpp.o) (USBDeviceClass::flush(unsigned long))
/home/carvajavo/Documents/sloeber-workspace/Zeus_Remora2_0/Release/arduino.ar(Print.cpp.o)
                              ./libraries/SD/src/utility/SdFile.cpp.o (Print::write(unsigned char const*, unsigned int))
/home/carvajavo/Documents/sloeber-workspace/Zeus_Remora2_0/Release/arduino.ar(Reset.cpp.o)
                              /home/carvajavo/Documents/sloeber-workspace/Zeus_Remora2_0/Release/arduino.ar(CDC.cpp.o) (initiateReset)
/home/carvajavo/Documents/sloeber-workspace/Zeus_Remora2_0/Release/arduino.ar(SERCOM.cpp.o)
                              /home/carvajavo/Documents/sloeber-workspace/Zeus_Remora2_0/Release/arduino.ar(variant.cpp.o) (SERCOM::SERCOM(Sercom*))
/home/carvajavo/Documents/sloeber-workspace/Zeus_Remora2_0/Release/arduino.ar(Stream.cpp.o)
                              ./.ino.cpp.o (Stream::readStringUntil(char))
/home/carvajavo/Documents/sloeber-workspace/Zeus_Remora2_0/Release/arduino.ar(Uart.cpp.o)
                              ./.ino.cpp.o (Uart::Uart(SERCOM*, unsigned char, unsigned char, SercomRXPad, SercomUartTXPad))
/home/carvajavo/Documents/sloeber-workspace/Zeus_Remora2_0/Release/arduino.ar(WInterrupts.c.o)
                              ./libraries/Adafruit_FONA/Adafruit_FONA.cpp.o (attachInterrupt)
/home/carvajavo/Documents/sloeber-workspace/Zeus_Remora2_0/Release/arduino.ar(WString.cpp.o)
                              ./.ino.cpp.o (String::String(String&&))
/home/carvajavo/Documents/sloeber-workspace/Zeus_Remora2_0/Release/arduino.ar(abi.cpp.o)
                              ./libraries/SD/src/File.cpp.o (__cxa_pure_virtual)
/home/carvajavo/Documents/sloeber-workspace/Zeus_Remora2_0/Release/arduino.ar(cortex_handlers.c.o)
                              (Reset_Handler)
/home/carvajavo/Documents/sloeber-workspace/Zeus_Remora2_0/Release/arduino.ar(delay.c.o)
                              ./.ino.cpp.o (millis)
/home/carvajavo/Documents/sloeber-workspace/Zeus_Remora2_0/Release/arduino.ar(hooks.c.o)
                              /home/carvajavo/Documents/sloeber-workspace/Zeus_Remora2_0/Release/arduino.ar(delay.c.o) (yield)
/home/carvajavo/Documents/sloeber-workspace/Zeus_Remora2_0/Release/arduino.ar(itoa.c.o)
                              /home/carvajavo/Documents/sloeber-workspace/Zeus_Remora2_0/Release/arduino.ar(WString.cpp.o) (ltoa)
/home/carvajavo/Documents/sloeber-workspace/Zeus_Remora2_0/Release/arduino.ar(main.cpp.o)
                              /home/carvajavo/sloeber/arduinoPlugin/packages/arduino/tools/arm-none-eabi-gcc/4.8.3-2014q1/bin/../lib/gcc/arm-none-eabi/4.8.3/../../../../arm-none-eabi/lib/armv6-m/crt0.o (main)
/home/carvajavo/Documents/sloeber-workspace/Zeus_Remora2_0/Release/arduino.ar(new.cpp.o)
                              ./Quadtree/quadtree.cpp.o (operator new(unsigned int))
/home/carvajavo/Documents/sloeber-workspace/Zeus_Remora2_0/Release/arduino.ar(startup.c.o)
                              /home/carvajavo/Documents/sloeber-workspace/Zeus_Remora2_0/Release/arduino.ar(cortex_handlers.c.o) (SystemInit)
/home/carvajavo/Documents/sloeber-workspace/Zeus_Remora2_0/Release/arduino.ar(wiring.c.o)
                              /home/carvajavo/Documents/sloeber-workspace/Zeus_Remora2_0/Release/arduino.ar(main.cpp.o) (init)
/home/carvajavo/Documents/sloeber-workspace/Zeus_Remora2_0/Release/arduino.ar(wiring_analog.c.o)
                              /home/carvajavo/Documents/sloeber-workspace/Zeus_Remora2_0/Release/arduino.ar(wiring.c.o) (analogReference)
/home/carvajavo/Documents/sloeber-workspace/Zeus_Remora2_0/Release/arduino.ar(wiring_digital.c.o)
                              ./.ino.cpp.o (pinMode)
/home/carvajavo/Documents/sloeber-workspace/Zeus_Remora2_0/Release/arduino.ar(wiring_private.c.o)
                              ./.ino.cpp.o (pinPeripheral)
/home/carvajavo/Documents/sloeber-workspace/Zeus_Remora2_0/Release/arduino.ar(dtostrf.c.o)
                              /home/carvajavo/Documents/sloeber-workspace/Zeus_Remora2_0/Release/arduino.ar(WString.cpp.o) (dtostrf)
/home/carvajavo/Documents/sloeber-workspace/Zeus_Remora2_0/Release/arduino.ar(PluggableUSB.cpp.o)
                              /home/carvajavo/Documents/sloeber-workspace/Zeus_Remora2_0/Release/arduino.ar(USBCore.cpp.o) (PluggableUSB_::getInterface(unsigned char*))
/home/carvajavo/Documents/sloeber-workspace/Zeus_Remora2_0/Release/arduino.ar(RingBuffer.cpp.o)
[...]
Memory Configuration

Name             Origin             Length             Attributes
FLASH            0x0000000000002000 0x000000000003e000 xr
RAM              0x0000000020000000 0x0000000000008000 xrw
*default*        0x0000000000000000 0xffffffffffffffff

Linker script and memory map

LOAD /home/carvajavo/sloeber/arduinoPlugin/packages/arduino/tools/arm-none-eabi-gcc/4.8.3-2014q1/bin/../lib/gcc/arm-none-eabi/4.8.3/armv6-m/crti.o
LOAD /home/carvajavo/sloeber/arduinoPlugin/packages/arduino/tools/arm-none-eabi-gcc/4.8.3-2014q1/bin/../lib/gcc/arm-none-eabi/4.8.3/armv6-m/crtbegin.o
LOAD /home/carvajavo/sloeber/arduinoPlugin/packages/arduino/tools/arm-none-eabi-gcc/4.8.3-2014q1/bin/../lib/gcc/arm-none-eabi/4.8.3/../../../../arm-none-eabi/lib/armv6-m/crt0.o
LOAD ./.ino.cpp.o
LOAD ./libraries/SPI/SPI.cpp.o
LOAD ./libraries/SD/src/utility/Sd2Card.cpp.o
LOAD ./libraries/SD/src/utility/SdFile.cpp.o
LOAD ./libraries/SD/src/utility/SdVolume.cpp.o
LOAD ./libraries/SD/src/File.cpp.o
LOAD ./libraries/SD/src/SD.cpp.o
LOAD ./libraries/Adafruit_FONA/Adafruit_FONA.cpp.o
LOAD ./Quadtree/quadtree.cpp.o
LOAD /home/carvajavo/Documents/sloeber-workspace/Zeus_Remora2_0/Release/arduino.ar
START GROUP
LOAD /home/carvajavo/sloeber/arduinoPlugin/packages/arduino/tools/arm-none-eabi-gcc/4.8.3-2014q1/bin/../lib/gcc/arm-none-eabi/4.8.3/../../../../arm-none-eabi/lib/armv6-m/libm.a
LOAD /home/carvajavo/Documents/sloeber-workspace/Zeus_Remora2_0/Release/arduino.ar
END GROUP
START GROUP
LOAD /home/carvajavo/sloeber/arduinoPlugin/packages/arduino/tools/arm-none-eabi-gcc/4.8.3-2014q1/bin/../lib/gcc/arm-none-eabi/4.8.3/armv6-m/libgcc.a
LOAD /home/carvajavo/sloeber/arduinoPlugin/packages/arduino/tools/arm-none-eabi-gcc/4.8.3-2014q1/bin/../lib/gcc/arm-none-eabi/4.8.3/../../../../arm-none-eabi/lib/armv6-m/libc_s.a
END GROUP
START GROUP
LOAD /home/carvajavo/sloeber/arduinoPlugin/packages/arduino/tools/arm-none-eabi-gcc/4.8.3-2014q1/bin/../lib/gcc/arm-none-eabi/4.8.3/armv6-m/libgcc.a
LOAD /home/carvajavo/sloeber/arduinoPlugin/packages/arduino/tools/arm-none-eabi-gcc/4.8.3-2014q1/bin/../lib/gcc/arm-none-eabi/4.8.3/../../../../arm-none-eabi/lib/armv6-m/libc_s.a
LOAD /home/carvajavo/sloeber/arduinoPlugin/packages/arduino/tools/arm-none-eabi-gcc/4.8.3-2014q1/bin/../lib/gcc/arm-none-eabi/4.8.3/../../../../arm-none-eabi/lib/armv6-m/libnosys.a
END GROUP
START GROUP
LOAD /home/carvajavo/sloeber/arduinoPlugin/packages/arduino/tools/arm-none-eabi-gcc/4.8.3-2014q1/bin/../lib/gcc/arm-none-eabi/4.8.3/armv6-m/libgcc.a
LOAD /home/carvajavo/sloeber/arduinoPlugin/packages/arduino/tools/arm-none-eabi-gcc/4.8.3-2014q1/bin/../lib/gcc/arm-none-eabi/4.8.3/../../../../arm-none-eabi/lib/armv6-m/libc_s.a
LOAD /home/carvajavo/sloeber/arduinoPlugin/packages/arduino/tools/arm-none-eabi-gcc/4.8.3-2014q1/bin/../lib/gcc/arm-none-eabi/4.8.3/../../../../arm-none-eabi/lib/armv6-m/libnosys.a
END GROUP
LOAD /home/carvajavo/sloeber/arduinoPlugin/packages/arduino/tools/arm-none-eabi-gcc/4.8.3-2014q1/bin/../lib/gcc/arm-none-eabi/4.8.3/armv6-m/crtend.o
LOAD /home/carvajavo/sloeber/arduinoPlugin/packages/arduino/tools/arm-none-eabi-gcc/4.8.3-2014q1/bin/../lib/gcc/arm-none-eabi/4.8.3/armv6-m/crtn.o

.text           0x0000000000002000     0xd930
 *(.isr_vector)
 .isr_vector    0x0000000000002000       0xb0 /home/carvajavo/Documents/sloeber-workspace/Zeus_Remora2_0/Release/arduino.ar(cortex_handlers.c.o)
                0x0000000000002000                exception_table
 *(.text*)
 .text          0x00000000000020b0       0x60 /home/carvajavo/sloeber/arduinoPlugin/packages/arduino/tools/arm-none-eabi-gcc/4.8.3-2014q1/bin/../lib/gcc/arm-none-eabi/4.8.3/armv6-m/crtbegin.o
 .text._Z8anti_jami.part.1
                0x0000000000002110       0xd0 ./.ino.cpp.o
 .text.SERCOM2_Handler
                0x00000000000021e0       0x10 ./.ino.cpp.o
                0x00000000000021e0                SERCOM2_Handler
 .text._Z8anti_jami
                0x00000000000021f0        0xc ./.ino.cpp.o
                0x00000000000021f0                anti_jam(int)
 .text._Z12anti_jam_GPSv
                0x00000000000021fc       0x34 ./.ino.cpp.o
                0x00000000000021fc                anti_jam_GPS()
 .text._Z10Net_Statusv
                0x0000000000002230       0xe4 ./.ino.cpp.o
                0x0000000000002230                Net_Status()
 .text._Z10fona_setupv
                0x0000000000002314       0x54 ./.ino.cpp.o
                0x0000000000002314                fona_setup()
 .text._Z8sd_setupv
                0x0000000000002368       0x2c ./.ino.cpp.o
                0x0000000000002368                sd_setup()
 .text._Z12sercom_setupv
                0x0000000000002394       0x38 ./.ino.cpp.o
                0x0000000000002394                sercom_setup()
 .text._Z10write_file6StringS_
                0x00000000000023cc       0x98 ./.ino.cpp.o
                0x00000000000023cc                write_file(String, String)
 .text._Z10Trunc_file6String
                0x0000000000002464       0x44 ./.ino.cpp.o
                0x0000000000002464                Trunc_file(String)
 .text._Z18load_config_paramsv
                0x00000000000024a8       0xf4 ./.ino.cpp.o
                0x00000000000024a8                load_config_params()
 .text._Z15load_net_configv
                0x000000000000259c       0xd0 ./.ino.cpp.o
                0x000000000000259c                load_net_config()
 .text._Z15load_srv_configv
                0x000000000000266c       0xb8 ./.ino.cpp.o
                0x000000000000266c                load_srv_config()
 .text._Z14load_json_linev
                0x0000000000002724       0x7c ./.ino.cpp.o
                0x0000000000002724                load_json_line()
 .text._Z11process_smsa
                0x00000000000027a0      0x198 ./.ino.cpp.o
                0x00000000000027a0                process_sms(signed char)
 .text._Z10ledbuggingib
                0x0000000000002938       0x44 ./.ino.cpp.o
                0x0000000000002938                ledbugging(int, bool)
 .text._Z7get_gpsv
                0x000000000000297c      0x16c ./.ino.cpp.o
                0x000000000000297c                get_gps()
 .text._Z9fona_post6StringS_
                0x0000000000002ae8      0x16c ./.ino.cpp.o
                0x0000000000002ae8                fona_post(String, String)
 .text._Z11upload_datav
                0x0000000000002c54      0x22c ./.ino.cpp.o
                0x0000000000002c54                upload_data()
 .text._Z17Service_availablev
                0x0000000000002e80       0xa0 ./.ino.cpp.o
                0x0000000000002e80                Service_available()
 .text._Z12assert_write6String
                0x0000000000002f20      0x1c8 ./.ino.cpp.o
                0x0000000000002f20                assert_write(String)
 .text.loop     0x00000000000030e8       0x94 ./.ino.cpp.o
                0x00000000000030e8                loop
 .text.startup._GLOBAL__sub_I_LED
                0x000000000000317c       0xb8 ./.ino.cpp.o
 .text._Z9Read_file6String
                0x0000000000003234       0x98 ./.ino.cpp.o
                0x0000000000003234                Read_file(String)
 .text.setup    0x00000000000032cc       0xd8 ./.ino.cpp.o
                0x00000000000032cc                setup
 .text._ZN8SPIClass4initEv
                0x00000000000033a4       0x12 ./libraries/SPI/SPI.cpp.o
                0x00000000000033a4                SPIClass::init()
 .text._ZN8SPIClass6configE11SPISettings
                0x00000000000033b6       0x36 ./libraries/SPI/SPI.cpp.o
                0x00000000000033b6                SPIClass::config(SPISettings)
 .text._ZN8SPIClass5beginEv
                0x00000000000033ec       0x50 ./libraries/SPI/SPI.cpp.o
                0x00000000000033ec                SPIClass::begin()
 .text._ZN8SPIClass16beginTransactionE11SPISettings
                0x000000000000343c       0x3c ./libraries/SPI/SPI.cpp.o
                0x000000000000343c                SPIClass::beginTransaction(SPISettings)
 .text._ZN8SPIClass14endTransactionEv
                0x0000000000003478       0x28 ./libraries/SPI/SPI.cpp.o
                0x0000000000003478                SPIClass::endTransaction()
 .text._ZN8SPIClass8transferEh
                0x00000000000034a0       0x14 ./libraries/SPI/SPI.cpp.o
                0x00000000000034a0                SPIClass::transfer(unsigned char)
 .text.startup._GLOBAL__sub_I__ZN8SPIClassC2EP6SERCOMhhh14SercomSpiTXPad11SercomRXPad
                0x00000000000034b4       0x38 ./libraries/SPI/SPI.cpp.o
 .text._ZL7spiSendh
                0x00000000000034ec       0x10 ./libraries/SD/src/utility/Sd2Card.cpp.o
 .text._ZL6spiRecv
                0x00000000000034fc       0x10 ./libraries/SD/src/utility/Sd2Card.cpp.o
 .text._ZN7Sd2Card14chipSelectHighEv
                0x000000000000350c       0x28 ./libraries/SD/src/utility/Sd2Card.cpp.o
                0x000000000000350c                Sd2Card::chipSelectHigh()
 .text._ZN7Sd2Card13chipSelectLowEv
                0x0000000000003534       0x30 ./libraries/SD/src/utility/Sd2Card.cpp.o
                0x0000000000003534                Sd2Card::chipSelectLow()
 .text._ZN7Sd2Card7readEndEv
                0x0000000000003564       0x2c ./libraries/SD/src/utility/Sd2Card.cpp.o
                0x0000000000003564                Sd2Card::readEnd()
 .text._ZN7Sd2Card10setSckRateEh
                0x0000000000003590       0x6c ./libraries/SD/src/utility/Sd2Card.cpp.o
                0x0000000000003590                Sd2Card::setSckRate(unsigned char)
 .text._ZN7Sd2Card11waitNotBusyEt
                0x00000000000035fc       0x28 ./libraries/SD/src/utility/Sd2Card.cpp.o
                0x00000000000035fc                Sd2Card::waitNotBusy(unsigned short)
 .text._ZN7Sd2Card11cardCommandEhm
                0x0000000000003624       0x64 ./libraries/SD/src/utility/Sd2Card.cpp.o
                0x0000000000003624                Sd2Card::cardCommand(unsigned char, unsigned long)
 .text._ZN7Sd2Card4initEhh
                0x0000000000003688      0x144 ./libraries/SD/src/utility/Sd2Card.cpp.o
                0x0000000000003688                Sd2Card::init(unsigned char, unsigned char)
 .text._ZN7Sd2Card14waitStartBlockEv
                0x00000000000037cc       0x40 ./libraries/SD/src/utility/Sd2Card.cpp.o
                0x00000000000037cc                Sd2Card::waitStartBlock()
 .text._ZN7Sd2Card8readDataEmttPh
                0x000000000000380c       0xac ./libraries/SD/src/utility/Sd2Card.cpp.o
                0x000000000000380c                Sd2Card::readData(unsigned long, unsigned short, unsigned short, unsigned char*)
 .text._ZN7Sd2Card9readBlockEmPh
                0x00000000000038b8       0x10 ./libraries/SD/src/utility/Sd2Card.cpp.o
                0x00000000000038b8                Sd2Card::readBlock(unsigned long, unsigned char*)
 .text._ZN7Sd2Card9writeDataEhPKh
                0x00000000000038c8       0x48 ./libraries/SD/src/utility/Sd2Card.cpp.o
                0x00000000000038c8                Sd2Card::writeData(unsigned char, unsigned char const*)
 .text._ZN7Sd2Card10writeBlockEmPKh
                0x0000000000003910       0x78 ./libraries/SD/src/utility/Sd2Card.cpp.o
                0x0000000000003910                Sd2Card::writeBlock(unsigned long, unsigned char const*)
 .text.startup._GLOBAL__sub_I__ZN7Sd2Card11cardCommandEhm
                0x0000000000003988       0x18 ./libraries/SD/src/utility/Sd2Card.cpp.o
 .text._ZN6SdFile10addClusterEv
                0x00000000000039a0       0x2c ./libraries/SD/src/utility/SdFile.cpp.o
                0x00000000000039a0                SdFile::addCluster()
 .text._ZN6SdFile13addDirClusterEv
                0x00000000000039cc       0x4a ./libraries/SD/src/utility/SdFile.cpp.o
                0x00000000000039cc                SdFile::addDirCluster()
 *fill*         0x0000000000003a16        0x2 
 .text._ZN6SdFile13cacheDirEntryEh
                0x0000000000003a18       0x1c ./libraries/SD/src/utility/SdFile.cpp.o
                0x0000000000003a18                SdFile::cacheDirEntry(unsigned char)
 .text._ZN6SdFile10make83NameEPKcPh
                0x0000000000003a34       0x8c ./libraries/SD/src/utility/SdFile.cpp.o
                0x0000000000003a34                SdFile::make83Name(char const*, unsigned char*)
 .text._ZN6SdFile8openRootEP8SdVolume
                0x0000000000003ac0       0x52 ./libraries/SD/src/utility/SdFile.cpp.o
                0x0000000000003ac0                SdFile::openRoot(SdVolume*)
 *fill*         0x0000000000003b12        0x2 
 .text._ZN6SdFile4readEPvt
                0x0000000000003b14      0x10c ./libraries/SD/src/utility/SdFile.cpp.o
                0x0000000000003b14                SdFile::read(void*, unsigned short)
 .text._ZN6SdFile12readDirCacheEv
                0x0000000000003c20       0x48 ./libraries/SD/src/utility/SdFile.cpp.o
                0x0000000000003c20                SdFile::readDirCache()
 .text._ZN6SdFile7seekSetEm
                0x0000000000003c68       0x64 ./libraries/SD/src/utility/SdFile.cpp.o
                0x0000000000003c68                SdFile::seekSet(unsigned long)
 .text._ZN6SdFile4syncEv
                0x0000000000003ccc       0x78 ./libraries/SD/src/utility/SdFile.cpp.o
                0x0000000000003ccc                SdFile::sync()
 .text._ZN6SdFile5closeEv
                0x0000000000003d44       0x14 ./libraries/SD/src/utility/SdFile.cpp.o
                0x0000000000003d44                SdFile::close()
 .text._ZN6SdFile8truncateEm
                0x0000000000003d58       0xb4 ./libraries/SD/src/utility/SdFile.cpp.o
                0x0000000000003d58                SdFile::truncate(unsigned long)
 .text._ZN6SdFile15openCachedEntryEhh
                0x0000000000003e0c       0x98 ./libraries/SD/src/utility/SdFile.cpp.o
                0x0000000000003e0c                SdFile::openCachedEntry(unsigned char, unsigned char)
 .text._ZN6SdFile4openEPS_PKch
                0x0000000000003ea4      0x134 ./libraries/SD/src/utility/SdFile.cpp.o
                0x0000000000003ea4                SdFile::open(SdFile*, char const*, unsigned char)
 .text._ZN6SdFile6removeEv
                0x0000000000003fd8       0x28 ./libraries/SD/src/utility/SdFile.cpp.o
                0x0000000000003fd8                SdFile::remove()
 .text._ZN6SdFile6removeEPS_PKc
                0x0000000000004000       0x34 ./libraries/SD/src/utility/SdFile.cpp.o
                0x0000000000004000                SdFile::remove(SdFile*, char const*)
 .text._ZN6SdFile5writeEPKvt
                0x0000000000004034      0x1ac ./libraries/SD/src/utility/SdFile.cpp.o
                0x0000000000004034                SdFile::write(void const*, unsigned short)
 .text._ZN6SdFile5writeEh
                0x00000000000041e0       0x12 ./libraries/SD/src/utility/SdFile.cpp.o
                0x00000000000041e0                SdFile::write(unsigned char)
 *fill*         0x00000000000041f2        0x2 
 .text._ZN8SdVolume10cacheFlushEv
                0x00000000000041f4       0x54 ./libraries/SD/src/utility/SdVolume.cpp.o
                0x00000000000041f4                SdVolume::cacheFlush()
 .text._ZN8SdVolume13cacheRawBlockEmh
                0x0000000000004248       0x48 ./libraries/SD/src/utility/SdVolume.cpp.o
                0x0000000000004248                SdVolume::cacheRawBlock(unsigned long, unsigned char)
 .text._ZN8SdVolume14cacheZeroBlockEm
                0x0000000000004290       0x3c ./libraries/SD/src/utility/SdVolume.cpp.o
                0x0000000000004290                SdVolume::cacheZeroBlock(unsigned long)
 .text._ZNK8SdVolume6fatGetEmPm
                0x00000000000042cc       0x60 ./libraries/SD/src/utility/SdVolume.cpp.o
                0x00000000000042cc                SdVolume::fatGet(unsigned long, unsigned long*) const
 .text._ZNK8SdVolume9chainSizeEmPm
                0x000000000000432c       0x44 ./libraries/SD/src/utility/SdVolume.cpp.o
                0x000000000000432c                SdVolume::chainSize(unsigned long, unsigned long*) const
 .text._ZN8SdVolume6fatPutEmm
                0x0000000000004370       0x88 ./libraries/SD/src/utility/SdVolume.cpp.o
                0x0000000000004370                SdVolume::fatPut(unsigned long, unsigned long)
 .text._ZN8SdVolume15allocContiguousEmPm
                0x00000000000043f8       0xc8 ./libraries/SD/src/utility/SdVolume.cpp.o
                0x00000000000043f8                SdVolume::allocContiguous(unsigned long, unsigned long*)
 .text._ZN8SdVolume9freeChainEm
                0x00000000000044c0       0x4c ./libraries/SD/src/utility/SdVolume.cpp.o
                0x00000000000044c0                SdVolume::freeChain(unsigned long)
 .text._ZN8SdVolume4initEP7Sd2Cardh
                0x000000000000450c      0x128 ./libraries/SD/src/utility/SdVolume.cpp.o
                0x000000000000450c                SdVolume::init(Sd2Card*, unsigned char)
 .text._ZN5SDLib4File5writeEh
                0x0000000000004634       0x14 ./libraries/SD/src/File.cpp.o
                0x0000000000004634                SDLib::File::write(unsigned char)
 .text._ZN5SDLib4File5writeEPKhj
                0x0000000000004648       0x2a ./libraries/SD/src/File.cpp.o
                0x0000000000004648                SDLib::File::write(unsigned char const*, unsigned int)
 .text._ZN5SDLib4File5flushEv
                0x0000000000004672        0xe ./libraries/SD/src/File.cpp.o
                0x0000000000004672                SDLib::File::flush()
 .text._ZN6SdFile4readEv
                0x0000000000004680       0x20 ./libraries/SD/src/File.cpp.o
                0x0000000000004680                SdFile::read()
 .text._ZN5SDLib4File4readEv
                0x00000000000046a0       0x14 ./libraries/SD/src/File.cpp.o
                0x00000000000046a0                SDLib::File::read()
 .text._ZN5SDLib4File4peekEv
                0x00000000000046b4       0x22 ./libraries/SD/src/File.cpp.o
                0x00000000000046b4                SDLib::File::peek()
 *fill*         0x00000000000046d6        0x2 
 .text._ZN5SDLib4FileC2E6SdFilePKc
                0x00000000000046d8       0x44 ./libraries/SD/src/File.cpp.o
                0x00000000000046d8                SDLib::File::File(SdFile, char const*)
                0x00000000000046d8                SDLib::File::File(SdFile, char const*)
 .text._ZN5SDLib4FileC2Ev
                0x000000000000471c       0x1c ./libraries/SD/src/File.cpp.o
                0x000000000000471c                SDLib::File::File()
                0x000000000000471c                SDLib::File::File()
 .text._ZN5SDLib4File4seekEm
                0x0000000000004738       0x14 ./libraries/SD/src/File.cpp.o
                0x0000000000004738                SDLib::File::seek(unsigned long)
 .text._ZN5SDLib4File8positionEv
                0x000000000000474c       0x10 ./libraries/SD/src/File.cpp.o
                0x000000000000474c                SDLib::File::position()
 .text._ZN5SDLib4File4sizeEv
                0x000000000000475c        0xa ./libraries/SD/src/File.cpp.o
                0x000000000000475c                SDLib::File::size()
 *fill*         0x0000000000004766        0x2 
 .text._ZN5SDLib4File9availableEv
                0x0000000000004768       0x28 ./libraries/SD/src/File.cpp.o
                0x0000000000004768                SDLib::File::available()
 .text._ZN5SDLib4File5closeEv
                0x0000000000004790       0x1a ./libraries/SD/src/File.cpp.o
                0x0000000000004790                SDLib::File::close()
 .text._ZN5SDLib4FilecvbEv
                0x00000000000047aa       0x10 ./libraries/SD/src/File.cpp.o
                0x00000000000047aa                SDLib::File::operator bool()
 .text._ZN5SDLib15callback_removeER6SdFilePKcbPv
                0x00000000000047ba       0x18 ./libraries/SD/src/SD.cpp.o
                0x00000000000047ba                SDLib::callback_remove(SdFile&, char const*, bool, void*)
 .text._ZN8SdVolume4initEP7Sd2Card
                0x00000000000047d2       0x1e ./libraries/SD/src/SD.cpp.o
                0x00000000000047d2                SdVolume::init(Sd2Card*)
 .text._ZN5SDLib20getNextPathComponentEPKcPjPc
                0x00000000000047f0       0x4a ./libraries/SD/src/SD.cpp.o
                0x00000000000047f0                SDLib::getNextPathComponent(char const*, unsigned int*, char*)
 *fill*         0x000000000000483a        0x2 
 .text._ZN5SDLib8walkPathEPKcR6SdFilePFbS3_S1_bPvES4_
                0x000000000000483c       0xa0 ./libraries/SD/src/SD.cpp.o
                0x000000000000483c                SDLib::walkPath(char const*, SdFile&, bool (*)(SdFile&, char const*, bool, void*), void*)
 .text._ZN5SDLib7SDClass5beginEh
                0x00000000000048dc       0x36 ./libraries/SD/src/SD.cpp.o
                0x00000000000048dc                SDLib::SDClass::begin(unsigned char)
 *fill*         0x0000000000004912        0x2 
 .text._ZN6SdFileC2ERKS_
                0x0000000000004914       0x34 ./libraries/SD/src/SD.cpp.o
                0x0000000000004914                SdFile::SdFile(SdFile const&)
                0x0000000000004914                SdFile::SdFile(SdFile const&)
 .text._ZN5SDLib7SDClass12getParentDirEPKcPi
                0x0000000000004948       0xa8 ./libraries/SD/src/SD.cpp.o
                0x0000000000004948                SDLib::SDClass::getParentDir(char const*, int*)
 .text._ZN5SDLib7SDClass4openEPKch
                0x00000000000049f0       0xac ./libraries/SD/src/SD.cpp.o
                0x00000000000049f0                SDLib::SDClass::open(char const*, unsigned char)
 .text._ZN5SDLib7SDClass6removeEPKc
                0x0000000000004a9c       0x18 ./libraries/SD/src/SD.cpp.o
                0x0000000000004a9c                SDLib::SDClass::remove(char const*)
 .text.startup._GLOBAL__sub_I__ZN5SDLib20getNextPathComponentEPKcPjPc
                0x0000000000004ab4       0x2c ./libraries/SD/src/SD.cpp.o
 .text._ZN13Adafruit_FONA9availableEv
                0x0000000000004ae0        0xe ./libraries/Adafruit_FONA/Adafruit_FONA.cpp.o
                0x0000000000004ae0                Adafruit_FONA::available()
 .text._ZN13Adafruit_FONA5writeEh
                0x0000000000004aee        0xe ./libraries/Adafruit_FONA/Adafruit_FONA.cpp.o
                0x0000000000004aee                Adafruit_FONA::write(unsigned char)
 .text._ZN13Adafruit_FONA4readEv
                0x0000000000004afc        0xe ./libraries/Adafruit_FONA/Adafruit_FONA.cpp.o
                0x0000000000004afc                Adafruit_FONA::read()
 .text._ZN13Adafruit_FONA4peekEv
                0x0000000000004b0a        0xe ./libraries/Adafruit_FONA/Adafruit_FONA.cpp.o
                0x0000000000004b0a                Adafruit_FONA::peek()
 .text._ZN13Adafruit_FONA5flushEv
                0x0000000000004b18        0xe ./libraries/Adafruit_FONA/Adafruit_FONA.cpp.o
                0x0000000000004b18                Adafruit_FONA::flush()
 *fill*         0x0000000000004b26        0x2 
 .text._ZN13Adafruit_FONAC2Ea
                0x0000000000004b28       0x40 ./libraries/Adafruit_FONA/Adafruit_FONA.cpp.o
                0x0000000000004b28                Adafruit_FONA::Adafruit_FONA(signed char)
                0x0000000000004b28                Adafruit_FONA::Adafruit_FONA(signed char)
 .text._ZN13Adafruit_FONA22setGPRSNetworkSettingsEPK19__FlashStringHelperS2_S2_
                0x0000000000004b68        0xa ./libraries/Adafruit_FONA/Adafruit_FONA.cpp.o
                0x0000000000004b68                Adafruit_FONA::setGPRSNetworkSettings(__FlashStringHelper const*, __FlashStringHelper const*, __FlashStringHelper const*)
 .text._ZN13Adafruit_FONA10flushInputEv
                0x0000000000004b72       0x32 ./libraries/Adafruit_FONA/Adafruit_FONA.cpp.o
                0x0000000000004b72                Adafruit_FONA::flushInput()
 .text._ZN13Adafruit_FONA15HTTP_para_startEPK19__FlashStringHelperb
                0x0000000000004ba4       0x3c ./libraries/Adafruit_FONA/Adafruit_FONA.cpp.o
                0x0000000000004ba4                Adafruit_FONA::HTTP_para_start(__FlashStringHelper const*, bool)
 .text._ZN13Adafruit_FONA7readRawEt
                0x0000000000004be0       0x5a ./libraries/Adafruit_FONA/Adafruit_FONA.cpp.o
                0x0000000000004be0                Adafruit_FONA::readRaw(unsigned short)
 .text._ZN13Adafruit_FONA8readlineEtb
                0x0000000000004c3a       0x64 ./libraries/Adafruit_FONA/Adafruit_FONA.cpp.o
                0x0000000000004c3a                Adafruit_FONA::readline(unsigned short, bool)
 .text._ZN13Adafruit_FONA11expectReplyEPK19__FlashStringHelpert
                0x0000000000004c9e       0x20 ./libraries/Adafruit_FONA/Adafruit_FONA.cpp.o
                0x0000000000004c9e                Adafruit_FONA::expectReply(__FlashStringHelper const*, unsigned short)
 *fill*         0x0000000000004cbe        0x2 
 .text._ZN13Adafruit_FONA13HTTP_para_endEb
                0x0000000000004cc0       0x2c ./libraries/Adafruit_FONA/Adafruit_FONA.cpp.o
                0x0000000000004cc0                Adafruit_FONA::HTTP_para_end(bool)
 .text._ZN13Adafruit_FONA9HTTP_paraEPK19__FlashStringHelperPKc
                0x0000000000004cec       0x22 ./libraries/Adafruit_FONA/Adafruit_FONA.cpp.o
                0x0000000000004cec                Adafruit_FONA::HTTP_para(__FlashStringHelper const*, char const*)
 .text._ZN13Adafruit_FONA9HTTP_paraEPK19__FlashStringHelperS2_
                0x0000000000004d0e       0x22 ./libraries/Adafruit_FONA/Adafruit_FONA.cpp.o
                0x0000000000004d0e                Adafruit_FONA::HTTP_para(__FlashStringHelper const*, __FlashStringHelper const*)
 .text._ZN13Adafruit_FONA9HTTP_paraEPK19__FlashStringHelperl
                0x0000000000004d30       0x24 ./libraries/Adafruit_FONA/Adafruit_FONA.cpp.o
                0x0000000000004d30                Adafruit_FONA::HTTP_para(__FlashStringHelper const*, long)
 .text._ZN13Adafruit_FONA9HTTP_dataEmm
                0x0000000000004d54       0x50 ./libraries/Adafruit_FONA/Adafruit_FONA.cpp.o
                0x0000000000004d54                Adafruit_FONA::HTTP_data(unsigned long, unsigned long)
 .text._ZN13Adafruit_FONA8getReplyEPct
                0x0000000000004da4       0x24 ./libraries/Adafruit_FONA/Adafruit_FONA.cpp.o
                0x0000000000004da4                Adafruit_FONA::getReply(char*, unsigned short)
 .text._ZN13Adafruit_FONA8getReplyEPK19__FlashStringHelpert
                0x0000000000004dc8       0x24 ./libraries/Adafruit_FONA/Adafruit_FONA.cpp.o
                0x0000000000004dc8                Adafruit_FONA::getReply(__FlashStringHelper const*, unsigned short)
 .text._ZN13Adafruit_FONA9GPSstatusEv
                0x0000000000004dec       0xc4 ./libraries/Adafruit_FONA/Adafruit_FONA.cpp.o
                0x0000000000004dec                Adafruit_FONA::GPSstatus()
 .text._ZN13Adafruit_FONA8getReplyEPK19__FlashStringHelperlt
                0x0000000000004eb0       0x30 ./libraries/Adafruit_FONA/Adafruit_FONA.cpp.o
                0x0000000000004eb0                Adafruit_FONA::getReply(__FlashStringHelper const*, long, unsigned short)
 .text._ZN13Adafruit_FONA6getGPSEhPch
                0x0000000000004ee0       0x84 ./libraries/Adafruit_FONA/Adafruit_FONA.cpp.o
                0x0000000000004ee0                Adafruit_FONA::getGPS(unsigned char, char*, unsigned char)
 *fill*         0x0000000000004f64        0x4 
 .text._ZN13Adafruit_FONA6getGPSEPdPfS1_S1_S1_S1_
                0x0000000000004f68      0x4c0 ./libraries/Adafruit_FONA/Adafruit_FONA.cpp.o
                0x0000000000004f68                Adafruit_FONA::getGPS(double*, float*, float*, float*, float*, float*)
 .text._ZN13Adafruit_FONA14getReplyQuotedEPK19__FlashStringHelperS2_t
                0x0000000000005428       0x3e ./libraries/Adafruit_FONA/Adafruit_FONA.cpp.o
                0x0000000000005428                Adafruit_FONA::getReplyQuoted(__FlashStringHelper const*, __FlashStringHelper const*, unsigned short)
 .text._ZN13Adafruit_FONA14sendCheckReplyEPK19__FlashStringHelperS2_t
                0x0000000000005466       0x26 ./libraries/Adafruit_FONA/Adafruit_FONA.cpp.o
                0x0000000000005466                Adafruit_FONA::sendCheckReply(__FlashStringHelper const*, __FlashStringHelper const*, unsigned short)
 .text._ZN13Adafruit_FONA5beginER6Stream
                0x000000000000548c      0x1e4 ./libraries/Adafruit_FONA/Adafruit_FONA.cpp.o
                0x000000000000548c                Adafruit_FONA::begin(Stream&)
 .text._ZN13Adafruit_FONA9HTTP_initEv
                0x0000000000005670       0x18 ./libraries/Adafruit_FONA/Adafruit_FONA.cpp.o
                0x0000000000005670                Adafruit_FONA::HTTP_init()
 .text._ZN13Adafruit_FONA9HTTP_termEv
                0x0000000000005688       0x18 ./libraries/Adafruit_FONA/Adafruit_FONA.cpp.o
                0x0000000000005688                Adafruit_FONA::HTTP_term()
 .text._ZN13Adafruit_FONA13HTTP_POST_endEv
                0x00000000000056a0        0x8 ./libraries/Adafruit_FONA/Adafruit_FONA.cpp.o
                0x00000000000056a0                Adafruit_FONA::HTTP_POST_end()
 .text._ZN13Adafruit_FONA14sendCheckReplyEPcPK19__FlashStringHelpert
                0x00000000000056a8       0x26 ./libraries/Adafruit_FONA/Adafruit_FONA.cpp.o
                0x00000000000056a8                Adafruit_FONA::sendCheckReply(char*, __FlashStringHelper const*, unsigned short)
 *fill*         0x00000000000056ce        0x2 
 .text._ZN13Adafruit_FONA7sendSMSEPcS0_
                0x00000000000056d0       0xe8 ./libraries/Adafruit_FONA/Adafruit_FONA.cpp.o
                0x00000000000056d0                Adafruit_FONA::sendSMS(char*, char*)
 .text._ZN13Adafruit_FONA9deleteSMSEh
                0x00000000000057b8       0x70 ./libraries/Adafruit_FONA/Adafruit_FONA.cpp.o
                0x00000000000057b8                Adafruit_FONA::deleteSMS(unsigned char)
 .text._ZN13Adafruit_FONA14sendCheckReplyEPK19__FlashStringHelperlS2_t
                0x0000000000005828       0x20 ./libraries/Adafruit_FONA/Adafruit_FONA.cpp.o
                0x0000000000005828                Adafruit_FONA::sendCheckReply(__FlashStringHelper const*, long, __FlashStringHelper const*, unsigned short)
 .text._ZN13Adafruit_FONA8HTTP_sslEb
                0x0000000000005848       0x1c ./libraries/Adafruit_FONA/Adafruit_FONA.cpp.o
                0x0000000000005848                Adafruit_FONA::HTTP_ssl(bool)
 .text._ZN13Adafruit_FONA10HTTP_setupEPc
                0x0000000000005864       0x78 ./libraries/Adafruit_FONA/Adafruit_FONA.cpp.o
                0x0000000000005864                Adafruit_FONA::HTTP_setup(char*)
 .text._ZN13Adafruit_FONA20sendCheckReplyQuotedEPK19__FlashStringHelperS2_S2_t
                0x00000000000058dc       0x20 ./libraries/Adafruit_FONA/Adafruit_FONA.cpp.o
                0x00000000000058dc                Adafruit_FONA::sendCheckReplyQuoted(__FlashStringHelper const*, __FlashStringHelper const*, __FlashStringHelper const*, unsigned short)
 .text._ZN13Adafruit_FONA10enableGPRSEb
                0x00000000000058fc      0x168 ./libraries/Adafruit_FONA/Adafruit_FONA.cpp.o
                0x00000000000058fc                Adafruit_FONA::enableGPRS(bool)
 .text._ZN13Adafruit_FONA10parseReplyEPK19__FlashStringHelperPtch
                0x0000000000005a64       0x44 ./libraries/Adafruit_FONA/Adafruit_FONA.cpp.o
                0x0000000000005a64                Adafruit_FONA::parseReply(__FlashStringHelper const*, unsigned short*, char, unsigned char)
 .text._ZN13Adafruit_FONA7readSMSEhPctPt
                0x0000000000005aa8       0xc0 ./libraries/Adafruit_FONA/Adafruit_FONA.cpp.o
                0x0000000000005aa8                Adafruit_FONA::readSMS(unsigned char, char*, unsigned short, unsigned short*)
 .text._ZN13Adafruit_FONA11HTTP_actionEhPtS0_l
                0x0000000000005b68       0x64 ./libraries/Adafruit_FONA/Adafruit_FONA.cpp.o
                0x0000000000005b68                Adafruit_FONA::HTTP_action(unsigned char, unsigned short*, unsigned short*, long)
 .text._ZN13Adafruit_FONA12HTTP_readallEPt
                0x0000000000005bcc       0x2c ./libraries/Adafruit_FONA/Adafruit_FONA.cpp.o
                0x0000000000005bcc                Adafruit_FONA::HTTP_readall(unsigned short*)
 .text._ZN13Adafruit_FONA15HTTP_POST_startEPcPK19__FlashStringHelperPKhtPtS6_
                0x0000000000005bf8       0x7c ./libraries/Adafruit_FONA/Adafruit_FONA.cpp.o
                0x0000000000005bf8                Adafruit_FONA::HTTP_POST_start(char*, __FlashStringHelper const*, unsigned char const*, unsigned short, unsigned short*, unsigned short*)
 .text._ZN13Adafruit_FONA16parseReplyQuotedEPK19__FlashStringHelperPcich
                0x0000000000005c74       0x74 ./libraries/Adafruit_FONA/Adafruit_FONA.cpp.o
                0x0000000000005c74                Adafruit_FONA::parseReplyQuoted(__FlashStringHelper const*, char*, int, char, unsigned char)
 .text._ZN13Adafruit_FONA12getSMSSenderEhPci
                0x0000000000005ce8       0x88 ./libraries/Adafruit_FONA/Adafruit_FONA.cpp.o
                0x0000000000005ce8                Adafruit_FONA::getSMSSender(unsigned char, char*, int)
 .text._ZN13Adafruit_FONA14sendParseReplyEPK19__FlashStringHelperS2_Ptch
                0x0000000000005d70       0x40 ./libraries/Adafruit_FONA/Adafruit_FONA.cpp.o
                0x0000000000005d70                Adafruit_FONA::sendParseReply(__FlashStringHelper const*, __FlashStringHelper const*, unsigned short*, char, unsigned char)
 .text._ZN13Adafruit_FONA7getRSSIEv
                0x0000000000005db0       0x30 ./libraries/Adafruit_FONA/Adafruit_FONA.cpp.o
                0x0000000000005db0                Adafruit_FONA::getRSSI()
 .text._ZN13Adafruit_FONA9getNumSMSEv
                0x0000000000005de0       0x68 ./libraries/Adafruit_FONA/Adafruit_FONA.cpp.o
                0x0000000000005de0                Adafruit_FONA::getNumSMS()
 .text._ZN13Adafruit_FONA9enableGPSEb
                0x0000000000005e48       0xa4 ./libraries/Adafruit_FONA/Adafruit_FONA.cpp.o
                0x0000000000005e48                Adafruit_FONA::enableGPS(bool)
 .text.SERCOM0_Handler
                0x0000000000005eec       0x10 /home/carvajavo/Documents/sloeber-workspace/Zeus_Remora2_0/Release/arduino.ar(variant.cpp.o)
                0x0000000000005eec                SERCOM0_Handler
 .text.SERCOM5_Handler
                0x0000000000005efc       0x10 /home/carvajavo/Documents/sloeber-workspace/Zeus_Remora2_0/Release/arduino.ar(variant.cpp.o)
                0x0000000000005efc                SERCOM5_Handler
 .text.startup._GLOBAL__sub_I_g_APinDescription
                0x0000000000005f0c       0x94 /home/carvajavo/Documents/sloeber-workspace/Zeus_Remora2_0/Release/arduino.ar(variant.cpp.o)
 .text._ZN7Serial_17availableForWriteEv
                0x0000000000005fa0        0x4 /home/carvajavo/Documents/sloeber-workspace/Zeus_Remora2_0/Release/arduino.ar(CDC.cpp.o)
                0x0000000000005fa0                Serial_::availableForWrite()
 .text._ZN7Serial_4peekEv
                0x0000000000005fa4       0x2c /home/carvajavo/Documents/sloeber-workspace/Zeus_Remora2_0/Release/arduino.ar(CDC.cpp.o)
                0x0000000000005fa4                Serial_::peek()
 .text._ZN7Serial_5writeEh
                0x0000000000005fd0       0x14 /home/carvajavo/Documents/sloeber-workspace/Zeus_Remora2_0/Release/arduino.ar(CDC.cpp.o)
                0x0000000000005fd0                Serial_::write(unsigned char)
 .text._ZN7Serial_6acceptEv
                0x0000000000005fe4       0x68 /home/carvajavo/Documents/sloeber-workspace/Zeus_Remora2_0/Release/arduino.ar(CDC.cpp.o)
                0x0000000000005fe4                Serial_::accept()
 .text._ZN7Serial_4readEv
                0x000000000000604c       0x68 /home/carvajavo/Documents/sloeber-workspace/Zeus_Remora2_0/Release/arduino.ar(CDC.cpp.o)
                0x000000000000604c                Serial_::read()
 .text._ZN7Serial_5flushEv
                0x00000000000060b4        0xc /home/carvajavo/Documents/sloeber-workspace/Zeus_Remora2_0/Release/arduino.ar(CDC.cpp.o)
                0x00000000000060b4                Serial_::flush()
 .text._ZN7Serial_9availableEv
                0x00000000000060c0       0x3c /home/carvajavo/Documents/sloeber-workspace/Zeus_Remora2_0/Release/arduino.ar(CDC.cpp.o)
                0x00000000000060c0                Serial_::available()
 .text._ZN7Serial_5writeEPKhj
                0x00000000000060fc       0x2c /home/carvajavo/Documents/sloeber-workspace/Zeus_Remora2_0/Release/arduino.ar(CDC.cpp.o)
                0x00000000000060fc                Serial_::write(unsigned char const*, unsigned int)
 .text._Z16CDC_GetInterfacePh
                0x0000000000006128       0x1c /home/carvajavo/Documents/sloeber-workspace/Zeus_Remora2_0/Release/arduino.ar(CDC.cpp.o)
                0x0000000000006128                CDC_GetInterface(unsigned char*)
 .text._Z9CDC_SetupR8USBSetup
                0x0000000000006144       0x80 /home/carvajavo/Documents/sloeber-workspace/Zeus_Remora2_0/Release/arduino.ar(CDC.cpp.o)
                0x0000000000006144                CDC_Setup(USBSetup&)
 .text._ZN7Serial_5beginEm
                0x00000000000061c4        0x2 /home/carvajavo/Documents/sloeber-workspace/Zeus_Remora2_0/Release/arduino.ar(CDC.cpp.o)
                0x00000000000061c4                Serial_::begin(unsigned long)
 *fill*         0x00000000000061c6        0x2 
 .text._ZN7Serial_cvbEv
                0x00000000000061c8       0x28 /home/carvajavo/Documents/sloeber-workspace/Zeus_Remora2_0/Release/arduino.ar(CDC.cpp.o)
                0x00000000000061c8                Serial_::operator bool()
 .text.startup._GLOBAL__sub_I_cdc_rx_buffer
                0x00000000000061f0       0x24 /home/carvajavo/Documents/sloeber-workspace/Zeus_Remora2_0/Release/arduino.ar(CDC.cpp.o)
 .text._ZN14USBDeviceClass6initEPEmm.part.1
                0x0000000000006214       0x80 /home/carvajavo/Documents/sloeber-workspace/Zeus_Remora2_0/Release/arduino.ar(USBCore.cpp.o)
 .text._ZN20USBDevice_SAMD21G18x5resetEv
                0x0000000000006294       0x28 /home/carvajavo/Documents/sloeber-workspace/Zeus_Remora2_0/Release/arduino.ar(USBCore.cpp.o)
                0x0000000000006294                USBDevice_SAMD21G18x::reset()
 .text._ZN20USBDevice_SAMD21G18x9calibrateEv
                0x00000000000062bc       0x5c /home/carvajavo/Documents/sloeber-workspace/Zeus_Remora2_0/Release/arduino.ar(USBCore.cpp.o)
                0x00000000000062bc                USBDevice_SAMD21G18x::calibrate()
 .text._ZN14USBDeviceClass14SendInterfacesEPm
                0x0000000000006318       0x2c /home/carvajavo/Documents/sloeber-workspace/Zeus_Remora2_0/Release/arduino.ar(USBCore.cpp.o)
                0x0000000000006318                USBDeviceClass::SendInterfaces(unsigned long*)
 .text._ZN14USBDeviceClass4initEv
                0x0000000000006344       0xf0 /home/carvajavo/Documents/sloeber-workspace/Zeus_Remora2_0/Release/arduino.ar(USBCore.cpp.o)
                0x0000000000006344                USBDeviceClass::init()
 .text._ZN14USBDeviceClass6attachEv
                0x0000000000006434       0x34 /home/carvajavo/Documents/sloeber-workspace/Zeus_Remora2_0/Release/arduino.ar(USBCore.cpp.o)
                0x0000000000006434                USBDeviceClass::attach()
 .text._ZN14USBDeviceClass10setAddressEm
                0x0000000000006468       0x48 /home/carvajavo/Documents/sloeber-workspace/Zeus_Remora2_0/Release/arduino.ar(USBCore.cpp.o)
                0x0000000000006468                USBDeviceClass::setAddress(unsigned long)
 .text._ZN14USBDeviceClass25handleClassInterfaceSetupER8USBSetup
                0x00000000000064b0       0x40 /home/carvajavo/Documents/sloeber-workspace/Zeus_Remora2_0/Release/arduino.ar(USBCore.cpp.o)
                0x00000000000064b0                USBDeviceClass::handleClassInterfaceSetup(USBSetup&)
 .text._ZN14USBDeviceClass6initEPEmm
                0x00000000000064f0       0xe4 /home/carvajavo/Documents/sloeber-workspace/Zeus_Remora2_0/Release/arduino.ar(USBCore.cpp.o)
                0x00000000000064f0                USBDeviceClass::initEP(unsigned long, unsigned long)
 .text._ZN14USBDeviceClass13initEndpointsEv
                0x00000000000065d4       0x24 /home/carvajavo/Documents/sloeber-workspace/Zeus_Remora2_0/Release/arduino.ar(USBCore.cpp.o)
                0x00000000000065d4                USBDeviceClass::initEndpoints()
 .text._ZN14USBDeviceClass5flushEm
                0x00000000000065f8       0x2c /home/carvajavo/Documents/sloeber-workspace/Zeus_Remora2_0/Release/arduino.ar(USBCore.cpp.o)
                0x00000000000065f8                USBDeviceClass::flush(unsigned long)
 .text._ZN14USBDeviceClass9availableEm
                0x0000000000006624       0x14 /home/carvajavo/Documents/sloeber-workspace/Zeus_Remora2_0/Release/arduino.ar(USBCore.cpp.o)
                0x0000000000006624                USBDeviceClass::available(unsigned long)
 .text._ZN14USBDeviceClass14armRecvCtrlOUTEm
                0x0000000000006638       0x60 /home/carvajavo/Documents/sloeber-workspace/Zeus_Remora2_0/Release/arduino.ar(USBCore.cpp.o)
                0x0000000000006638                USBDeviceClass::armRecvCtrlOUT(unsigned long)
 .text._ZN14USBDeviceClass11recvControlEPvm
                0x0000000000006698       0x3c /home/carvajavo/Documents/sloeber-workspace/Zeus_Remora2_0/Release/arduino.ar(USBCore.cpp.o)
                0x0000000000006698                USBDeviceClass::recvControl(void*, unsigned long)
 .text._ZN14USBDeviceClass7armRecvEm
                0x00000000000066d4       0x3c /home/carvajavo/Documents/sloeber-workspace/Zeus_Remora2_0/Release/arduino.ar(USBCore.cpp.o)
                0x00000000000066d4                USBDeviceClass::armRecv(unsigned long)
 .text._ZN14USBDeviceClass4recvEmPvm
                0x0000000000006710       0xa8 /home/carvajavo/Documents/sloeber-workspace/Zeus_Remora2_0/Release/arduino.ar(USBCore.cpp.o)
                0x0000000000006710                USBDeviceClass::recv(unsigned long, void*, unsigned long)
 .text._ZN14USBDeviceClass4sendEmPKvm
                0x00000000000067b8       0xb0 /home/carvajavo/Documents/sloeber-workspace/Zeus_Remora2_0/Release/arduino.ar(USBCore.cpp.o)
                0x00000000000067b8                USBDeviceClass::send(unsigned long, void const*, unsigned long)
 .text._ZN14USBDeviceClass7armSendEmPKvm
                0x0000000000006868       0x48 /home/carvajavo/Documents/sloeber-workspace/Zeus_Remora2_0/Release/arduino.ar(USBCore.cpp.o)
                0x0000000000006868                USBDeviceClass::armSend(unsigned long, void const*, unsigned long)
 .text._ZN14USBDeviceClass11sendControlEPKvm
                0x00000000000068b0       0x58 /home/carvajavo/Documents/sloeber-workspace/Zeus_Remora2_0/Release/arduino.ar(USBCore.cpp.o)
                0x00000000000068b0                USBDeviceClass::sendControl(void const*, unsigned long)
 .text._ZN14USBDeviceClass20sendStringDescriptorEPKhh
                0x0000000000006908       0x68 /home/carvajavo/Documents/sloeber-workspace/Zeus_Remora2_0/Release/arduino.ar(USBCore.cpp.o)
                0x0000000000006908                USBDeviceClass::sendStringDescriptor(unsigned char const*, unsigned char)
 .text._ZN14USBDeviceClass12packMessagesEb.part.3
                0x0000000000006970       0x20 /home/carvajavo/Documents/sloeber-workspace/Zeus_Remora2_0/Release/arduino.ar(USBCore.cpp.o)
 .text._ZN14USBDeviceClass17sendConfigurationEm
                0x0000000000006990       0x90 /home/carvajavo/Documents/sloeber-workspace/Zeus_Remora2_0/Release/arduino.ar(USBCore.cpp.o)
                0x0000000000006990                USBDeviceClass::sendConfiguration(unsigned long)
 .text._ZN14USBDeviceClass14sendDescriptorER8USBSetup
                0x0000000000006a20       0xb4 /home/carvajavo/Documents/sloeber-workspace/Zeus_Remora2_0/Release/arduino.ar(USBCore.cpp.o)
                0x0000000000006a20                USBDeviceClass::sendDescriptor(USBSetup&)
 .text._ZN14USBDeviceClass19handleStandardSetupER8USBSetup
                0x0000000000006ad4      0x11c /home/carvajavo/Documents/sloeber-workspace/Zeus_Remora2_0/Release/arduino.ar(USBCore.cpp.o)
                0x0000000000006ad4                USBDeviceClass::handleStandardSetup(USBSetup&)
 .text.startup._GLOBAL__sub_I__ZN20USBDevice_SAMD21G18x5resetEv
                0x0000000000006bf0       0x10 /home/carvajavo/Documents/sloeber-workspace/Zeus_Remora2_0/Release/arduino.ar(USBCore.cpp.o)
 .text._ZN14USBDeviceClass14handleEndpointEh
                0x0000000000006c00       0x5c /home/carvajavo/Documents/sloeber-workspace/Zeus_Remora2_0/Release/arduino.ar(USBCore.cpp.o)
                0x0000000000006c00                USBDeviceClass::handleEndpoint(unsigned char)
 .text._ZN14USBDeviceClass10ISRHandlerEv
                0x0000000000006c5c      0x140 /home/carvajavo/Documents/sloeber-workspace/Zeus_Remora2_0/Release/arduino.ar(USBCore.cpp.o)
                0x0000000000006c5c                USBDeviceClass::ISRHandler()
 .text.UDD_Handler
                0x0000000000006d9c       0x10 /home/carvajavo/Documents/sloeber-workspace/Zeus_Remora2_0/Release/arduino.ar(USBCore.cpp.o)
                0x0000000000006d9c                UDD_Handler
 .text._ZN5Print5writeEPKhj
                0x0000000000006dac       0x28 /home/carvajavo/Documents/sloeber-workspace/Zeus_Remora2_0/Release/arduino.ar(Print.cpp.o)
                0x0000000000006dac                Print::write(unsigned char const*, unsigned int)
 .text._ZN5Print5printEmi.part.3
                0x0000000000006dd4        0xc /home/carvajavo/Documents/sloeber-workspace/Zeus_Remora2_0/Release/arduino.ar(Print.cpp.o)
 .text._ZN5Print5writeEPKc
                0x0000000000006de0       0x1c /home/carvajavo/Documents/sloeber-workspace/Zeus_Remora2_0/Release/arduino.ar(Print.cpp.o)
                0x0000000000006de0                Print::write(char const*)
 .text._ZN5Print5printEPK19__FlashStringHelper
                0x0000000000006dfc        0x8 /home/carvajavo/Documents/sloeber-workspace/Zeus_Remora2_0/Release/arduino.ar(Print.cpp.o)
                0x0000000000006dfc                Print::print(__FlashStringHelper const*)
 .text._ZN5Print5printERK6String
                0x0000000000006e04       0x10 /home/carvajavo/Documents/sloeber-workspace/Zeus_Remora2_0/Release/arduino.ar(Print.cpp.o)
                0x0000000000006e04                Print::print(String const&)
 .text._ZN5Print5printEPKc
                0x0000000000006e14        0x8 /home/carvajavo/Documents/sloeber-workspace/Zeus_Remora2_0/Release/arduino.ar(Print.cpp.o)
                0x0000000000006e14                Print::print(char const*)
 .text._ZN5Print5printEc
                0x0000000000006e1c        0xa /home/carvajavo/Documents/sloeber-workspace/Zeus_Remora2_0/Release/arduino.ar(Print.cpp.o)
                0x0000000000006e1c                Print::print(char)
 *fill*         0x0000000000006e26        0x2 
 .text._ZN5Print7printlnEv
                0x0000000000006e28       0x10 /home/carvajavo/Documents/sloeber-workspace/Zeus_Remora2_0/Release/arduino.ar(Print.cpp.o)
                0x0000000000006e28                Print::println()
 .text._ZN5Print7printlnEPK19__FlashStringHelper
                0x0000000000006e38       0x14 /home/carvajavo/Documents/sloeber-workspace/Zeus_Remora2_0/Release/arduino.ar(Print.cpp.o)
                0x0000000000006e38                Print::println(__FlashStringHelper const*)
 .text._ZN5Print7printlnERK6String
                0x0000000000006e4c       0x14 /home/carvajavo/Documents/sloeber-workspace/Zeus_Remora2_0/Release/arduino.ar(Print.cpp.o)
                0x0000000000006e4c                Print::println(String const&)
 .text._ZN5Print7printlnEPKc
                0x0000000000006e60       0x14 /home/carvajavo/Documents/sloeber-workspace/Zeus_Remora2_0/Release/arduino.ar(Print.cpp.o)
                0x0000000000006e60                Print::println(char const*)
 .text._ZN5Print7printlnEc
                0x0000000000006e74       0x14 /home/carvajavo/Documents/sloeber-workspace/Zeus_Remora2_0/Release/arduino.ar(Print.cpp.o)
                0x0000000000006e74                Print::println(char)
 .text._ZN5Print11printNumberEmh
                0x0000000000006e88       0x4e /home/carvajavo/Documents/sloeber-workspace/Zeus_Remora2_0/Release/arduino.ar(Print.cpp.o)
                0x0000000000006e88                Print::printNumber(unsigned long, unsigned char)
 .text._ZN5Print5printEli
                0x0000000000006ed6       0x3c /home/carvajavo/Documents/sloeber-workspace/Zeus_Remora2_0/Release/arduino.ar(Print.cpp.o)
                0x0000000000006ed6                Print::print(long, int)
 .text._ZN5Print7printlnEii
                0x0000000000006f12       0x14 /home/carvajavo/Documents/sloeber-workspace/Zeus_Remora2_0/Release/arduino.ar(Print.cpp.o)
                0x0000000000006f12                Print::println(int, int)
 .text._ZN5Print7printlnEli
                0x0000000000006f26       0x14 /home/carvajavo/Documents/sloeber-workspace/Zeus_Remora2_0/Release/arduino.ar(Print.cpp.o)
                0x0000000000006f26                Print::println(long, int)
 .text._ZN5Print5printEmi
                0x0000000000006f3a       0x14 /home/carvajavo/Documents/sloeber-workspace/Zeus_Remora2_0/Release/arduino.ar(Print.cpp.o)
                0x0000000000006f3a                Print::print(unsigned long, int)
 .text._ZN5Print7printlnEhi
                0x0000000000006f4e       0x14 /home/carvajavo/Documents/sloeber-workspace/Zeus_Remora2_0/Release/arduino.ar(Print.cpp.o)
                0x0000000000006f4e                Print::println(unsigned char, int)
 .text._ZN5Print7printlnEmi
                0x0000000000006f62       0x14 /home/carvajavo/Documents/sloeber-workspace/Zeus_Remora2_0/Release/arduino.ar(Print.cpp.o)
                0x0000000000006f62                Print::println(unsigned long, int)
 *fill*         0x0000000000006f76        0x2 
 .text._ZN5Print10printFloatEdh
                0x0000000000006f78      0x170 /home/carvajavo/Documents/sloeber-workspace/Zeus_Remora2_0/Release/arduino.ar(Print.cpp.o)
                0x0000000000006f78                Print::printFloat(double, unsigned char)
 .text._ZN5Print5printEdi
                0x00000000000070e8        0xe /home/carvajavo/Documents/sloeber-workspace/Zeus_Remora2_0/Release/arduino.ar(Print.cpp.o)
                0x00000000000070e8                Print::print(double, int)
 .text._ZN5Print7printlnEdi
                0x00000000000070f6       0x1c /home/carvajavo/Documents/sloeber-workspace/Zeus_Remora2_0/Release/arduino.ar(Print.cpp.o)
                0x00000000000070f6                Print::println(double, int)
 *fill*         0x0000000000007112        0x2 
 .text.initiateReset
                0x0000000000007114        0xc /home/carvajavo/Documents/sloeber-workspace/Zeus_Remora2_0/Release/arduino.ar(Reset.cpp.o)
                0x0000000000007114                initiateReset
 .text.cancelReset
                0x0000000000007120       0x10 /home/carvajavo/Documents/sloeber-workspace/Zeus_Remora2_0/Release/arduino.ar(Reset.cpp.o)
                0x0000000000007120                cancelReset
 .text.tickReset
                0x0000000000007130       0x5c /home/carvajavo/Documents/sloeber-workspace/Zeus_Remora2_0/Release/arduino.ar(Reset.cpp.o)
                0x0000000000007130                tickReset
 .text._ZN6SERCOMC2EP6Sercom
                0x000000000000718c        0x4 /home/carvajavo/Documents/sloeber-workspace/Zeus_Remora2_0/Release/arduino.ar(SERCOM.cpp.o)
                0x000000000000718c                SERCOM::SERCOM(Sercom*)
                0x000000000000718c                SERCOM::SERCOM(Sercom*)
 .text._ZN6SERCOM9initFrameE18SercomUartCharSize15SercomDataOrder16SercomParityMode19SercomNumberStopBit
                0x0000000000007190       0x38 /home/carvajavo/Documents/sloeber-workspace/Zeus_Remora2_0/Release/arduino.ar(SERCOM.cpp.o)
                0x0000000000007190                SERCOM::initFrame(SercomUartCharSize, SercomDataOrder, SercomParityMode, SercomNumberStopBit)
 .text._ZN6SERCOM8initPadsE15SercomUartTXPad11SercomRXPad
                0x00000000000071c8       0x26 /home/carvajavo/Documents/sloeber-workspace/Zeus_Remora2_0/Release/arduino.ar(SERCOM.cpp.o)
                0x00000000000071c8                SERCOM::initPads(SercomUartTXPad, SercomRXPad)
 .text._ZN6SERCOM9resetUARTEv
                0x00000000000071ee       0x1c /home/carvajavo/Documents/sloeber-workspace/Zeus_Remora2_0/Release/arduino.ar(SERCOM.cpp.o)
                0x00000000000071ee                SERCOM::resetUART()
 .text._ZN6SERCOM10enableUARTEv
                0x000000000000720a       0x14 /home/carvajavo/Documents/sloeber-workspace/Zeus_Remora2_0/Release/arduino.ar(SERCOM.cpp.o)
                0x000000000000720a                SERCOM::enableUART()
 .text._ZN6SERCOM9flushUARTEv
                0x000000000000721e       0x10 /home/carvajavo/Documents/sloeber-workspace/Zeus_Remora2_0/Release/arduino.ar(SERCOM.cpp.o)
                0x000000000000721e                SERCOM::flushUART()
 .text._ZN6SERCOM15clearStatusUARTEv
                0x000000000000722e        0x8 /home/carvajavo/Documents/sloeber-workspace/Zeus_Remora2_0/Release/arduino.ar(SERCOM.cpp.o)
                0x000000000000722e                SERCOM::clearStatusUART()
 .text._ZN6SERCOM17availableDataUARTEv
                0x0000000000007236        0xa /home/carvajavo/Documents/sloeber-workspace/Zeus_Remora2_0/Release/arduino.ar(SERCOM.cpp.o)
                0x0000000000007236                SERCOM::availableDataUART()
 .text._ZN6SERCOM11isUARTErrorEv
                0x0000000000007240        0x8 /home/carvajavo/Documents/sloeber-workspace/Zeus_Remora2_0/Release/arduino.ar(SERCOM.cpp.o)
                0x0000000000007240                SERCOM::isUARTError()
 .text._ZN6SERCOM20acknowledgeUARTErrorEv
                0x0000000000007248        0xe /home/carvajavo/Documents/sloeber-workspace/Zeus_Remora2_0/Release/arduino.ar(SERCOM.cpp.o)
                0x0000000000007248                SERCOM::acknowledgeUARTError()
 .text._ZN6SERCOM12readDataUARTEv
                0x0000000000007256        0x8 /home/carvajavo/Documents/sloeber-workspace/Zeus_Remora2_0/Release/arduino.ar(SERCOM.cpp.o)
                0x0000000000007256                SERCOM::readDataUART()
 .text._ZN6SERCOM13writeDataUARTEh
                0x000000000000725e        0xe /home/carvajavo/Documents/sloeber-workspace/Zeus_Remora2_0/Release/arduino.ar(SERCOM.cpp.o)
                0x000000000000725e                SERCOM::writeDataUART(unsigned char)
 .text._ZN6SERCOM12initSPIClockE18SercomSpiClockModem
                0x000000000000726c       0x30 /home/carvajavo/Documents/sloeber-workspace/Zeus_Remora2_0/Release/arduino.ar(SERCOM.cpp.o)
                0x000000000000726c                SERCOM::initSPIClock(SercomSpiClockMode, unsigned long)
 .text._ZN6SERCOM8resetSPIEv
                0x000000000000729c       0x1c /home/carvajavo/Documents/sloeber-workspace/Zeus_Remora2_0/Release/arduino.ar(SERCOM.cpp.o)
                0x000000000000729c                SERCOM::resetSPI()
 .text._ZN6SERCOM9enableSPIEv
                0x00000000000072b8       0x14 /home/carvajavo/Documents/sloeber-workspace/Zeus_Remora2_0/Release/arduino.ar(SERCOM.cpp.o)
                0x00000000000072b8                SERCOM::enableSPI()
 .text._ZN6SERCOM10disableSPIEv
                0x00000000000072cc       0x14 /home/carvajavo/Documents/sloeber-workspace/Zeus_Remora2_0/Release/arduino.ar(SERCOM.cpp.o)
                0x00000000000072cc                SERCOM::disableSPI()
 .text._ZN6SERCOM12writeDataSPIEh
                0x00000000000072e0       0x26 /home/carvajavo/Documents/sloeber-workspace/Zeus_Remora2_0/Release/arduino.ar(SERCOM.cpp.o)
                0x00000000000072e0                SERCOM::writeDataSPI(unsigned char)
 .text._ZN6SERCOM11readDataSPIEv
                0x0000000000007306       0x1a /home/carvajavo/Documents/sloeber-workspace/Zeus_Remora2_0/Release/arduino.ar(SERCOM.cpp.o)
                0x0000000000007306                SERCOM::readDataSPI()
 .text._ZN6SERCOM13initClockNVICEv
                0x0000000000007320       0xac /home/carvajavo/Documents/sloeber-workspace/Zeus_Remora2_0/Release/arduino.ar(SERCOM.cpp.o)
                0x0000000000007320                SERCOM::initClockNVIC()
 .text._ZN6SERCOM8initUARTE14SercomUartMode20SercomUartSampleRatem
                0x00000000000073cc       0x6c /home/carvajavo/Documents/sloeber-workspace/Zeus_Remora2_0/Release/arduino.ar(SERCOM.cpp.o)
                0x00000000000073cc                SERCOM::initUART(SercomUartMode, SercomUartSampleRate, unsigned long)
 .text._ZN6SERCOM7initSPIE14SercomSpiTXPad11SercomRXPad17SercomSpiCharSize15SercomDataOrder
                0x0000000000007438       0x48 /home/carvajavo/Documents/sloeber-workspace/Zeus_Remora2_0/Release/arduino.ar(SERCOM.cpp.o)
                0x0000000000007438                SERCOM::initSPI(SercomSpiTXPad, SercomRXPad, SercomSpiCharSize, SercomDataOrder)
 .text._ZN6Stream9timedReadEv
                0x0000000000007480       0x2a /home/carvajavo/Documents/sloeber-workspace/Zeus_Remora2_0/Release/arduino.ar(Stream.cpp.o)
                0x0000000000007480                Stream::timedRead()
 *fill*         0x00000000000074aa        0x2 
 .text._ZN6Stream15readStringUntilEc
                0x00000000000074ac       0x30 /home/carvajavo/Documents/sloeber-workspace/Zeus_Remora2_0/Release/arduino.ar(Stream.cpp.o)
                0x00000000000074ac                Stream::readStringUntil(char)
 .text._ZN4UartcvbEv
                0x00000000000074dc        0x4 /home/carvajavo/Documents/sloeber-workspace/Zeus_Remora2_0/Release/arduino.ar(Uart.cpp.o)
                0x00000000000074dc                Uart::operator bool()
 .text._ZN4Uart5beginEm
                0x00000000000074e0        0xc /home/carvajavo/Documents/sloeber-workspace/Zeus_Remora2_0/Release/arduino.ar(Uart.cpp.o)
                0x00000000000074e0                Uart::begin(unsigned long)
 .text._ZN4Uart3endEv
                0x00000000000074ec       0x14 /home/carvajavo/Documents/sloeber-workspace/Zeus_Remora2_0/Release/arduino.ar(Uart.cpp.o)
                0x00000000000074ec                Uart::end()
 .text._ZN4Uart5flushEv
                0x0000000000007500        0xa /home/carvajavo/Documents/sloeber-workspace/Zeus_Remora2_0/Release/arduino.ar(Uart.cpp.o)
                0x0000000000007500                Uart::flush()
 .text._ZN4Uart9availableEv
                0x000000000000750a        0xa /home/carvajavo/Documents/sloeber-workspace/Zeus_Remora2_0/Release/arduino.ar(Uart.cpp.o)
                0x000000000000750a                Uart::available()
 .text._ZN4Uart4peekEv
                0x0000000000007514        0xa /home/carvajavo/Documents/sloeber-workspace/Zeus_Remora2_0/Release/arduino.ar(Uart.cpp.o)
                0x0000000000007514                Uart::peek()
 .text._ZN4Uart4readEv
                0x000000000000751e        0xa /home/carvajavo/Documents/sloeber-workspace/Zeus_Remora2_0/Release/arduino.ar(Uart.cpp.o)
                0x000000000000751e                Uart::read()
 .text._ZN4Uart5writeEh
                0x0000000000007528        0xc /home/carvajavo/Documents/sloeber-workspace/Zeus_Remora2_0/Release/arduino.ar(Uart.cpp.o)
                0x0000000000007528                Uart::write(unsigned char)
 .text._ZN4UartC2EP6SERCOMhh11SercomRXPad15SercomUartTXPad
                0x0000000000007534       0x48 /home/carvajavo/Documents/sloeber-workspace/Zeus_Remora2_0/Release/arduino.ar(Uart.cpp.o)
                0x0000000000007534                Uart::Uart(SERCOM*, unsigned char, unsigned char, SercomRXPad, SercomUartTXPad)
                0x0000000000007534                Uart::Uart(SERCOM*, unsigned char, unsigned char, SercomRXPad, SercomUartTXPad)
 .text._ZN4Uart10IrqHandlerEv
                0x000000000000757c       0x36 /home/carvajavo/Documents/sloeber-workspace/Zeus_Remora2_0/Release/arduino.ar(Uart.cpp.o)
                0x000000000000757c                Uart::IrqHandler()
 .text._ZN4Uart16extractNbStopBitEt
                0x00000000000075b2        0xe /home/carvajavo/Documents/sloeber-workspace/Zeus_Remora2_0/Release/arduino.ar(Uart.cpp.o)
                0x00000000000075b2                Uart::extractNbStopBit(unsigned short)
 .text._ZN4Uart15extractCharSizeEt
                0x00000000000075c0       0x2c /home/carvajavo/Documents/sloeber-workspace/Zeus_Remora2_0/Release/arduino.ar(Uart.cpp.o)
                0x00000000000075c0                Uart::extractCharSize(unsigned short)
 .text._ZN4Uart13extractParityEt
                0x00000000000075ec       0x18 /home/carvajavo/Documents/sloeber-workspace/Zeus_Remora2_0/Release/arduino.ar(Uart.cpp.o)
                0x00000000000075ec                Uart::extractParity(unsigned short)
 .text._ZN4Uart5beginEmt
                0x0000000000007604       0x88 /home/carvajavo/Documents/sloeber-workspace/Zeus_Remora2_0/Release/arduino.ar(Uart.cpp.o)
                0x0000000000007604                Uart::begin(unsigned long, unsigned short)
 .text.EIC_Handler
                0x000000000000768c       0x30 /home/carvajavo/Documents/sloeber-workspace/Zeus_Remora2_0/Release/arduino.ar(WInterrupts.c.o)
                0x000000000000768c                EIC_Handler
 .text._ZNK6String14StringIfHelperEv
                0x00000000000076bc        0x2 /home/carvajavo/Documents/sloeber-workspace/Zeus_Remora2_0/Release/arduino.ar(WString.cpp.o)
                0x00000000000076bc                String::StringIfHelper() const
 .text._ZN6StringC2EOS_
                0x00000000000076be       0x1c /home/carvajavo/Documents/sloeber-workspace/Zeus_Remora2_0/Release/arduino.ar(WString.cpp.o)
                0x00000000000076be                String::String(String&&)
                0x00000000000076be                String::String(String&&)
 .text._ZN6StringD2Ev
                0x00000000000076da        0xe /home/carvajavo/Documents/sloeber-workspace/Zeus_Remora2_0/Release/arduino.ar(WString.cpp.o)
                0x00000000000076da                String::~String()
                0x00000000000076da                String::~String()
 .text._ZN6String10invalidateEv
                0x00000000000076e8       0x18 /home/carvajavo/Documents/sloeber-workspace/Zeus_Remora2_0/Release/arduino.ar(WString.cpp.o)
                0x00000000000076e8                String::invalidate()
 .text._ZN6String12changeBufferEj
                0x0000000000007700       0x18 /home/carvajavo/Documents/sloeber-workspace/Zeus_Remora2_0/Release/arduino.ar(WString.cpp.o)
                0x0000000000007700                String::changeBuffer(unsigned int)
 .text._ZN6String7reserveEj
                0x0000000000007718       0x28 /home/carvajavo/Documents/sloeber-workspace/Zeus_Remora2_0/Release/arduino.ar(WString.cpp.o)
                0x0000000000007718                String::reserve(unsigned int)
 .text._ZN6String4copyEPKcj
                0x0000000000007740       0x28 /home/carvajavo/Documents/sloeber-workspace/Zeus_Remora2_0/Release/arduino.ar(WString.cpp.o)
                0x0000000000007740                String::copy(char const*, unsigned int)
 .text._ZN6StringC2EPKc
                0x0000000000007768       0x26 /home/carvajavo/Documents/sloeber-workspace/Zeus_Remora2_0/Release/arduino.ar(WString.cpp.o)
                0x0000000000007768                String::String(char const*)
                0x0000000000007768                String::String(char const*)
 *fill*         0x000000000000778e        0x2 
 .text._ZN6String4moveERS_
                0x0000000000007790       0x4c /home/carvajavo/Documents/sloeber-workspace/Zeus_Remora2_0/Release/arduino.ar(WString.cpp.o)
                0x0000000000007790                String::move(String&)
 .text._ZN6StringaSERKS_
                0x00000000000077dc       0x20 /home/carvajavo/Documents/sloeber-workspace/Zeus_Remora2_0/Release/arduino.ar(WString.cpp.o)
                0x00000000000077dc                String::operator=(String const&)
 .text._ZN6StringC2ERKS_
                0x00000000000077fc       0x14 /home/carvajavo/Documents/sloeber-workspace/Zeus_Remora2_0/Release/arduino.ar(WString.cpp.o)
                0x00000000000077fc                String::String(String const&)
                0x00000000000077fc                String::String(String const&)
 .text._ZN6StringaSEOS_
                0x0000000000007810       0x10 /home/carvajavo/Documents/sloeber-workspace/Zeus_Remora2_0/Release/arduino.ar(WString.cpp.o)
                0x0000000000007810                String::operator=(String&&)
 .text._ZN6StringaSEPKc
                0x0000000000007820       0x22 /home/carvajavo/Documents/sloeber-workspace/Zeus_Remora2_0/Release/arduino.ar(WString.cpp.o)
                0x0000000000007820                String::operator=(char const*)
 .text._ZN6StringC2Ehh
                0x0000000000007842       0x22 /home/carvajavo/Documents/sloeber-workspace/Zeus_Remora2_0/Release/arduino.ar(WString.cpp.o)
                0x0000000000007842                String::String(unsigned char, unsigned char)
                0x0000000000007842                String::String(unsigned char, unsigned char)
 .text._ZN6StringC2Eih
                0x0000000000007864       0x24 /home/carvajavo/Documents/sloeber-workspace/Zeus_Remora2_0/Release/arduino.ar(WString.cpp.o)
                0x0000000000007864                String::String(int, unsigned char)
                0x0000000000007864                String::String(int, unsigned char)
 .text._ZN6StringC2Elh
                0x0000000000007888       0x24 /home/carvajavo/Documents/sloeber-workspace/Zeus_Remora2_0/Release/arduino.ar(WString.cpp.o)
                0x0000000000007888                String::String(long, unsigned char)
                0x0000000000007888                String::String(long, unsigned char)
 .text._ZN6StringC2Efh
                0x00000000000078ac       0x32 /home/carvajavo/Documents/sloeber-workspace/Zeus_Remora2_0/Release/arduino.ar(WString.cpp.o)
                0x00000000000078ac                String::String(float, unsigned char)
                0x00000000000078ac                String::String(float, unsigned char)
 .text._ZN6StringC2Edh
                0x00000000000078de       0x34 /home/carvajavo/Documents/sloeber-workspace/Zeus_Remora2_0/Release/arduino.ar(WString.cpp.o)
                0x00000000000078de                String::String(double, unsigned char)
                0x00000000000078de                String::String(double, unsigned char)
 .text._ZN6String6concatEPKcj
                0x0000000000007912       0x32 /home/carvajavo/Documents/sloeber-workspace/Zeus_Remora2_0/Release/arduino.ar(WString.cpp.o)
                0x0000000000007912                String::concat(char const*, unsigned int)
 .text._ZN6String6concatEc
                0x0000000000007944       0x14 /home/carvajavo/Documents/sloeber-workspace/Zeus_Remora2_0/Release/arduino.ar(WString.cpp.o)
                0x0000000000007944                String::concat(char)
 .text._ZN6String6concatEf
                0x0000000000007958       0x34 /home/carvajavo/Documents/sloeber-workspace/Zeus_Remora2_0/Release/arduino.ar(WString.cpp.o)
                0x0000000000007958                String::concat(float)
 .text._ZplRK15StringSumHelperRK6String
                0x000000000000798c       0x1c /home/carvajavo/Documents/sloeber-workspace/Zeus_Remora2_0/Release/arduino.ar(WString.cpp.o)
                0x000000000000798c                operator+(StringSumHelper const&, String const&)
 .text._ZplRK15StringSumHelperPKc
                0x00000000000079a8       0x26 /home/carvajavo/Documents/sloeber-workspace/Zeus_Remora2_0/Release/arduino.ar(WString.cpp.o)
                0x00000000000079a8                operator+(StringSumHelper const&, char const*)
 .text._ZplRK15StringSumHelperf
                0x00000000000079ce       0x16 /home/carvajavo/Documents/sloeber-workspace/Zeus_Remora2_0/Release/arduino.ar(WString.cpp.o)
                0x00000000000079ce                operator+(StringSumHelper const&, float)
 .text._ZNK6String6equalsEPKc
                0x00000000000079e4       0x2a /home/carvajavo/Documents/sloeber-workspace/Zeus_Remora2_0/Release/arduino.ar(WString.cpp.o)
                0x00000000000079e4                String::equals(char const*) const
 .text._ZNK6String8getBytesEPhjj
                0x0000000000007a0e       0x34 /home/carvajavo/Documents/sloeber-workspace/Zeus_Remora2_0/Release/arduino.ar(WString.cpp.o)
                0x0000000000007a0e                String::getBytes(unsigned char*, unsigned int, unsigned int) const
 .text._ZNK6String7indexOfERKS_j
                0x0000000000007a42       0x20 /home/carvajavo/Documents/sloeber-workspace/Zeus_Remora2_0/Release/arduino.ar(WString.cpp.o)
                0x0000000000007a42                String::indexOf(String const&, unsigned int) const
 .text._ZNK6String7indexOfERKS_
                0x0000000000007a62        0xa /home/carvajavo/Documents/sloeber-workspace/Zeus_Remora2_0/Release/arduino.ar(WString.cpp.o)
                0x0000000000007a62                String::indexOf(String const&) const
 .text._ZN6String4trimEv
                0x0000000000007a6c       0x54 /home/carvajavo/Documents/sloeber-workspace/Zeus_Remora2_0/Release/arduino.ar(WString.cpp.o)
                0x0000000000007a6c                String::trim()
 .text._ZNK6String5toIntEv
                0x0000000000007ac0        0xe /home/carvajavo/Documents/sloeber-workspace/Zeus_Remora2_0/Release/arduino.ar(WString.cpp.o)
                0x0000000000007ac0                String::toInt() const
 .text._ZNK6String7toFloatEv
                0x0000000000007ace       0x16 /home/carvajavo/Documents/sloeber-workspace/Zeus_Remora2_0/Release/arduino.ar(WString.cpp.o)
                0x0000000000007ace                String::toFloat() const
 .text.Dummy_Handler
                0x0000000000007ae4        0x2 /home/carvajavo/Documents/sloeber-workspace/Zeus_Remora2_0/Release/arduino.ar(cortex_handlers.c.o)
                0x0000000000007ae4                DMAC_Handler
                0x0000000000007ae4                HardFault_Handler
                0x0000000000007ae4                AC_Handler
                0x0000000000007ae4                PendSV_Handler
                0x0000000000007ae4                NMI_Handler
                0x0000000000007ae4                TC7_Handler
                0x0000000000007ae4                SERCOM1_Handler
                0x0000000000007ae4                ADC_Handler
                0x0000000000007ae4                TCC1_Handler
                0x0000000000007ae4                TCC0_Handler
                0x0000000000007ae4                RTC_Handler
                0x0000000000007ae4                TC6_Handler
                0x0000000000007ae4                WDT_Handler
                0x0000000000007ae4                TC4_Handler
                0x0000000000007ae4                TC3_Handler
                0x0000000000007ae4                Dummy_Handler
                0x0000000000007ae4                PM_Handler
                0x0000000000007ae4                SVC_Handler
                0x0000000000007ae4                TCC2_Handler
                0x0000000000007ae4                EVSYS_Handler
                0x0000000000007ae4                SERCOM3_Handler
                0x0000000000007ae4                SERCOM4_Handler
                0x0000000000007ae4                I2S_Handler
                0x0000000000007ae4                NVMCTRL_Handler
                0x0000000000007ae4                DAC_Handler
                0x0000000000007ae4                PTC_Handler
                0x0000000000007ae4                SYSCTRL_Handler
 *fill*         0x0000000000007ae6        0x2 
 .text.USB_Handler
                0x0000000000007ae8       0x14 /home/carvajavo/Documents/sloeber-workspace/Zeus_Remora2_0/Release/arduino.ar(cortex_handlers.c.o)
                0x0000000000007ae8                USB_Handler
 .text.Reset_Handler
                0x0000000000007afc       0x58 /home/carvajavo/Documents/sloeber-workspace/Zeus_Remora2_0/Release/arduino.ar(cortex_handlers.c.o)
                0x0000000000007afc                Reset_Handler
 .text.SysTick_Handler
                0x0000000000007b54       0x10 /home/carvajavo/Documents/sloeber-workspace/Zeus_Remora2_0/Release/arduino.ar(cortex_handlers.c.o)
                0x0000000000007b54                SysTick_Handler
 .text.USB_SetHandler
                0x0000000000007b64        0xc /home/carvajavo/Documents/sloeber-workspace/Zeus_Remora2_0/Release/arduino.ar(cortex_handlers.c.o)
                0x0000000000007b64                USB_SetHandler
 .text.millis   0x0000000000007b70        0xc /home/carvajavo/Documents/sloeber-workspace/Zeus_Remora2_0/Release/arduino.ar(delay.c.o)
                0x0000000000007b70                millis
 .text.delay    0x0000000000007b7c       0x20 /home/carvajavo/Documents/sloeber-workspace/Zeus_Remora2_0/Release/arduino.ar(delay.c.o)
                0x0000000000007b7c                delay
 .text.SysTick_DefaultHandler
                0x0000000000007b9c       0x14 /home/carvajavo/Documents/sloeber-workspace/Zeus_Remora2_0/Release/arduino.ar(delay.c.o)
                0x0000000000007b9c                SysTick_DefaultHandler
 .text.__empty  0x0000000000007bb0        0x2 /home/carvajavo/Documents/sloeber-workspace/Zeus_Remora2_0/Release/arduino.ar(hooks.c.o)
                0x0000000000007bb0                yield
 .text.__false  0x0000000000007bb2        0x4 /home/carvajavo/Documents/sloeber-workspace/Zeus_Remora2_0/Release/arduino.ar(hooks.c.o)
                0x0000000000007bb2                sysTickHook
 .text.ltoa     0x0000000000007bb6       0x8a /home/carvajavo/Documents/sloeber-workspace/Zeus_Remora2_0/Release/arduino.ar(itoa.c.o)
                0x0000000000007bb6                ltoa
 .text.itoa     0x0000000000007c40        0x8 /home/carvajavo/Documents/sloeber-workspace/Zeus_Remora2_0/Release/arduino.ar(itoa.c.o)
                0x0000000000007c40                itoa
 .text.ultoa    0x0000000000007c48       0x68 /home/carvajavo/Documents/sloeber-workspace/Zeus_Remora2_0/Release/arduino.ar(itoa.c.o)
                0x0000000000007c48                ultoa
 .text.utoa     0x0000000000007cb0        0x8 /home/carvajavo/Documents/sloeber-workspace/Zeus_Remora2_0/Release/arduino.ar(itoa.c.o)
                0x0000000000007cb0                utoa
 .text._Z11initVariantv
                0x0000000000007cb8        0x2 /home/carvajavo/Documents/sloeber-workspace/Zeus_Remora2_0/Release/arduino.ar(main.cpp.o)
                0x0000000000007cb8                initVariant()
 *fill*         0x0000000000007cba        0x2 
 .text.startup.main
                0x0000000000007cbc       0x3c /home/carvajavo/Documents/sloeber-workspace/Zeus_Remora2_0/Release/arduino.ar(main.cpp.o)
                0x0000000000007cbc                main
 .text.SystemInit
                0x0000000000007cf8      0x16c /home/carvajavo/Documents/sloeber-workspace/Zeus_Remora2_0/Release/arduino.ar(startup.c.o)
                0x0000000000007cf8                SystemInit
 .text.init     0x0000000000007e64       0xe4 /home/carvajavo/Documents/sloeber-workspace/Zeus_Remora2_0/Release/arduino.ar(wiring.c.o)
                0x0000000000007e64                init
 .text.analogReference
                0x0000000000007f48       0x5c /home/carvajavo/Documents/sloeber-workspace/Zeus_Remora2_0/Release/arduino.ar(wiring_analog.c.o)
                0x0000000000007f48                analogReference
 .text.pinMode  0x0000000000007fa4       0xc0 /home/carvajavo/Documents/sloeber-workspace/Zeus_Remora2_0/Release/arduino.ar(wiring_digital.c.o)
                0x0000000000007fa4                pinMode
 .text.digitalWrite
                0x0000000000008064       0x60 /home/carvajavo/Documents/sloeber-workspace/Zeus_Remora2_0/Release/arduino.ar(wiring_digital.c.o)
                0x0000000000008064                digitalWrite
 .text.digitalRead
                0x00000000000080c4       0x30 /home/carvajavo/Documents/sloeber-workspace/Zeus_Remora2_0/Release/arduino.ar(wiring_digital.c.o)
                0x00000000000080c4                digitalRead
 .text.pinPeripheral
                0x00000000000080f4       0xc4 /home/carvajavo/Documents/sloeber-workspace/Zeus_Remora2_0/Release/arduino.ar(wiring_private.c.o)
                0x00000000000080f4                pinPeripheral
 .text.dtostrf  0x00000000000081b8       0x28 /home/carvajavo/Documents/sloeber-workspace/Zeus_Remora2_0/Release/arduino.ar(dtostrf.c.o)
                0x00000000000081b8                dtostrf
 .text._ZN13PluggableUSB_12getInterfaceEPh
                0x00000000000081e0       0x2a /home/carvajavo/Documents/sloeber-workspace/Zeus_Remora2_0/Release/arduino.ar(PluggableUSB.cpp.o)
                0x00000000000081e0                PluggableUSB_::getInterface(unsigned char*)
 .text._ZN13PluggableUSB_13getDescriptorER8USBSetup
                0x000000000000820a       0x20 /home/carvajavo/Documents/sloeber-workspace/Zeus_Remora2_0/Release/arduino.ar(PluggableUSB.cpp.o)
                0x000000000000820a                PluggableUSB_::getDescriptor(USBSetup&)
 .text._ZN13PluggableUSB_12getShortNameEPc
                0x000000000000822a       0x1e /home/carvajavo/Documents/sloeber-workspace/Zeus_Remora2_0/Release/arduino.ar(PluggableUSB.cpp.o)
                0x000000000000822a                PluggableUSB_::getShortName(char*)
 .text._ZN13PluggableUSB_5setupER8USBSetup
                0x0000000000008248       0x24 /home/carvajavo/Documents/sloeber-workspace/Zeus_Remora2_0/Release/arduino.ar(PluggableUSB.cpp.o)
                0x0000000000008248                PluggableUSB_::setup(USBSetup&)
 .text._Z12PluggableUSBv
                0x000000000000826c       0x24 /home/carvajavo/Documents/sloeber-workspace/Zeus_Remora2_0/Release/arduino.ar(PluggableUSB.cpp.o)
                0x000000000000826c                PluggableUSB()
 .text._ZN10RingBufferC2Ev
                0x0000000000008290       0x16 /home/carvajavo/Documents/sloeber-workspace/Zeus_Remora2_0/Release/arduino.ar(RingBuffer.cpp.o)
                0x0000000000008290                RingBuffer::RingBuffer()
                0x0000000000008290                RingBuffer::RingBuffer()
 .text._ZN10RingBuffer10store_charEh
                0x00000000000082a6       0x16 /home/carvajavo/Documents/sloeber-workspace/Zeus_Remora2_0/Release/arduino.ar(RingBuffer.cpp.o)
                0x00000000000082a6                RingBuffer::store_char(unsigned char)
 .text._ZN10RingBuffer5clearEv
                0x00000000000082bc        0x8 /home/carvajavo/Documents/sloeber-workspace/Zeus_Remora2_0/Release/arduino.ar(RingBuffer.cpp.o)
                0x00000000000082bc                RingBuffer::clear()
 .text._ZN10RingBuffer9read_charEv
                0x00000000000082c4       0x1c /home/carvajavo/Documents/sloeber-workspace/Zeus_Remora2_0/Release/arduino.ar(RingBuffer.cpp.o)
                0x00000000000082c4                RingBuffer::read_char()
 .text._ZN10RingBuffer9availableEv
                0x00000000000082e0        0xc /home/carvajavo/Documents/sloeber-workspace/Zeus_Remora2_0/Release/arduino.ar(RingBuffer.cpp.o)
                0x00000000000082e0                RingBuffer::available()
 .text._ZN10RingBuffer4peekEv
                0x00000000000082ec       0x12 /home/carvajavo/Documents/sloeber-workspace/Zeus_Remora2_0/Release/arduino.ar(RingBuffer.cpp.o)
                0x00000000000082ec                RingBuffer::peek()
 *fill*         0x00000000000082fe        0x2 
 .text.floor    0x0000000000008300      0x170 /home/carvajavo/sloeber/arduinoPlugin/packages/arduino/tools/arm-none-eabi-gcc/4.8.3-2014q1/bin/../lib/gcc/arm-none-eabi/4.8.3/../../../../arm-none-eabi/lib/armv6-m/libm.a(lib_a-s_floor.o)
                0x0000000000008300                floor
 .text.__fpclassifyd
                0x0000000000008470       0x60 /home/carvajavo/sloeber/arduinoPlugin/packages/arduino/tools/arm-none-eabi-gcc/4.8.3-2014q1/bin/../lib/gcc/arm-none-eabi/4.8.3/../../../../arm-none-eabi/lib/armv6-m/libm.a(lib_a-s_fpclassify.o)
                0x0000000000008470                __fpclassifyd
 .text          0x00000000000084d0       0x14 /home/carvajavo/sloeber/arduinoPlugin/packages/arduino/tools/arm-none-eabi-gcc/4.8.3-2014q1/bin/../lib/gcc/arm-none-eabi/4.8.3/armv6-m/libgcc.a(_thumb1_case_uqi.o)
                0x00000000000084d0                __gnu_thumb1_case_uqi
 .text          0x00000000000084e4       0x9c /home/carvajavo/sloeber/arduinoPlugin/packages/arduino/tools/arm-none-eabi-gcc/4.8.3-2014q1/bin/../lib/gcc/arm-none-eabi/4.8.3/armv6-m/libgcc.a(_udivsi3.o)
                0x00000000000084e4                __udivsi3
                0x00000000000084e4                __aeabi_uidiv
                0x000000000000856c                __aeabi_uidivmod
 .text          0x0000000000008580       0xc0 /home/carvajavo/sloeber/arduinoPlugin/packages/arduino/tools/arm-none-eabi-gcc/4.8.3-2014q1/bin/../lib/gcc/arm-none-eabi/4.8.3/armv6-m/libgcc.a(_divsi3.o)
                0x0000000000008580                __aeabi_idiv
                0x0000000000008580                __divsi3
                0x000000000000862c                __aeabi_idivmod
 .text          0x0000000000008640        0x4 /home/carvajavo/sloeber/arduinoPlugin/packages/arduino/tools/arm-none-eabi-gcc/4.8.3-2014q1/bin/../lib/gcc/arm-none-eabi/4.8.3/armv6-m/libgcc.a(_dvmd_tls.o)
                0x0000000000008640                __aeabi_ldiv0
                0x0000000000008640                __aeabi_idiv0
 .text          0x0000000000008644       0x7c /home/carvajavo/sloeber/arduinoPlugin/packages/arduino/tools/arm-none-eabi-gcc/4.8.3-2014q1/bin/../lib/gcc/arm-none-eabi/4.8.3/armv6-m/libgcc.a(_arm_cmpdf2.o)
                0x0000000000008644                __aeabi_cdrcmple
                0x0000000000008654                __aeabi_cdcmple
                0x0000000000008654                __aeabi_cdcmpeq
                0x0000000000008664                __aeabi_dcmpeq
                0x0000000000008670                __aeabi_dcmplt
                0x0000000000008684                __aeabi_dcmple
                0x0000000000008698                __aeabi_dcmpgt
                0x00000000000086ac                __aeabi_dcmpge
 .text          0x00000000000086c0       0x74 /home/carvajavo/sloeber/arduinoPlugin/packages/arduino/tools/arm-none-eabi-gcc/4.8.3-2014q1/bin/../lib/gcc/arm-none-eabi/4.8.3/armv6-m/libgcc.a(_arm_cmpsf2.o)
                0x00000000000086c0                __aeabi_cfrcmple
                0x00000000000086c8                __aeabi_cfcmple
                0x00000000000086c8                __aeabi_cfcmpeq
                0x00000000000086d8                __aeabi_fcmpeq
                0x00000000000086e4                __aeabi_fcmplt
                0x00000000000086f8                __aeabi_fcmple
                0x000000000000870c                __aeabi_fcmpgt
                0x0000000000008720                __aeabi_fcmpge
 *fill*         0x0000000000008734        0x4 
 .text          0x0000000000008738       0x40 /home/carvajavo/sloeber/arduinoPlugin/packages/arduino/tools/arm-none-eabi-gcc/4.8.3-2014q1/bin/../lib/gcc/arm-none-eabi/4.8.3/armv6-m/libgcc.a(_fixunsdfsi.o)
                0x0000000000008738                __fixunsdfsi
                0x0000000000008738                __aeabi_d2uiz
 .text          0x0000000000008778       0x54 /home/carvajavo/sloeber/arduinoPlugin/packages/arduino/tools/arm-none-eabi-gcc/4.8.3-2014q1/bin/../lib/gcc/arm-none-eabi/4.8.3/armv6-m/libgcc.a(eqsf2.o)
                0x0000000000008778                __nesf2
                0x0000000000008778                __eqsf2
 .text          0x00000000000087cc       0x90 /home/carvajavo/sloeber/arduinoPlugin/packages/arduino/tools/arm-none-eabi-gcc/4.8.3-2014q1/bin/../lib/gcc/arm-none-eabi/4.8.3/armv6-m/libgcc.a(gesf2.o)
                0x00000000000087cc                __gtsf2
                0x00000000000087cc                __gesf2
 .text          0x000000000000885c       0x98 /home/carvajavo/sloeber/arduinoPlugin/packages/arduino/tools/arm-none-eabi-gcc/4.8.3-2014q1/bin/../lib/gcc/arm-none-eabi/4.8.3/armv6-m/libgcc.a(lesf2.o)
                0x000000000000885c                __lesf2
                0x000000000000885c                __ltsf2
 .text          0x00000000000088f4      0x254 /home/carvajavo/sloeber/arduinoPlugin/packages/arduino/tools/arm-none-eabi-gcc/4.8.3-2014q1/bin/../lib/gcc/arm-none-eabi/4.8.3/armv6-m/libgcc.a(mulsf3.o)
                0x00000000000088f4                __aeabi_fmul
 .text          0x0000000000008b48      0x2e0 /home/carvajavo/sloeber/arduinoPlugin/packages/arduino/tools/arm-none-eabi-gcc/4.8.3-2014q1/bin/../lib/gcc/arm-none-eabi/4.8.3/armv6-m/libgcc.a(subsf3.o)
                0x0000000000008b48                __aeabi_fsub
 .text          0x0000000000008e28      0x638 /home/carvajavo/sloeber/arduinoPlugin/packages/arduino/tools/arm-none-eabi-gcc/4.8.3-2014q1/bin/../lib/gcc/arm-none-eabi/4.8.3/armv6-m/libgcc.a(adddf3.o)
                0x0000000000008e28                __aeabi_dadd
 .text          0x0000000000009460      0x648 /home/carvajavo/sloeber/arduinoPlugin/packages/arduino/tools/arm-none-eabi-gcc/4.8.3-2014q1/bin/../lib/gcc/arm-none-eabi/4.8.3/armv6-m/libgcc.a(divdf3.o)
                0x0000000000009460                __aeabi_ddiv
 .text          0x0000000000009aa8       0x94 /home/carvajavo/sloeber/arduinoPlugin/packages/arduino/tools/arm-none-eabi-gcc/4.8.3-2014q1/bin/../lib/gcc/arm-none-eabi/4.8.3/armv6-m/libgcc.a(eqdf2.o)
                0x0000000000009aa8                __eqdf2
                0x0000000000009aa8                __nedf2
 .text          0x0000000000009b3c       0xfc /home/carvajavo/sloeber/arduinoPlugin/packages/arduino/tools/arm-none-eabi-gcc/4.8.3-2014q1/bin/../lib/gcc/arm-none-eabi/4.8.3/armv6-m/libgcc.a(gedf2.o)
                0x0000000000009b3c                __gtdf2
                0x0000000000009b3c                __gedf2
 .text          0x0000000000009c38       0xfc /home/carvajavo/sloeber/arduinoPlugin/packages/arduino/tools/arm-none-eabi-gcc/4.8.3-2014q1/bin/../lib/gcc/arm-none-eabi/4.8.3/armv6-m/libgcc.a(ledf2.o)
                0x0000000000009c38                __ltdf2
                0x0000000000009c38                __ledf2
 .text          0x0000000000009d34      0x520 /home/carvajavo/sloeber/arduinoPlugin/packages/arduino/tools/arm-none-eabi-gcc/4.8.3-2014q1/bin/../lib/gcc/arm-none-eabi/4.8.3/armv6-m/libgcc.a(muldf3.o)
                0x0000000000009d34                __aeabi_dmul
 .text          0x000000000000a254      0x654 /home/carvajavo/sloeber/arduinoPlugin/packages/arduino/tools/arm-none-eabi-gcc/4.8.3-2014q1/bin/../lib/gcc/arm-none-eabi/4.8.3/armv6-m/libgcc.a(subdf3.o)
                0x000000000000a254                __aeabi_dsub
 .text          0x000000000000a8a8       0x68 /home/carvajavo/sloeber/arduinoPlugin/packages/arduino/tools/arm-none-eabi-gcc/4.8.3-2014q1/bin/../lib/gcc/arm-none-eabi/4.8.3/armv6-m/libgcc.a(fixdfsi.o)
                0x000000000000a8a8                __aeabi_d2iz
 .text          0x000000000000a910       0x68 /home/carvajavo/sloeber/arduinoPlugin/packages/arduino/tools/arm-none-eabi-gcc/4.8.3-2014q1/bin/../lib/gcc/arm-none-eabi/4.8.3/armv6-m/libgcc.a(floatunsidf.o)
                0x000000000000a910                __aeabi_ui2d
 .text          0x000000000000a978       0xa4 /home/carvajavo/sloeber/arduinoPlugin/packages/arduino/tools/arm-none-eabi-gcc/4.8.3-2014q1/bin/../lib/gcc/arm-none-eabi/4.8.3/armv6-m/libgcc.a(extendsfdf2.o)
                0x000000000000a978                __aeabi_f2d
 .text          0x000000000000aa1c      0x118 /home/carvajavo/sloeber/arduinoPlugin/packages/arduino/tools/arm-none-eabi-gcc/4.8.3-2014q1/bin/../lib/gcc/arm-none-eabi/4.8.3/armv6-m/libgcc.a(truncdfsf2.o)
                0x000000000000aa1c                __aeabi_d2f
 .text          0x000000000000ab34       0x3c /home/carvajavo/sloeber/arduinoPlugin/packages/arduino/tools/arm-none-eabi-gcc/4.8.3-2014q1/bin/../lib/gcc/arm-none-eabi/4.8.3/armv6-m/libgcc.a(_clzsi2.o)
                0x000000000000ab34                __clzsi2
 .text.__aeabi_atexit
                0x000000000000ab70        0xe /home/carvajavo/sloeber/arduinoPlugin/packages/arduino/tools/arm-none-eabi-gcc/4.8.3-2014q1/bin/../lib/gcc/arm-none-eabi/4.8.3/../../../../arm-none-eabi/lib/armv6-m/libc_s.a(lib_a-aeabi_atexit.o)
                0x000000000000ab70                __aeabi_atexit
 .text.atof     0x000000000000ab7e        0xa /home/carvajavo/sloeber/arduinoPlugin/packages/arduino/tools/arm-none-eabi-gcc/4.8.3-2014q1/bin/../lib/gcc/arm-none-eabi/4.8.3/../../../../arm-none-eabi/lib/armv6-m/libc_s.a(lib_a-atof.o)
                0x000000000000ab7e                atof
 .text.atoi     0x000000000000ab88        0xc /home/carvajavo/sloeber/arduinoPlugin/packages/arduino/tools/arm-none-eabi-gcc/4.8.3-2014q1/bin/../lib/gcc/arm-none-eabi/4.8.3/../../../../arm-none-eabi/lib/armv6-m/libc_s.a(lib_a-atoi.o)
                0x000000000000ab88                atoi
 .text.atol     0x000000000000ab94        0xc /home/carvajavo/sloeber/arduinoPlugin/packages/arduino/tools/arm-none-eabi-gcc/4.8.3-2014q1/bin/../lib/gcc/arm-none-eabi/4.8.3/../../../../arm-none-eabi/lib/armv6-m/libc_s.a(lib_a-atol.o)
                0x000000000000ab94                atol
 .text.__cxa_atexit
                0x000000000000aba0       0x20 /home/carvajavo/sloeber/arduinoPlugin/packages/arduino/tools/arm-none-eabi-gcc/4.8.3-2014q1/bin/../lib/gcc/arm-none-eabi/4.8.3/../../../../arm-none-eabi/lib/armv6-m/libc_s.a(lib_a-cxa_atexit.o)
                0x000000000000aba0                __cxa_atexit
 .text.__libc_init_array
                0x000000000000abc0       0x4c /home/carvajavo/sloeber/arduinoPlugin/packages/arduino/tools/arm-none-eabi-gcc/4.8.3-2014q1/bin/../lib/gcc/arm-none-eabi/4.8.3/../../../../arm-none-eabi/lib/armv6-m/libc_s.a(lib_a-init.o)
                0x000000000000abc0                __libc_init_array
 .text.isspace  0x000000000000ac0c       0x14 /home/carvajavo/sloeber/arduinoPlugin/packages/arduino/tools/arm-none-eabi-gcc/4.8.3-2014q1/bin/../lib/gcc/arm-none-eabi/4.8.3/../../../../arm-none-eabi/lib/armv6-m/libc_s.a(lib_a-isspace.o)
                0x000000000000ac0c                isspace
 .text.malloc   0x000000000000ac20       0x14 /home/carvajavo/sloeber/arduinoPlugin/packages/arduino/tools/arm-none-eabi-gcc/4.8.3-2014q1/bin/../lib/gcc/arm-none-eabi/4.8.3/../../../../arm-none-eabi/lib/armv6-m/libc_s.a(lib_a-malloc.o)
                0x000000000000ac20                malloc
 .text.free     0x000000000000ac34       0x14 /home/carvajavo/sloeber/arduinoPlugin/packages/arduino/tools/arm-none-eabi-gcc/4.8.3-2014q1/bin/../lib/gcc/arm-none-eabi/4.8.3/../../../../arm-none-eabi/lib/armv6-m/libc_s.a(lib_a-malloc.o)
                0x000000000000ac34                free
 .text.memcmp   0x000000000000ac48       0x1e /home/carvajavo/sloeber/arduinoPlugin/packages/arduino/tools/arm-none-eabi-gcc/4.8.3-2014q1/bin/../lib/gcc/arm-none-eabi/4.8.3/../../../../arm-none-eabi/lib/armv6-m/libc_s.a(lib_a-memcmp.o)
                0x000000000000ac48                memcmp
 .text.memcpy   0x000000000000ac66       0x12 /home/carvajavo/sloeber/arduinoPlugin/packages/arduino/tools/arm-none-eabi-gcc/4.8.3-2014q1/bin/../lib/gcc/arm-none-eabi/4.8.3/../../../../arm-none-eabi/lib/armv6-m/libc_s.a(lib_a-memcpy-stub.o)
                0x000000000000ac66                memcpy
 .text.memmove  0x000000000000ac78       0x32 /home/carvajavo/sloeber/arduinoPlugin/packages/arduino/tools/arm-none-eabi-gcc/4.8.3-2014q1/bin/../lib/gcc/arm-none-eabi/4.8.3/../../../../arm-none-eabi/lib/armv6-m/libc_s.a(lib_a-memmove.o)
                0x000000000000ac78                memmove
 .text.memset   0x000000000000acaa       0x10 /home/carvajavo/sloeber/arduinoPlugin/packages/arduino/tools/arm-none-eabi-gcc/4.8.3-2014q1/bin/../lib/gcc/arm-none-eabi/4.8.3/../../../../arm-none-eabi/lib/armv6-m/libc_s.a(lib_a-memset.o)
                0x000000000000acaa                memset
 *fill*         0x000000000000acba        0x2 
 .text._free_r  0x000000000000acbc       0x90 /home/carvajavo/sloeber/arduinoPlugin/packages/arduino/tools/arm-none-eabi-gcc/4.8.3-2014q1/bin/../lib/gcc/arm-none-eabi/4.8.3/../../../../arm-none-eabi/lib/armv6-m/libc_s.a(lib_a-nano-freer.o)
                0x000000000000acbc                _free_r
 .text._malloc_r
                0x000000000000ad4c       0xa8 /home/carvajavo/sloeber/arduinoPlugin/packages/arduino/tools/arm-none-eabi-gcc/4.8.3-2014q1/bin/../lib/gcc/arm-none-eabi/4.8.3/../../../../arm-none-eabi/lib/armv6-m/libc_s.a(lib_a-nano-mallocr.o)
                0x000000000000ad4c                _malloc_r
 .text.realloc  0x000000000000adf4       0x18 /home/carvajavo/sloeber/arduinoPlugin/packages/arduino/tools/arm-none-eabi-gcc/4.8.3-2014q1/bin/../lib/gcc/arm-none-eabi/4.8.3/../../../../arm-none-eabi/lib/armv6-m/libc_s.a(lib_a-realloc.o)
                0x000000000000adf4                realloc
 .text._sbrk_r  0x000000000000ae0c       0x24 /home/carvajavo/sloeber/arduinoPlugin/packages/arduino/tools/arm-none-eabi-gcc/4.8.3-2014q1/bin/../lib/gcc/arm-none-eabi/4.8.3/../../../../arm-none-eabi/lib/armv6-m/libc_s.a(lib_a-sbrkr.o)
                0x000000000000ae0c                _sbrk_r
 .text.sprintf  0x000000000000ae30       0x44 /home/carvajavo/sloeber/arduinoPlugin/packages/arduino/tools/arm-none-eabi-gcc/4.8.3-2014q1/bin/../lib/gcc/arm-none-eabi/4.8.3/../../../../arm-none-eabi/lib/armv6-m/libc_s.a(lib_a-sprintf.o)
                0x000000000000ae30                sprintf
                0x000000000000ae30                siprintf
 .text.strchr   0x000000000000ae74       0x18 /home/carvajavo/sloeber/arduinoPlugin/packages/arduino/tools/arm-none-eabi-gcc/4.8.3-2014q1/bin/../lib/gcc/arm-none-eabi/4.8.3/../../../../arm-none-eabi/lib/armv6-m/libc_s.a(lib_a-strchr.o)
                0x000000000000ae74                strchr
 .text          0x000000000000ae8c       0x14 /home/carvajavo/sloeber/arduinoPlugin/packages/arduino/tools/arm-none-eabi-gcc/4.8.3-2014q1/bin/../lib/gcc/arm-none-eabi/4.8.3/../../../../arm-none-eabi/lib/armv6-m/libc_s.a(lib_a-strcmp.o)
                0x000000000000ae8c                strcmp
 .text.strcpy   0x000000000000aea0       0x10 /home/carvajavo/sloeber/arduinoPlugin/packages/arduino/tools/arm-none-eabi-gcc/4.8.3-2014q1/bin/../lib/gcc/arm-none-eabi/4.8.3/../../../../arm-none-eabi/lib/armv6-m/libc_s.a(lib_a-strcpy.o)
                0x000000000000aea0                strcpy