Archive member included because of file (symbol)

/home/carvajavo/Documents/sloeber-workspace/Zeus_Remora2_0/Release/arduino.ar(variant.cpp.o)
                              ./libraries/SPI/SPI.cpp.o (sercom4)
/home/carvajavo/Documents/sloeber-workspace/Zeus_Remora2_0/Release/arduino.ar(CDC.cpp.o)
                              ./.ino.cpp.o (Serial_::write(unsigned char))
/home/carvajavo/Documents/sloeber-workspace/Zeus_Remora2_0/Release/arduino.ar(USBCore.cpp.o)
                              /home/carvajavo/Documents/sloeber-workspace/Zeus_Remora2_0/Release/arduino.ar(CDC.cpp.o) (USBDeviceClass::flush(unsigned long))
/home/carvajavo/Documents/sloeber-workspace/Zeus_Remora2_0/Release/arduino.ar(Print.cpp.o)
                              ./libraries/SD/src/utility/SdFile.cpp.o (Print::write(unsigned char const*, unsigned int))
/home/carvajavo/Documents/sloeber-workspace/Zeus_Remora2_0/Release/arduino.ar(Reset.cpp.o)
                              /home/carvajavo/Documents/sloeber-workspace/Zeus_Remora2_0/Release/arduino.ar(CDC.cpp.o) (initiateReset)
/home/carvajavo/Documents/sloeber-workspace/Zeus_Remora2_0/Release/arduino.ar(SERCOM.cpp.o)
                              /home/carvajavo/Documents/sloeber-workspace/Zeus_Remora2_0/Release/arduino.ar(variant.cpp.o) (SERCOM::SERCOM(Sercom*))
/home/carvajavo/Documents/sloeber-workspace/Zeus_Remora2_0/Release/arduino.ar(Stream.cpp.o)
                              ./.ino.cpp.o (Stream::readStringUntil(char))
/home/carvajavo/Documents/sloeber-workspace/Zeus_Remora2_0/Release/arduino.ar(Uart.cpp.o)
                              ./.ino.cpp.o (Uart::Uart(SERCOM*, unsigned char, unsigned char, SercomRXPad, SercomUartTXPad))
/home/carvajavo/Documents/sloeber-workspace/Zeus_Remora2_0/Release/arduino.ar(WInterrupts.c.o)
                              ./libraries/Adafruit_FONA/Adafruit_FONA.cpp.o (attachInterrupt)
/home/carvajavo/Documents/sloeber-workspace/Zeus_Remora2_0/Release/arduino.ar(WString.cpp.o)
                              ./.ino.cpp.o (String::String(String&&))
/home/carvajavo/Documents/sloeber-workspace/Zeus_Remora2_0/Release/arduino.ar(abi.cpp.o)
                              ./libraries/SD/src/File.cpp.o (__cxa_pure_virtual)
/home/carvajavo/Documents/sloeber-workspace/Zeus_Remora2_0/Release/arduino.ar(cortex_handlers.c.o)
                              (Reset_Handler)
/home/carvajavo/Documents/sloeber-workspace/Zeus_Remora2_0/Release/arduino.ar(delay.c.o)
                              ./.ino.cpp.o (millis)
/home/carvajavo/Documents/sloeber-workspace/Zeus_Remora2_0/Release/arduino.ar(hooks.c.o)
                              /home/carvajavo/Documents/sloeber-workspace/Zeus_Remora2_0/Release/arduino.ar(delay.c.o) (yield)
/home/carvajavo/Documents/sloeber-workspace/Zeus_Remora2_0/Release/arduino.ar(itoa.c.o)
                              /home/carvajavo/Documents/sloeber-workspace/Zeus_Remora2_0/Release/arduino.ar(WString.cpp.o) (ltoa)
/home/carvajavo/Documents/sloeber-workspace/Zeus_Remora2_0/Release/arduino.ar(main.cpp.o)
                              /home/carvajavo/sloeber/arduinoPlugin/packages/arduino/tools/arm-none-eabi-gcc/4.8.3-2014q1/bin/../lib/gcc/arm-none-eabi/4.8.3/../../../../arm-none-eabi/lib/armv6-m/crt0.o (main)
/home/carvajavo/Documents/sloeber-workspace/Zeus_Remora2_0/Release/arduino.ar(new.cpp.o)
                              ./libraries/Quadtree/quadtree.cpp.o (operator new(unsigned int))
/home/carvajavo/Documents/sloeber-workspace/Zeus_Remora2_0/Release/arduino.ar(startup.c.o)
                              /home/carvajavo/Documents/sloeber-workspace/Zeus_Remora2_0/Release/arduino.ar(cortex_handlers.c.o) (SystemInit)
/home/carvajavo/Documents/sloeber-workspace/Zeus_Remora2_0/Release/arduino.ar(wiring.c.o)
                              /home/carvajavo/Documents/sloeber-workspace/Zeus_Remora2_0/Release/arduino.ar(main.cpp.o) (init)
/home/carvajavo/Documents/sloeber-workspace/Zeus_Remora2_0/Release/arduino.ar(wiring_analog.c.o)
                              /home/carvajavo/Documents/sloeber-workspace/Zeus_Remora2_0/Release/arduino.ar(wiring.c.o) (analogReference)
/home/carvajavo/Documents/sloeber-workspace/Zeus_Remora2_0/Release/arduino.ar(wiring_digital.c.o)
                              ./.ino.cpp.o (pinMode)
/home/carvajavo/Documents/sloeber-workspace/Zeus_Remora2_0/Release/arduino.ar(wiring_private.c.o)
                              ./.ino.cpp.o (pinPeripheral)
/home/carvajavo/Documents/sloeber-workspace/Zeus_Remora2_0/Release/arduino.ar(dtostrf.c.o)
                              /home/carvajavo/Documents/sloeber-workspace/Zeus_Remora2_0/Release/arduino.ar(WString.cpp.o) (dtostrf)
/home/carvajavo/Documents/sloeber-workspace/Zeus_Remora2_0/Release/arduino.ar(PluggableUSB.cpp.o)
                              /home/carvajavo/Documents/sloeber-workspace/Zeus_Remora2_0/Release/arduino.ar(USBCore.cpp.o) (PluggableUSB_::getInterface(unsigned char*))
/home/carvajavo/Documents/sloeber-workspace/Zeus_Remora2_0/Release/arduino.ar(RingBuffer.cpp.o)
[...]
Memory Configuration

Name             Origin             Length             Attributes
FLASH            0x0000000000002000 0x000000000003e000 xr
RAM              0x0000000020000000 0x0000000000008000 xrw
*default*        0x0000000000000000 0xffffffffffffffff

Linker script and memory map

LOAD /home/carvajavo/sloeber/arduinoPlugin/packages/arduino/tools/arm-none-eabi-gcc/4.8.3-2014q1/bin/../lib/gcc/arm-none-eabi/4.8.3/armv6-m/crti.o
LOAD /home/carvajavo/sloeber/arduinoPlugin/packages/arduino/tools/arm-none-eabi-gcc/4.8.3-2014q1/bin/../lib/gcc/arm-none-eabi/4.8.3/armv6-m/crtbegin.o
LOAD /home/carvajavo/sloeber/arduinoPlugin/packages/arduino/tools/arm-none-eabi-gcc/4.8.3-2014q1/bin/../lib/gcc/arm-none-eabi/4.8.3/../../../../arm-none-eabi/lib/armv6-m/crt0.o
LOAD ./.ino.cpp.o
LOAD ./libraries/SPI/SPI.cpp.o
LOAD ./libraries/SD/src/utility/Sd2Card.cpp.o
LOAD ./libraries/SD/src/utility/SdFile.cpp.o
LOAD ./libraries/SD/src/utility/SdVolume.cpp.o
LOAD ./libraries/SD/src/File.cpp.o
LOAD ./libraries/SD/src/SD.cpp.o
LOAD ./libraries/Quadtree/quadtree.cpp.o
LOAD ./libraries/ESP8266_XYZ/ESP8266_XYZ.cpp.o
LOAD ./libraries/Adafruit_FONA/Adafruit_FONA.cpp.o
LOAD /home/carvajavo/Documents/sloeber-workspace/Zeus_Remora2_0/Release/arduino.ar
START GROUP
LOAD /home/carvajavo/sloeber/arduinoPlugin/packages/arduino/tools/arm-none-eabi-gcc/4.8.3-2014q1/bin/../lib/gcc/arm-none-eabi/4.8.3/../../../../arm-none-eabi/lib/armv6-m/libm.a
LOAD /home/carvajavo/Documents/sloeber-workspace/Zeus_Remora2_0/Release/arduino.ar
END GROUP
START GROUP
LOAD /home/carvajavo/sloeber/arduinoPlugin/packages/arduino/tools/arm-none-eabi-gcc/4.8.3-2014q1/bin/../lib/gcc/arm-none-eabi/4.8.3/armv6-m/libgcc.a
LOAD /home/carvajavo/sloeber/arduinoPlugin/packages/arduino/tools/arm-none-eabi-gcc/4.8.3-2014q1/bin/../lib/gcc/arm-none-eabi/4.8.3/../../../../arm-none-eabi/lib/armv6-m/libc_s.a
END GROUP
START GROUP
LOAD /home/carvajavo/sloeber/arduinoPlugin/packages/arduino/tools/arm-none-eabi-gcc/4.8.3-2014q1/bin/../lib/gcc/arm-none-eabi/4.8.3/armv6-m/libgcc.a
LOAD /home/carvajavo/sloeber/arduinoPlugin/packages/arduino/tools/arm-none-eabi-gcc/4.8.3-2014q1/bin/../lib/gcc/arm-none-eabi/4.8.3/../../../../arm-none-eabi/lib/armv6-m/libc_s.a
LOAD /home/carvajavo/sloeber/arduinoPlugin/packages/arduino/tools/arm-none-eabi-gcc/4.8.3-2014q1/bin/../lib/gcc/arm-none-eabi/4.8.3/../../../../arm-none-eabi/lib/armv6-m/libnosys.a
END GROUP
START GROUP
LOAD /home/carvajavo/sloeber/arduinoPlugin/packages/arduino/tools/arm-none-eabi-gcc/4.8.3-2014q1/bin/../lib/gcc/arm-none-eabi/4.8.3/armv6-m/libgcc.a
LOAD /home/carvajavo/sloeber/arduinoPlugin/packages/arduino/tools/arm-none-eabi-gcc/4.8.3-2014q1/bin/../lib/gcc/arm-none-eabi/4.8.3/../../../../arm-none-eabi/lib/armv6-m/libc_s.a
LOAD /home/carvajavo/sloeber/arduinoPlugin/packages/arduino/tools/arm-none-eabi-gcc/4.8.3-2014q1/bin/../lib/gcc/arm-none-eabi/4.8.3/../../../../arm-none-eabi/lib/armv6-m/libnosys.a
END GROUP
LOAD /home/carvajavo/sloeber/arduinoPlugin/packages/arduino/tools/arm-none-eabi-gcc/4.8.3-2014q1/bin/../lib/gcc/arm-none-eabi/4.8.3/armv6-m/crtend.o
LOAD /home/carvajavo/sloeber/arduinoPlugin/packages/arduino/tools/arm-none-eabi-gcc/4.8.3-2014q1/bin/../lib/gcc/arm-none-eabi/4.8.3/armv6-m/crtn.o

.text           0x0000000000002000     0xe030
 *(.isr_vector)
 .isr_vector    0x0000000000002000       0xb0 /home/carvajavo/Documents/sloeber-workspace/Zeus_Remora2_0/Release/arduino.ar(cortex_handlers.c.o)
                0x0000000000002000                exception_table
 *(.text*)
 .text          0x00000000000020b0       0x60 /home/carvajavo/sloeber/arduinoPlugin/packages/arduino/tools/arm-none-eabi-gcc/4.8.3-2014q1/bin/../lib/gcc/arm-none-eabi/4.8.3/armv6-m/crtbegin.o
 .text._ZL7WDTsyncv
                0x0000000000002110       0x10 ./.ino.cpp.o
 .text._ZN11ESP8266_XYZD2Ev
                0x0000000000002120       0x14 ./.ino.cpp.o
                0x0000000000002120                ESP8266_XYZ::~ESP8266_XYZ()
                0x0000000000002120                ESP8266_XYZ::~ESP8266_XYZ()
 .text._Z8anti_jami.part.4
                0x0000000000002134       0xd0 ./.ino.cpp.o
 .text._ZNSt6vectorI4DataSaIS0_EED2Ev
                0x0000000000002204       0x12 ./.ino.cpp.o
                0x0000000000002204                std::vector<Data, std::allocator<Data> >::~vector()
                0x0000000000002204                std::vector<Data, std::allocator<Data> >::~vector()
 *fill*         0x0000000000002216        0x2 
 .text.SERCOM1_Handler
                0x0000000000002218       0x10 ./.ino.cpp.o
                0x0000000000002218                SERCOM1_Handler
 .text.SERCOM2_Handler
                0x0000000000002228       0x10 ./.ino.cpp.o
                0x0000000000002228                SERCOM2_Handler
 .text._Z8sd_setupv
                0x0000000000002238       0x2c ./.ino.cpp.o
                0x0000000000002238                sd_setup()
 .text._Z12sercom_setupv
                0x0000000000002264       0x38 ./.ino.cpp.o
                0x0000000000002264                sercom_setup()
 .text._Z10write_file6StringS_
                0x000000000000229c       0x98 ./.ino.cpp.o
                0x000000000000229c                write_file(String, String)
 .text._Z10Trunc_file6String
                0x0000000000002334       0x44 ./.ino.cpp.o
                0x0000000000002334                Trunc_file(String)
 .text._Z18load_config_paramsv
                0x0000000000002378       0xe8 ./.ino.cpp.o
                0x0000000000002378                load_config_params()
 .text._Z15load_net_configv
                0x0000000000002460       0xc4 ./.ino.cpp.o
                0x0000000000002460                load_net_config()
 .text._Z15load_srv_configv
                0x0000000000002524       0xac ./.ino.cpp.o
                0x0000000000002524                load_srv_config()
 .text._Z14load_json_linev
                0x00000000000025d0       0x70 ./.ino.cpp.o
                0x00000000000025d0                load_json_line()
 .text._Z10ledbuggingib
                0x0000000000002640       0x3c ./.ino.cpp.o
                0x0000000000002640                ledbugging(int, bool)
 .text._Z8anti_jami
                0x000000000000267c        0xc ./.ino.cpp.o
                0x000000000000267c                anti_jam(int)
 .text._Z12anti_jam_GPSv
                0x0000000000002688       0x34 ./.ino.cpp.o
                0x0000000000002688                anti_jam_GPS()
 .text._Z10Net_Statusv
                0x00000000000026bc       0xe4 ./.ino.cpp.o
                0x00000000000026bc                Net_Status()
 .text._Z10fona_setupv
                0x00000000000027a0       0x54 ./.ino.cpp.o
                0x00000000000027a0                fona_setup()
 .text._Z11process_smsa
                0x00000000000027f4      0x198 ./.ino.cpp.o
                0x00000000000027f4                process_sms(signed char)
 .text._Z9fona_post6StringS_
                0x000000000000298c      0x164 ./.ino.cpp.o
                0x000000000000298c                fona_post(String, String)
 .text._Z11upload_datav
                0x0000000000002af0      0x224 ./.ino.cpp.o
                0x0000000000002af0                upload_data()
 .text._Z17Service_availablev
                0x0000000000002d14       0x98 ./.ino.cpp.o
                0x0000000000002d14                Service_available()
 .text._Z13point_in_areaRKSt6vectorI4DataSaIS0_EEff
                0x0000000000002dac      0x13c ./.ino.cpp.o
                0x0000000000002dac                point_in_area(std::vector<Data, std::allocator<Data> > const&, float, float)
 .text._Z7get_gpsv
                0x0000000000002ee8      0x3e4 ./.ino.cpp.o
                0x0000000000002ee8                get_gps()
 .text._Z8resetWDTv
                0x00000000000032cc       0x14 ./.ino.cpp.o
                0x00000000000032cc                resetWDT()
 .text._Z8setupWDTh
                0x00000000000032e0       0x5c ./.ino.cpp.o
                0x00000000000032e0                setupWDT(unsigned char)
 .text.loop     0x000000000000333c       0xa4 ./.ino.cpp.o
                0x000000000000333c                loop
 .text.startup._GLOBAL__sub_I__Z3Ramv
                0x00000000000033e0      0x150 ./.ino.cpp.o
 .text._Z9Read_file6String
                0x0000000000003530       0x98 ./.ino.cpp.o
                0x0000000000003530                Read_file(String)
 .text.setup    0x00000000000035c8       0xf0 ./.ino.cpp.o
                0x00000000000035c8                setup
 .text._ZN8SPIClass4initEv
                0x00000000000036b8       0x12 ./libraries/SPI/SPI.cpp.o
                0x00000000000036b8                SPIClass::init()
 .text._ZN8SPIClass6configE11SPISettings
                0x00000000000036ca       0x36 ./libraries/SPI/SPI.cpp.o
                0x00000000000036ca                SPIClass::config(SPISettings)
 .text._ZN8SPIClass5beginEv
                0x0000000000003700       0x50 ./libraries/SPI/SPI.cpp.o
                0x0000000000003700                SPIClass::begin()
 .text._ZN8SPIClass16beginTransactionE11SPISettings
                0x0000000000003750       0x3c ./libraries/SPI/SPI.cpp.o
                0x0000000000003750                SPIClass::beginTransaction(SPISettings)
 .text._ZN8SPIClass14endTransactionEv
                0x000000000000378c       0x28 ./libraries/SPI/SPI.cpp.o
                0x000000000000378c                SPIClass::endTransaction()
 .text._ZN8SPIClass8transferEh
                0x00000000000037b4       0x14 ./libraries/SPI/SPI.cpp.o
                0x00000000000037b4                SPIClass::transfer(unsigned char)
 .text.startup._GLOBAL__sub_I__ZN8SPIClassC2EP6SERCOMhhh14SercomSpiTXPad11SercomRXPad
                0x00000000000037c8       0x38 ./libraries/SPI/SPI.cpp.o
 .text._ZL7spiSendh
                0x0000000000003800       0x10 ./libraries/SD/src/utility/Sd2Card.cpp.o
 .text._ZL6spiRecv
                0x0000000000003810       0x10 ./libraries/SD/src/utility/Sd2Card.cpp.o
 .text._ZN7Sd2Card14chipSelectHighEv
                0x0000000000003820       0x28 ./libraries/SD/src/utility/Sd2Card.cpp.o
                0x0000000000003820                Sd2Card::chipSelectHigh()
 .text._ZN7Sd2Card13chipSelectLowEv
                0x0000000000003848       0x30 ./libraries/SD/src/utility/Sd2Card.cpp.o
                0x0000000000003848                Sd2Card::chipSelectLow()
 .text._ZN7Sd2Card7readEndEv
                0x0000000000003878       0x2c ./libraries/SD/src/utility/Sd2Card.cpp.o
                0x0000000000003878                Sd2Card::readEnd()
 .text._ZN7Sd2Card10setSckRateEh
                0x00000000000038a4       0x6c ./libraries/SD/src/utility/Sd2Card.cpp.o
                0x00000000000038a4                Sd2Card::setSckRate(unsigned char)
 .text._ZN7Sd2Card11waitNotBusyEt
                0x0000000000003910       0x28 ./libraries/SD/src/utility/Sd2Card.cpp.o
                0x0000000000003910                Sd2Card::waitNotBusy(unsigned short)
 .text._ZN7Sd2Card11cardCommandEhm
                0x0000000000003938       0x64 ./libraries/SD/src/utility/Sd2Card.cpp.o
                0x0000000000003938                Sd2Card::cardCommand(unsigned char, unsigned long)
 .text._ZN7Sd2Card4initEhh
                0x000000000000399c      0x144 ./libraries/SD/src/utility/Sd2Card.cpp.o
                0x000000000000399c                Sd2Card::init(unsigned char, unsigned char)
 .text._ZN7Sd2Card14waitStartBlockEv
                0x0000000000003ae0       0x40 ./libraries/SD/src/utility/Sd2Card.cpp.o
                0x0000000000003ae0                Sd2Card::waitStartBlock()
 .text._ZN7Sd2Card8readDataEmttPh
                0x0000000000003b20       0xac ./libraries/SD/src/utility/Sd2Card.cpp.o
                0x0000000000003b20                Sd2Card::readData(unsigned long, unsigned short, unsigned short, unsigned char*)
 .text._ZN7Sd2Card9readBlockEmPh
                0x0000000000003bcc       0x10 ./libraries/SD/src/utility/Sd2Card.cpp.o
                0x0000000000003bcc                Sd2Card::readBlock(unsigned long, unsigned char*)
 .text._ZN7Sd2Card9writeDataEhPKh
                0x0000000000003bdc       0x48 ./libraries/SD/src/utility/Sd2Card.cpp.o
                0x0000000000003bdc                Sd2Card::writeData(unsigned char, unsigned char const*)
 .text._ZN7Sd2Card10writeBlockEmPKh
                0x0000000000003c24       0x78 ./libraries/SD/src/utility/Sd2Card.cpp.o
                0x0000000000003c24                Sd2Card::writeBlock(unsigned long, unsigned char const*)
 .text.startup._GLOBAL__sub_I__ZN7Sd2Card11cardCommandEhm
                0x0000000000003c9c       0x18 ./libraries/SD/src/utility/Sd2Card.cpp.o
 .text._ZN6SdFile10addClusterEv
                0x0000000000003cb4       0x2c ./libraries/SD/src/utility/SdFile.cpp.o
                0x0000000000003cb4                SdFile::addCluster()
 .text._ZN6SdFile13addDirClusterEv
                0x0000000000003ce0       0x4a ./libraries/SD/src/utility/SdFile.cpp.o
                0x0000000000003ce0                SdFile::addDirCluster()
 *fill*         0x0000000000003d2a        0x2 
 .text._ZN6SdFile13cacheDirEntryEh
                0x0000000000003d2c       0x1c ./libraries/SD/src/utility/SdFile.cpp.o
                0x0000000000003d2c                SdFile::cacheDirEntry(unsigned char)
 .text._ZN6SdFile10make83NameEPKcPh
                0x0000000000003d48       0x8c ./libraries/SD/src/utility/SdFile.cpp.o
                0x0000000000003d48                SdFile::make83Name(char const*, unsigned char*)
 .text._ZN6SdFile8openRootEP8SdVolume
                0x0000000000003dd4       0x52 ./libraries/SD/src/utility/SdFile.cpp.o
                0x0000000000003dd4                SdFile::openRoot(SdVolume*)
 *fill*         0x0000000000003e26        0x2 
 .text._ZN6SdFile4readEPvt
                0x0000000000003e28      0x10c ./libraries/SD/src/utility/SdFile.cpp.o
                0x0000000000003e28                SdFile::read(void*, unsigned short)
 .text._ZN6SdFile12readDirCacheEv
                0x0000000000003f34       0x48 ./libraries/SD/src/utility/SdFile.cpp.o
                0x0000000000003f34                SdFile::readDirCache()
 .text._ZN6SdFile7seekSetEm
                0x0000000000003f7c       0x64 ./libraries/SD/src/utility/SdFile.cpp.o
                0x0000000000003f7c                SdFile::seekSet(unsigned long)
 .text._ZN6SdFile4syncEv
                0x0000000000003fe0       0x78 ./libraries/SD/src/utility/SdFile.cpp.o
                0x0000000000003fe0                SdFile::sync()
 .text._ZN6SdFile5closeEv
                0x0000000000004058       0x14 ./libraries/SD/src/utility/SdFile.cpp.o
                0x0000000000004058                SdFile::close()
 .text._ZN6SdFile8truncateEm
                0x000000000000406c       0xb4 ./libraries/SD/src/utility/SdFile.cpp.o
                0x000000000000406c                SdFile::truncate(unsigned long)
 .text._ZN6SdFile15openCachedEntryEhh
                0x0000000000004120       0x98 ./libraries/SD/src/utility/SdFile.cpp.o
                0x0000000000004120                SdFile::openCachedEntry(unsigned char, unsigned char)
 .text._ZN6SdFile4openEPS_PKch
                0x00000000000041b8      0x134 ./libraries/SD/src/utility/SdFile.cpp.o
                0x00000000000041b8                SdFile::open(SdFile*, char const*, unsigned char)
 .text._ZN6SdFile6removeEv
                0x00000000000042ec       0x28 ./libraries/SD/src/utility/SdFile.cpp.o
                0x00000000000042ec                SdFile::remove()
 .text._ZN6SdFile6removeEPS_PKc
                0x0000000000004314       0x34 ./libraries/SD/src/utility/SdFile.cpp.o
                0x0000000000004314                SdFile::remove(SdFile*, char const*)
 .text._ZN6SdFile5writeEPKvt
                0x0000000000004348      0x1ac ./libraries/SD/src/utility/SdFile.cpp.o
                0x0000000000004348                SdFile::write(void const*, unsigned short)
 .text._ZN6SdFile5writeEh
                0x00000000000044f4       0x12 ./libraries/SD/src/utility/SdFile.cpp.o
                0x00000000000044f4                SdFile::write(unsigned char)
 *fill*         0x0000000000004506        0x2 
 .text._ZN8SdVolume10cacheFlushEv
                0x0000000000004508       0x54 ./libraries/SD/src/utility/SdVolume.cpp.o
                0x0000000000004508                SdVolume::cacheFlush()
 .text._ZN8SdVolume13cacheRawBlockEmh
                0x000000000000455c       0x48 ./libraries/SD/src/utility/SdVolume.cpp.o
                0x000000000000455c                SdVolume::cacheRawBlock(unsigned long, unsigned char)
 .text._ZN8SdVolume14cacheZeroBlockEm
                0x00000000000045a4       0x3c ./libraries/SD/src/utility/SdVolume.cpp.o
                0x00000000000045a4                SdVolume::cacheZeroBlock(unsigned long)
 .text._ZNK8SdVolume6fatGetEmPm
                0x00000000000045e0       0x60 ./libraries/SD/src/utility/SdVolume.cpp.o
                0x00000000000045e0                SdVolume::fatGet(unsigned long, unsigned long*) const
 .text._ZNK8SdVolume9chainSizeEmPm
                0x0000000000004640       0x44 ./libraries/SD/src/utility/SdVolume.cpp.o
                0x0000000000004640                SdVolume::chainSize(unsigned long, unsigned long*) const
 .text._ZN8SdVolume6fatPutEmm
                0x0000000000004684       0x88 ./libraries/SD/src/utility/SdVolume.cpp.o
                0x0000000000004684                SdVolume::fatPut(unsigned long, unsigned long)
 .text._ZN8SdVolume15allocContiguousEmPm
                0x000000000000470c       0xc8 ./libraries/SD/src/utility/SdVolume.cpp.o
                0x000000000000470c                SdVolume::allocContiguous(unsigned long, unsigned long*)
 .text._ZN8SdVolume9freeChainEm
                0x00000000000047d4       0x4c ./libraries/SD/src/utility/SdVolume.cpp.o
                0x00000000000047d4                SdVolume::freeChain(unsigned long)
 .text._ZN8SdVolume4initEP7Sd2Cardh
                0x0000000000004820      0x128 ./libraries/SD/src/utility/SdVolume.cpp.o
                0x0000000000004820                SdVolume::init(Sd2Card*, unsigned char)
 .text._ZN5SDLib4File5writeEh
                0x0000000000004948       0x14 ./libraries/SD/src/File.cpp.o
                0x0000000000004948                SDLib::File::write(unsigned char)
 .text._ZN5SDLib4File5writeEPKhj
                0x000000000000495c       0x2a ./libraries/SD/src/File.cpp.o
                0x000000000000495c                SDLib::File::write(unsigned char const*, unsigned int)
 .text._ZN5SDLib4File5flushEv
                0x0000000000004986        0xe ./libraries/SD/src/File.cpp.o
                0x0000000000004986                SDLib::File::flush()
 .text._ZN6SdFile4readEv
                0x0000000000004994       0x20 ./libraries/SD/src/File.cpp.o
                0x0000000000004994                SdFile::read()
 .text._ZN5SDLib4File4readEv
                0x00000000000049b4       0x14 ./libraries/SD/src/File.cpp.o
                0x00000000000049b4                SDLib::File::read()
 .text._ZN5SDLib4File4peekEv
                0x00000000000049c8       0x22 ./libraries/SD/src/File.cpp.o
                0x00000000000049c8                SDLib::File::peek()
 *fill*         0x00000000000049ea        0x2 
 .text._ZN5SDLib4FileC2E6SdFilePKc
                0x00000000000049ec       0x44 ./libraries/SD/src/File.cpp.o
                0x00000000000049ec                SDLib::File::File(SdFile, char const*)
                0x00000000000049ec                SDLib::File::File(SdFile, char const*)
 .text._ZN5SDLib4FileC2Ev
                0x0000000000004a30       0x1c ./libraries/SD/src/File.cpp.o
                0x0000000000004a30                SDLib::File::File()
                0x0000000000004a30                SDLib::File::File()
 .text._ZN5SDLib4File4seekEm
                0x0000000000004a4c       0x14 ./libraries/SD/src/File.cpp.o
                0x0000000000004a4c                SDLib::File::seek(unsigned long)
 .text._ZN5SDLib4File8positionEv
                0x0000000000004a60       0x10 ./libraries/SD/src/File.cpp.o
                0x0000000000004a60                SDLib::File::position()
 .text._ZN5SDLib4File4sizeEv
                0x0000000000004a70        0xa ./libraries/SD/src/File.cpp.o
                0x0000000000004a70                SDLib::File::size()
 *fill*         0x0000000000004a7a        0x2 
 .text._ZN5SDLib4File9availableEv
                0x0000000000004a7c       0x28 ./libraries/SD/src/File.cpp.o
                0x0000000000004a7c                SDLib::File::available()
 .text._ZN5SDLib4File5closeEv
                0x0000000000004aa4       0x1a ./libraries/SD/src/File.cpp.o
                0x0000000000004aa4                SDLib::File::close()
 .text._ZN5SDLib4FilecvbEv
                0x0000000000004abe       0x10 ./libraries/SD/src/File.cpp.o
                0x0000000000004abe                SDLib::File::operator bool()
 .text._ZN5SDLib15callback_removeER6SdFilePKcbPv
                0x0000000000004ace       0x18 ./libraries/SD/src/SD.cpp.o
                0x0000000000004ace                SDLib::callback_remove(SdFile&, char const*, bool, void*)
 .text._ZN8SdVolume4initEP7Sd2Card
                0x0000000000004ae6       0x1e ./libraries/SD/src/SD.cpp.o
                0x0000000000004ae6                SdVolume::init(Sd2Card*)
 .text._ZN5SDLib20getNextPathComponentEPKcPjPc
                0x0000000000004b04       0x4a ./libraries/SD/src/SD.cpp.o
                0x0000000000004b04                SDLib::getNextPathComponent(char const*, unsigned int*, char*)
 *fill*         0x0000000000004b4e        0x2 
 .text._ZN5SDLib8walkPathEPKcR6SdFilePFbS3_S1_bPvES4_
                0x0000000000004b50       0xa0 ./libraries/SD/src/SD.cpp.o
                0x0000000000004b50                SDLib::walkPath(char const*, SdFile&, bool (*)(SdFile&, char const*, bool, void*), void*)
 .text._ZN5SDLib7SDClass5beginEh
                0x0000000000004bf0       0x36 ./libraries/SD/src/SD.cpp.o
                0x0000000000004bf0                SDLib::SDClass::begin(unsigned char)
 *fill*         0x0000000000004c26        0x2 
 .text._ZN6SdFileC2ERKS_
                0x0000000000004c28       0x34 ./libraries/SD/src/SD.cpp.o
                0x0000000000004c28                SdFile::SdFile(SdFile const&)
                0x0000000000004c28                SdFile::SdFile(SdFile const&)
 .text._ZN5SDLib7SDClass12getParentDirEPKcPi
                0x0000000000004c5c       0xa8 ./libraries/SD/src/SD.cpp.o
                0x0000000000004c5c                SDLib::SDClass::getParentDir(char const*, int*)
 .text._ZN5SDLib7SDClass4openEPKch
                0x0000000000004d04       0xac ./libraries/SD/src/SD.cpp.o
                0x0000000000004d04                SDLib::SDClass::open(char const*, unsigned char)
 .text._ZN5SDLib7SDClass6removeEPKc
                0x0000000000004db0       0x18 ./libraries/SD/src/SD.cpp.o
                0x0000000000004db0                SDLib::SDClass::remove(char const*)
 .text.startup._GLOBAL__sub_I__ZN5SDLib20getNextPathComponentEPKcPjPc
                0x0000000000004dc8       0x2c ./libraries/SD/src/SD.cpp.o
 .text._ZNKSt6vectorI4DataSaIS0_EE12_M_check_lenEjPKc.isra.18
                0x0000000000004df4       0x30 ./libraries/Quadtree/quadtree.cpp.o
 .text._ZSt22__uninitialized_copy_aISt13move_iteratorIP4DataES2_S1_ET0_T_S5_S4_RSaIT1_E.isra.22
                0x0000000000004e24       0x3c ./libraries/Quadtree/quadtree.cpp.o
 .text._ZNK8Boundary8containsERK5Point
                0x0000000000004e60       0x64 ./libraries/Quadtree/quadtree.cpp.o
                0x0000000000004e60                Boundary::contains(Point const&) const
 .text._ZN8QuadtreeC2Ev
                0x0000000000004ec4       0x20 ./libraries/Quadtree/quadtree.cpp.o
                0x0000000000004ec4                Quadtree::Quadtree()
                0x0000000000004ec4                Quadtree::Quadtree()
 .text._ZN8QuadtreeC2E8Boundary
                0x0000000000004ee4       0x30 ./libraries/Quadtree/quadtree.cpp.o
                0x0000000000004ee4                Quadtree::Quadtree(Boundary)
                0x0000000000004ee4                Quadtree::Quadtree(Boundary)
 .text._ZN8Quadtree9subdivideEv
                0x0000000000004f14       0xb8 ./libraries/Quadtree/quadtree.cpp.o
                0x0000000000004f14                Quadtree::subdivide()
 .text._ZNSt6vectorI4DataSaIS0_EE9push_backERKS0_
                0x0000000000004fcc       0x7e ./libraries/Quadtree/quadtree.cpp.o
                0x0000000000004fcc                std::vector<Data, std::allocator<Data> >::push_back(Data const&)
 *fill*         0x000000000000504a        0x2 
 .text._ZN8Quadtree6insertE4Data
                0x000000000000504c       0x80 ./libraries/Quadtree/quadtree.cpp.o
                0x000000000000504c                Quadtree::insert(Data)
 .text._ZN8Quadtree6insertEfft
                0x00000000000050cc       0x18 ./libraries/Quadtree/quadtree.cpp.o
                0x00000000000050cc                Quadtree::insert(float, float, unsigned short)
 .text._ZNSt12_Vector_baseI4DataSaIS0_EED2Ev
                0x00000000000050e4       0x12 ./libraries/Quadtree/quadtree.cpp.o
                0x00000000000050e4                std::_Vector_base<Data, std::allocator<Data> >::~_Vector_base()
                0x00000000000050e4                std::_Vector_base<Data, std::allocator<Data> >::~_Vector_base()
 .text._ZN8QuadtreeD2Ev
                0x00000000000050f6       0x58 ./libraries/Quadtree/quadtree.cpp.o
                0x00000000000050f6                Quadtree::~Quadtree()
                0x00000000000050f6                Quadtree::~Quadtree()
 *fill*         0x000000000000514e        0x2 
 .text._ZN11ESP8266_XYZC2EP6Streami
                0x0000000000005150       0x34 ./libraries/ESP8266_XYZ/ESP8266_XYZ.cpp.o
                0x0000000000005150                ESP8266_XYZ::ESP8266_XYZ(Stream*, int)
                0x0000000000005150                ESP8266_XYZ::ESP8266_XYZ(Stream*, int)
 .text._ZN13Adafruit_FONA9availableEv
                0x0000000000005184        0xe ./libraries/Adafruit_FONA/Adafruit_FONA.cpp.o
                0x0000000000005184                Adafruit_FONA::available()
 .text._ZN13Adafruit_FONA5writeEh
                0x0000000000005192        0xe ./libraries/Adafruit_FONA/Adafruit_FONA.cpp.o
                0x0000000000005192                Adafruit_FONA::write(unsigned char)
 .text._ZN13Adafruit_FONA4readEv
                0x00000000000051a0        0xe ./libraries/Adafruit_FONA/Adafruit_FONA.cpp.o
                0x00000000000051a0                Adafruit_FONA::read()
 .text._ZN13Adafruit_FONA4peekEv
                0x00000000000051ae        0xe ./libraries/Adafruit_FONA/Adafruit_FONA.cpp.o
                0x00000000000051ae                Adafruit_FONA::peek()
 .text._ZN13Adafruit_FONA5flushEv
                0x00000000000051bc        0xe ./libraries/Adafruit_FONA/Adafruit_FONA.cpp.o
                0x00000000000051bc                Adafruit_FONA::flush()
 *fill*         0x00000000000051ca        0x2 
 .text._ZN13Adafruit_FONAC2Ea
                0x00000000000051cc       0x40 ./libraries/Adafruit_FONA/Adafruit_FONA.cpp.o
                0x00000000000051cc                Adafruit_FONA::Adafruit_FONA(signed char)
                0x00000000000051cc                Adafruit_FONA::Adafruit_FONA(signed char)
 .text._ZN13Adafruit_FONA22setGPRSNetworkSettingsEPK19__FlashStringHelperS2_S2_
                0x000000000000520c        0xa ./libraries/Adafruit_FONA/Adafruit_FONA.cpp.o
                0x000000000000520c                Adafruit_FONA::setGPRSNetworkSettings(__FlashStringHelper const*, __FlashStringHelper const*, __FlashStringHelper const*)
 .text._ZN13Adafruit_FONA10flushInputEv
                0x0000000000005216       0x32 ./libraries/Adafruit_FONA/Adafruit_FONA.cpp.o
                0x0000000000005216                Adafruit_FONA::flushInput()
 .text._ZN13Adafruit_FONA15HTTP_para_startEPK19__FlashStringHelperb
                0x0000000000005248       0x3c ./libraries/Adafruit_FONA/Adafruit_FONA.cpp.o
                0x0000000000005248                Adafruit_FONA::HTTP_para_start(__FlashStringHelper const*, bool)
 .text._ZN13Adafruit_FONA7readRawEt
                0x0000000000005284       0x5a ./libraries/Adafruit_FONA/Adafruit_FONA.cpp.o
                0x0000000000005284                Adafruit_FONA::readRaw(unsigned short)
 .text._ZN13Adafruit_FONA8readlineEtb
                0x00000000000052de       0x64 ./libraries/Adafruit_FONA/Adafruit_FONA.cpp.o
                0x00000000000052de                Adafruit_FONA::readline(unsigned short, bool)
 .text._ZN13Adafruit_FONA11expectReplyEPK19__FlashStringHelpert
                0x0000000000005342       0x20 ./libraries/Adafruit_FONA/Adafruit_FONA.cpp.o
                0x0000000000005342                Adafruit_FONA::expectReply(__FlashStringHelper const*, unsigned short)
 *fill*         0x0000000000005362        0x2 
 .text._ZN13Adafruit_FONA13HTTP_para_endEb
                0x0000000000005364       0x2c ./libraries/Adafruit_FONA/Adafruit_FONA.cpp.o
                0x0000000000005364                Adafruit_FONA::HTTP_para_end(bool)
 .text._ZN13Adafruit_FONA9HTTP_paraEPK19__FlashStringHelperPKc
                0x0000000000005390       0x22 ./libraries/Adafruit_FONA/Adafruit_FONA.cpp.o
                0x0000000000005390                Adafruit_FONA::HTTP_para(__FlashStringHelper const*, char const*)
 .text._ZN13Adafruit_FONA9HTTP_paraEPK19__FlashStringHelperS2_
                0x00000000000053b2       0x22 ./libraries/Adafruit_FONA/Adafruit_FONA.cpp.o
                0x00000000000053b2                Adafruit_FONA::HTTP_para(__FlashStringHelper const*, __FlashStringHelper const*)
 .text._ZN13Adafruit_FONA9HTTP_paraEPK19__FlashStringHelperl
                0x00000000000053d4       0x24 ./libraries/Adafruit_FONA/Adafruit_FONA.cpp.o
                0x00000000000053d4                Adafruit_FONA::HTTP_para(__FlashStringHelper const*, long)
 .text._ZN13Adafruit_FONA9HTTP_dataEmm
                0x00000000000053f8       0x50 ./libraries/Adafruit_FONA/Adafruit_FONA.cpp.o
                0x00000000000053f8                Adafruit_FONA::HTTP_data(unsigned long, unsigned long)
 .text._ZN13Adafruit_FONA8getReplyEPct
                0x0000000000005448       0x24 ./libraries/Adafruit_FONA/Adafruit_FONA.cpp.o
                0x0000000000005448                Adafruit_FONA::getReply(char*, unsigned short)
 .text._ZN13Adafruit_FONA8getReplyEPK19__FlashStringHelpert
                0x000000000000546c       0x24 ./libraries/Adafruit_FONA/Adafruit_FONA.cpp.o
                0x000000000000546c                Adafruit_FONA::getReply(__FlashStringHelper const*, unsigned short)
 .text._ZN13Adafruit_FONA9GPSstatusEv
                0x0000000000005490       0xc4 ./libraries/Adafruit_FONA/Adafruit_FONA.cpp.o
                0x0000000000005490                Adafruit_FONA::GPSstatus()
 .text._ZN13Adafruit_FONA8getReplyEPK19__FlashStringHelperlt
                0x0000000000005554       0x30 ./libraries/Adafruit_FONA/Adafruit_FONA.cpp.o
                0x0000000000005554                Adafruit_FONA::getReply(__FlashStringHelper const*, long, unsigned short)
 .text._ZN13Adafruit_FONA6getGPSEhPch
                0x0000000000005584       0x84 ./libraries/Adafruit_FONA/Adafruit_FONA.cpp.o
                0x0000000000005584                Adafruit_FONA::getGPS(unsigned char, char*, unsigned char)
 .text._ZN13Adafruit_FONA6getGPSEPdPfS1_S1_S1_S1_PbS2_PhS1_S1_S1_S3_S3_S1_S1_
                0x0000000000005608      0x1f8 ./libraries/Adafruit_FONA/Adafruit_FONA.cpp.o
                0x0000000000005608                Adafruit_FONA::getGPS(double*, float*, float*, float*, float*, float*, bool*, bool*, unsigned char*, float*, float*, float*, unsigned char*, unsigned char*, float*, float*)
 .text._ZN13Adafruit_FONA14getReplyQuotedEPK19__FlashStringHelperS2_t
                0x0000000000005800       0x3e ./libraries/Adafruit_FONA/Adafruit_FONA.cpp.o
                0x0000000000005800                Adafruit_FONA::getReplyQuoted(__FlashStringHelper const*, __FlashStringHelper const*, unsigned short)
 .text._ZN13Adafruit_FONA14sendCheckReplyEPK19__FlashStringHelperS2_t
                0x000000000000583e       0x26 ./libraries/Adafruit_FONA/Adafruit_FONA.cpp.o
                0x000000000000583e                Adafruit_FONA::sendCheckReply(__FlashStringHelper const*, __FlashStringHelper const*, unsigned short)
 .text._ZN13Adafruit_FONA5beginER6Stream
                0x0000000000005864      0x1e4 ./libraries/Adafruit_FONA/Adafruit_FONA.cpp.o
                0x0000000000005864                Adafruit_FONA::begin(Stream&)
 .text._ZN13Adafruit_FONA9HTTP_initEv
                0x0000000000005a48       0x18 ./libraries/Adafruit_FONA/Adafruit_FONA.cpp.o
                0x0000000000005a48                Adafruit_FONA::HTTP_init()
 .text._ZN13Adafruit_FONA9HTTP_termEv
                0x0000000000005a60       0x18 ./libraries/Adafruit_FONA/Adafruit_FONA.cpp.o
                0x0000000000005a60                Adafruit_FONA::HTTP_term()
 .text._ZN13Adafruit_FONA13HTTP_POST_endEv
                0x0000000000005a78        0x8 ./libraries/Adafruit_FONA/Adafruit_FONA.cpp.o
                0x0000000000005a78                Adafruit_FONA::HTTP_POST_end()
 .text._ZN13Adafruit_FONA14sendCheckReplyEPcPK19__FlashStringHelpert
                0x0000000000005a80       0x26 ./libraries/Adafruit_FONA/Adafruit_FONA.cpp.o
                0x0000000000005a80                Adafruit_FONA::sendCheckReply(char*, __FlashStringHelper const*, unsigned short)
 *fill*         0x0000000000005aa6        0x2 
 .text._ZN13Adafruit_FONA7sendSMSEPcS0_
                0x0000000000005aa8       0xe8 ./libraries/Adafruit_FONA/Adafruit_FONA.cpp.o
                0x0000000000005aa8                Adafruit_FONA::sendSMS(char*, char*)
 .text._ZN13Adafruit_FONA9deleteSMSEh
                0x0000000000005b90       0x70 ./libraries/Adafruit_FONA/Adafruit_FONA.cpp.o
                0x0000000000005b90                Adafruit_FONA::deleteSMS(unsigned char)
 .text._ZN13Adafruit_FONA14sendCheckReplyEPK19__FlashStringHelperlS2_t
                0x0000000000005c00       0x20 ./libraries/Adafruit_FONA/Adafruit_FONA.cpp.o
                0x0000000000005c00                Adafruit_FONA::sendCheckReply(__FlashStringHelper const*, long, __FlashStringHelper const*, unsigned short)
 .text._ZN13Adafruit_FONA8HTTP_sslEb
                0x0000000000005c20       0x1c ./libraries/Adafruit_FONA/Adafruit_FONA.cpp.o
                0x0000000000005c20                Adafruit_FONA::HTTP_ssl(bool)
 .text._ZN13Adafruit_FONA10HTTP_setupEPc
                0x0000000000005c3c       0x78 ./libraries/Adafruit_FONA/Adafruit_FONA.cpp.o
                0x0000000000005c3c                Adafruit_FONA::HTTP_setup(char*)
 .text._ZN13Adafruit_FONA20sendCheckReplyQuotedEPK19__FlashStringHelperS2_S2_t
                0x0000000000005cb4       0x20 ./libraries/Adafruit_FONA/Adafruit_FONA.cpp.o
                0x0000000000005cb4                Adafruit_FONA::sendCheckReplyQuoted(__FlashStringHelper const*, __FlashStringHelper const*, __FlashStringHelper const*, unsigned short)
 .text._ZN13Adafruit_FONA10enableGPRSEb
                0x0000000000005cd4      0x168 ./libraries/Adafruit_FONA/Adafruit_FONA.cpp.o
                0x0000000000005cd4                Adafruit_FONA::enableGPRS(bool)
 .text._ZN13Adafruit_FONA10parseReplyEPK19__FlashStringHelperPtch
                0x0000000000005e3c       0x44 ./libraries/Adafruit_FONA/Adafruit_FONA.cpp.o
                0x0000000000005e3c                Adafruit_FONA::parseReply(__FlashStringHelper const*, unsigned short*, char, unsigned char)
 .text._ZN13Adafruit_FONA7readSMSEhPctPt
                0x0000000000005e80       0xc0 ./libraries/Adafruit_FONA/Adafruit_FONA.cpp.o
                0x0000000000005e80                Adafruit_FONA::readSMS(unsigned char, char*, unsigned short, unsigned short*)
 .text._ZN13Adafruit_FONA11HTTP_actionEhPtS0_l
                0x0000000000005f40       0x64 ./libraries/Adafruit_FONA/Adafruit_FONA.cpp.o
                0x0000000000005f40                Adafruit_FONA::HTTP_action(unsigned char, unsigned short*, unsigned short*, long)
 .text._ZN13Adafruit_FONA12HTTP_readallEPt
                0x0000000000005fa4       0x2c ./libraries/Adafruit_FONA/Adafruit_FONA.cpp.o
                0x0000000000005fa4                Adafruit_FONA::HTTP_readall(unsigned short*)
 .text._ZN13Adafruit_FONA15HTTP_POST_startEPcPK19__FlashStringHelperPKhtPtS6_
                0x0000000000005fd0       0x7c ./libraries/Adafruit_FONA/Adafruit_FONA.cpp.o
                0x0000000000005fd0                Adafruit_FONA::HTTP_POST_start(char*, __FlashStringHelper const*, unsigned char const*, unsigned short, unsigned short*, unsigned short*)
 .text._ZN13Adafruit_FONA16parseReplyQuotedEPK19__FlashStringHelperPcich
                0x000000000000604c       0x74 ./libraries/Adafruit_FONA/Adafruit_FONA.cpp.o
                0x000000000000604c                Adafruit_FONA::parseReplyQuoted(__FlashStringHelper const*, char*, int, char, unsigned char)
 .text._ZN13Adafruit_FONA12getSMSSenderEhPci
                0x00000000000060c0       0x88 ./libraries/Adafruit_FONA/Adafruit_FONA.cpp.o
                0x00000000000060c0                Adafruit_FONA::getSMSSender(unsigned char, char*, int)
 .text._ZN13Adafruit_FONA14sendParseReplyEPK19__FlashStringHelperS2_Ptch
                0x0000000000006148       0x40 ./libraries/Adafruit_FONA/Adafruit_FONA.cpp.o
                0x0000000000006148                Adafruit_FONA::sendParseReply(__FlashStringHelper const*, __FlashStringHelper const*, unsigned short*, char, unsigned char)
 .text._ZN13Adafruit_FONA7getRSSIEv
                0x0000000000006188       0x30 ./libraries/Adafruit_FONA/Adafruit_FONA.cpp.o
                0x0000000000006188                Adafruit_FONA::getRSSI()
 .text._ZN13Adafruit_FONA9getNumSMSEv
                0x00000000000061b8       0x68 ./libraries/Adafruit_FONA/Adafruit_FONA.cpp.o
                0x00000000000061b8                Adafruit_FONA::getNumSMS()
 .text._ZN13Adafruit_FONA9enableGPSEb
                0x0000000000006220       0xa4 ./libraries/Adafruit_FONA/Adafruit_FONA.cpp.o
                0x0000000000006220                Adafruit_FONA::enableGPS(bool)
 .text.SERCOM0_Handler
                0x00000000000062c4       0x10 /home/carvajavo/Documents/sloeber-workspace/Zeus_Remora2_0/Release/arduino.ar(variant.cpp.o)
                0x00000000000062c4                SERCOM0_Handler
 .text.SERCOM5_Handler
                0x00000000000062d4       0x10 /home/carvajavo/Documents/sloeber-workspace/Zeus_Remora2_0/Release/arduino.ar(variant.cpp.o)
                0x00000000000062d4                SERCOM5_Handler
 .text.startup._GLOBAL__sub_I_g_APinDescription
                0x00000000000062e4       0x94 /home/carvajavo/Documents/sloeber-workspace/Zeus_Remora2_0/Release/arduino.ar(variant.cpp.o)
 .text._ZN7Serial_17availableForWriteEv
                0x0000000000006378        0x4 /home/carvajavo/Documents/sloeber-workspace/Zeus_Remora2_0/Release/arduino.ar(CDC.cpp.o)
                0x0000000000006378                Serial_::availableForWrite()
 .text._ZN7Serial_4peekEv
                0x000000000000637c       0x2c /home/carvajavo/Documents/sloeber-workspace/Zeus_Remora2_0/Release/arduino.ar(CDC.cpp.o)
                0x000000000000637c                Serial_::peek()
 .text._ZN7Serial_5writeEh
                0x00000000000063a8       0x14 /home/carvajavo/Documents/sloeber-workspace/Zeus_Remora2_0/Release/arduino.ar(CDC.cpp.o)
                0x00000000000063a8                Serial_::write(unsigned char)
 .text._ZN7Serial_6acceptEv
                0x00000000000063bc       0x68 /home/carvajavo/Documents/sloeber-workspace/Zeus_Remora2_0/Release/arduino.ar(CDC.cpp.o)
                0x00000000000063bc                Serial_::accept()
 .text._ZN7Serial_4readEv
                0x0000000000006424       0x68 /home/carvajavo/Documents/sloeber-workspace/Zeus_Remora2_0/Release/arduino.ar(CDC.cpp.o)
                0x0000000000006424                Serial_::read()
 .text._ZN7Serial_5flushEv
                0x000000000000648c        0xc /home/carvajavo/Documents/sloeber-workspace/Zeus_Remora2_0/Release/arduino.ar(CDC.cpp.o)
                0x000000000000648c                Serial_::flush()
 .text._ZN7Serial_9availableEv
                0x0000000000006498       0x3c /home/carvajavo/Documents/sloeber-workspace/Zeus_Remora2_0/Release/arduino.ar(CDC.cpp.o)
                0x0000000000006498                Serial_::available()
 .text._ZN7Serial_5writeEPKhj
                0x00000000000064d4       0x2c /home/carvajavo/Documents/sloeber-workspace/Zeus_Remora2_0/Release/arduino.ar(CDC.cpp.o)
                0x00000000000064d4                Serial_::write(unsigned char const*, unsigned int)
 .text._Z16CDC_GetInterfacePh
                0x0000000000006500       0x1c /home/carvajavo/Documents/sloeber-workspace/Zeus_Remora2_0/Release/arduino.ar(CDC.cpp.o)
                0x0000000000006500                CDC_GetInterface(unsigned char*)
 .text._Z9CDC_SetupR8USBSetup
                0x000000000000651c       0x80 /home/carvajavo/Documents/sloeber-workspace/Zeus_Remora2_0/Release/arduino.ar(CDC.cpp.o)
                0x000000000000651c                CDC_Setup(USBSetup&)
 .text._ZN7Serial_5beginEm
                0x000000000000659c        0x2 /home/carvajavo/Documents/sloeber-workspace/Zeus_Remora2_0/Release/arduino.ar(CDC.cpp.o)
                0x000000000000659c                Serial_::begin(unsigned long)
 *fill*         0x000000000000659e        0x2 
 .text._ZN7Serial_cvbEv
                0x00000000000065a0       0x28 /home/carvajavo/Documents/sloeber-workspace/Zeus_Remora2_0/Release/arduino.ar(CDC.cpp.o)
                0x00000000000065a0                Serial_::operator bool()
 .text.startup._GLOBAL__sub_I_cdc_rx_buffer
                0x00000000000065c8       0x24 /home/carvajavo/Documents/sloeber-workspace/Zeus_Remora2_0/Release/arduino.ar(CDC.cpp.o)
 .text._ZN14USBDeviceClass6initEPEmm.part.1
                0x00000000000065ec       0x80 /home/carvajavo/Documents/sloeber-workspace/Zeus_Remora2_0/Release/arduino.ar(USBCore.cpp.o)
 .text._ZN20USBDevice_SAMD21G18x5resetEv
                0x000000000000666c       0x28 /home/carvajavo/Documents/sloeber-workspace/Zeus_Remora2_0/Release/arduino.ar(USBCore.cpp.o)
                0x000000000000666c                USBDevice_SAMD21G18x::reset()
 .text._ZN20USBDevice_SAMD21G18x9calibrateEv
                0x0000000000006694       0x5c /home/carvajavo/Documents/sloeber-workspace/Zeus_Remora2_0/Release/arduino.ar(USBCore.cpp.o)
                0x0000000000006694                USBDevice_SAMD21G18x::calibrate()
 .text._ZN14USBDeviceClass14SendInterfacesEPm
                0x00000000000066f0       0x2c /home/carvajavo/Documents/sloeber-workspace/Zeus_Remora2_0/Release/arduino.ar(USBCore.cpp.o)
                0x00000000000066f0                USBDeviceClass::SendInterfaces(unsigned long*)
 .text._ZN14USBDeviceClass4initEv
                0x000000000000671c       0xf0 /home/carvajavo/Documents/sloeber-workspace/Zeus_Remora2_0/Release/arduino.ar(USBCore.cpp.o)
                0x000000000000671c                USBDeviceClass::init()
 .text._ZN14USBDeviceClass6attachEv
                0x000000000000680c       0x34 /home/carvajavo/Documents/sloeber-workspace/Zeus_Remora2_0/Release/arduino.ar(USBCore.cpp.o)
                0x000000000000680c                USBDeviceClass::attach()
 .text._ZN14USBDeviceClass10setAddressEm
                0x0000000000006840       0x48 /home/carvajavo/Documents/sloeber-workspace/Zeus_Remora2_0/Release/arduino.ar(USBCore.cpp.o)
                0x0000000000006840                USBDeviceClass::setAddress(unsigned long)
 .text._ZN14USBDeviceClass25handleClassInterfaceSetupER8USBSetup
                0x0000000000006888       0x40 /home/carvajavo/Documents/sloeber-workspace/Zeus_Remora2_0/Release/arduino.ar(USBCore.cpp.o)
                0x0000000000006888                USBDeviceClass::handleClassInterfaceSetup(USBSetup&)
 .text._ZN14USBDeviceClass6initEPEmm
                0x00000000000068c8       0xe4 /home/carvajavo/Documents/sloeber-workspace/Zeus_Remora2_0/Release/arduino.ar(USBCore.cpp.o)
                0x00000000000068c8                USBDeviceClass::initEP(unsigned long, unsigned long)
 .text._ZN14USBDeviceClass13initEndpointsEv
                0x00000000000069ac       0x24 /home/carvajavo/Documents/sloeber-workspace/Zeus_Remora2_0/Release/arduino.ar(USBCore.cpp.o)
                0x00000000000069ac                USBDeviceClass::initEndpoints()
 .text._ZN14USBDeviceClass5flushEm
                0x00000000000069d0       0x2c /home/carvajavo/Documents/sloeber-workspace/Zeus_Remora2_0/Release/arduino.ar(USBCore.cpp.o)
                0x00000000000069d0                USBDeviceClass::flush(unsigned long)
 .text._ZN14USBDeviceClass9availableEm
                0x00000000000069fc       0x14 /home/carvajavo/Documents/sloeber-workspace/Zeus_Remora2_0/Release/arduino.ar(USBCore.cpp.o)
                0x00000000000069fc                USBDeviceClass::available(unsigned long)
 .text._ZN14USBDeviceClass14armRecvCtrlOUTEm
                0x0000000000006a10       0x60 /home/carvajavo/Documents/sloeber-workspace/Zeus_Remora2_0/Release/arduino.ar(USBCore.cpp.o)
                0x0000000000006a10                USBDeviceClass::armRecvCtrlOUT(unsigned long)
 .text._ZN14USBDeviceClass11recvControlEPvm
                0x0000000000006a70       0x3c /home/carvajavo/Documents/sloeber-workspace/Zeus_Remora2_0/Release/arduino.ar(USBCore.cpp.o)
                0x0000000000006a70                USBDeviceClass::recvControl(void*, unsigned long)
 .text._ZN14USBDeviceClass7armRecvEm
                0x0000000000006aac       0x3c /home/carvajavo/Documents/sloeber-workspace/Zeus_Remora2_0/Release/arduino.ar(USBCore.cpp.o)
                0x0000000000006aac                USBDeviceClass::armRecv(unsigned long)
 .text._ZN14USBDeviceClass4recvEmPvm
                0x0000000000006ae8       0xa8 /home/carvajavo/Documents/sloeber-workspace/Zeus_Remora2_0/Release/arduino.ar(USBCore.cpp.o)
                0x0000000000006ae8                USBDeviceClass::recv(unsigned long, void*, unsigned long)
 .text._ZN14USBDeviceClass4sendEmPKvm
                0x0000000000006b90       0xb0 /home/carvajavo/Documents/sloeber-workspace/Zeus_Remora2_0/Release/arduino.ar(USBCore.cpp.o)
                0x0000000000006b90                USBDeviceClass::send(unsigned long, void const*, unsigned long)
 .text._ZN14USBDeviceClass7armSendEmPKvm
                0x0000000000006c40       0x48 /home/carvajavo/Documents/sloeber-workspace/Zeus_Remora2_0/Release/arduino.ar(USBCore.cpp.o)
                0x0000000000006c40                USBDeviceClass::armSend(unsigned long, void const*, unsigned long)
 .text._ZN14USBDeviceClass11sendControlEPKvm
                0x0000000000006c88       0x58 /home/carvajavo/Documents/sloeber-workspace/Zeus_Remora2_0/Release/arduino.ar(USBCore.cpp.o)
                0x0000000000006c88                USBDeviceClass::sendControl(void const*, unsigned long)
 .text._ZN14USBDeviceClass20sendStringDescriptorEPKhh
                0x0000000000006ce0       0x68 /home/carvajavo/Documents/sloeber-workspace/Zeus_Remora2_0/Release/arduino.ar(USBCore.cpp.o)
                0x0000000000006ce0                USBDeviceClass::sendStringDescriptor(unsigned char const*, unsigned char)
 .text._ZN14USBDeviceClass12packMessagesEb.part.3
                0x0000000000006d48       0x20 /home/carvajavo/Documents/sloeber-workspace/Zeus_Remora2_0/Release/arduino.ar(USBCore.cpp.o)
 .text._ZN14USBDeviceClass17sendConfigurationEm
                0x0000000000006d68       0x90 /home/carvajavo/Documents/sloeber-workspace/Zeus_Remora2_0/Release/arduino.ar(USBCore.cpp.o)
                0x0000000000006d68                USBDeviceClass::sendConfiguration(unsigned long)
 .text._ZN14USBDeviceClass14sendDescriptorER8USBSetup
                0x0000000000006df8       0xb4 /home/carvajavo/Documents/sloeber-workspace/Zeus_Remora2_0/Release/arduino.ar(USBCore.cpp.o)
                0x0000000000006df8                USBDeviceClass::sendDescriptor(USBSetup&)
 .text._ZN14USBDeviceClass19handleStandardSetupER8USBSetup
                0x0000000000006eac      0x11c /home/carvajavo/Documents/sloeber-workspace/Zeus_Remora2_0/Release/arduino.ar(USBCore.cpp.o)
                0x0000000000006eac                USBDeviceClass::handleStandardSetup(USBSetup&)
 .text.startup._GLOBAL__sub_I__ZN20USBDevice_SAMD21G18x5resetEv
                0x0000000000006fc8       0x10 /home/carvajavo/Documents/sloeber-workspace/Zeus_Remora2_0/Release/arduino.ar(USBCore.cpp.o)
 .text._ZN14USBDeviceClass14handleEndpointEh
                0x0000000000006fd8       0x5c /home/carvajavo/Documents/sloeber-workspace/Zeus_Remora2_0/Release/arduino.ar(USBCore.cpp.o)
                0x0000000000006fd8                USBDeviceClass::handleEndpoint(unsigned char)
 .text._ZN14USBDeviceClass10ISRHandlerEv
                0x0000000000007034      0x140 /home/carvajavo/Documents/sloeber-workspace/Zeus_Remora2_0/Release/arduino.ar(USBCore.cpp.o)
                0x0000000000007034                USBDeviceClass::ISRHandler()
 .text.UDD_Handler
                0x0000000000007174       0x10 /home/carvajavo/Documents/sloeber-workspace/Zeus_Remora2_0/Release/arduino.ar(USBCore.cpp.o)
                0x0000000000007174                UDD_Handler
 .text._ZN5Print5writeEPKhj
                0x0000000000007184       0x28 /home/carvajavo/Documents/sloeber-workspace/Zeus_Remora2_0/Release/arduino.ar(Print.cpp.o)
                0x0000000000007184                Print::write(unsigned char const*, unsigned int)
 .text._ZN5Print5printEmi.part.3
                0x00000000000071ac        0xc /home/carvajavo/Documents/sloeber-workspace/Zeus_Remora2_0/Release/arduino.ar(Print.cpp.o)
 .text._ZN5Print5writeEPKc
                0x00000000000071b8       0x1c /home/carvajavo/Documents/sloeber-workspace/Zeus_Remora2_0/Release/arduino.ar(Print.cpp.o)
                0x00000000000071b8                Print::write(char const*)
 .text._ZN5Print5printEPK19__FlashStringHelper
                0x00000000000071d4        0x8 /home/carvajavo/Documents/sloeber-workspace/Zeus_Remora2_0/Release/arduino.ar(Print.cpp.o)
                0x00000000000071d4                Print::print(__FlashStringHelper const*)
 .text._ZN5Print5printERK6String
                0x00000000000071dc       0x10 /home/carvajavo/Documents/sloeber-workspace/Zeus_Remora2_0/Release/arduino.ar(Print.cpp.o)
                0x00000000000071dc                Print::print(String const&)
 .text._ZN5Print5printEPKc
                0x00000000000071ec        0x8 /home/carvajavo/Documents/sloeber-workspace/Zeus_Remora2_0/Release/arduino.ar(Print.cpp.o)
                0x00000000000071ec                Print::print(char const*)
 .text._ZN5Print5printEc
                0x00000000000071f4        0xa /home/carvajavo/Documents/sloeber-workspace/Zeus_Remora2_0/Release/arduino.ar(Print.cpp.o)
                0x00000000000071f4                Print::print(char)
 *fill*         0x00000000000071fe        0x2 
 .text._ZN5Print7printlnEv
                0x0000000000007200       0x10 /home/carvajavo/Documents/sloeber-workspace/Zeus_Remora2_0/Release/arduino.ar(Print.cpp.o)
                0x0000000000007200                Print::println()
 .text._ZN5Print7printlnEPK19__FlashStringHelper
                0x0000000000007210       0x14 /home/carvajavo/Documents/sloeber-workspace/Zeus_Remora2_0/Release/arduino.ar(Print.cpp.o)
                0x0000000000007210                Print::println(__FlashStringHelper const*)
 .text._ZN5Print7printlnERK6String
                0x0000000000007224       0x14 /home/carvajavo/Documents/sloeber-workspace/Zeus_Remora2_0/Release/arduino.ar(Print.cpp.o)
                0x0000000000007224                Print::println(String const&)
 .text._ZN5Print7printlnEPKc
                0x0000000000007238       0x14 /home/carvajavo/Documents/sloeber-workspace/Zeus_Remora2_0/Release/arduino.ar(Print.cpp.o)
                0x0000000000007238                Print::println(char const*)
 .text._ZN5Print7printlnEc
                0x000000000000724c       0x14 /home/carvajavo/Documents/sloeber-workspace/Zeus_Remora2_0/Release/arduino.ar(Print.cpp.o)
                0x000000000000724c                Print::println(char)
 .text._ZN5Print11printNumberEmh
                0x0000000000007260       0x4e /home/carvajavo/Documents/sloeber-workspace/Zeus_Remora2_0/Release/arduino.ar(Print.cpp.o)
                0x0000000000007260                Print::printNumber(unsigned long, unsigned char)
 .text._ZN5Print5printEli
                0x00000000000072ae       0x3c /home/carvajavo/Documents/sloeber-workspace/Zeus_Remora2_0/Release/arduino.ar(Print.cpp.o)
                0x00000000000072ae                Print::print(long, int)
 .text._ZN5Print7printlnEii
                0x00000000000072ea       0x14 /home/carvajavo/Documents/sloeber-workspace/Zeus_Remora2_0/Release/arduino.ar(Print.cpp.o)
                0x00000000000072ea                Print::println(int, int)
 .text._ZN5Print7printlnEli
                0x00000000000072fe       0x14 /home/carvajavo/Documents/sloeber-workspace/Zeus_Remora2_0/Release/arduino.ar(Print.cpp.o)
                0x00000000000072fe                Print::println(long, int)
 .text._ZN5Print5printEmi
                0x0000000000007312       0x14 /home/carvajavo/Documents/sloeber-workspace/Zeus_Remora2_0/Release/arduino.ar(Print.cpp.o)
                0x0000000000007312                Print::print(unsigned long, int)
 .text._ZN5Print7printlnEhi
                0x0000000000007326       0x14 /home/carvajavo/Documents/sloeber-workspace/Zeus_Remora2_0/Release/arduino.ar(Print.cpp.o)
                0x0000000000007326                Print::println(unsigned char, int)
 .text._ZN5Print7printlnEmi
                0x000000000000733a       0x14 /home/carvajavo/Documents/sloeber-workspace/Zeus_Remora2_0/Release/arduino.ar(Print.cpp.o)
                0x000000000000733a                Print::println(unsigned long, int)
 *fill*         0x000000000000734e        0x2 
 .text._ZN5Print10printFloatEdh
                0x0000000000007350      0x170 /home/carvajavo/Documents/sloeber-workspace/Zeus_Remora2_0/Release/arduino.ar(Print.cpp.o)
                0x0000000000007350                Print::printFloat(double, unsigned char)
 .text._ZN5Print5printEdi
                0x00000000000074c0        0xe /home/carvajavo/Documents/sloeber-workspace/Zeus_Remora2_0/Release/arduino.ar(Print.cpp.o)
                0x00000000000074c0                Print::print(double, int)
 *fill*         0x00000000000074ce        0x2 
 .text.initiateReset
                0x00000000000074d0        0xc /home/carvajavo/Documents/sloeber-workspace/Zeus_Remora2_0/Release/arduino.ar(Reset.cpp.o)
                0x00000000000074d0                initiateReset
 .text.cancelReset
                0x00000000000074dc       0x10 /home/carvajavo/Documents/sloeber-workspace/Zeus_Remora2_0/Release/arduino.ar(Reset.cpp.o)
                0x00000000000074dc                cancelReset
 .text.tickReset
                0x00000000000074ec       0x5c /home/carvajavo/Documents/sloeber-workspace/Zeus_Remora2_0/Release/arduino.ar(Reset.cpp.o)
                0x00000000000074ec                tickReset
 .text._ZN6SERCOMC2EP6Sercom
                0x0000000000007548        0x4 /home/carvajavo/Documents/sloeber-workspace/Zeus_Remora2_0/Release/arduino.ar(SERCOM.cpp.o)
                0x0000000000007548                SERCOM::SERCOM(Sercom*)
                0x0000000000007548                SERCOM::SERCOM(Sercom*)
 .text._ZN6SERCOM9initFrameE18SercomUartCharSize15SercomDataOrder16SercomParityMode19SercomNumberStopBit
                0x000000000000754c       0x38 /home/carvajavo/Documents/sloeber-workspace/Zeus_Remora2_0/Release/arduino.ar(SERCOM.cpp.o)
                0x000000000000754c                SERCOM::initFrame(SercomUartCharSize, SercomDataOrder, SercomParityMode, SercomNumberStopBit)
 .text._ZN6SERCOM8initPadsE15SercomUartTXPad11SercomRXPad
                0x0000000000007584       0x26 /home/carvajavo/Documents/sloeber-workspace/Zeus_Remora2_0/Release/arduino.ar(SERCOM.cpp.o)
                0x0000000000007584                SERCOM::initPads(SercomUartTXPad, SercomRXPad)
 .text._ZN6SERCOM9resetUARTEv
                0x00000000000075aa       0x1c /home/carvajavo/Documents/sloeber-workspace/Zeus_Remora2_0/Release/arduino.ar(SERCOM.cpp.o)
                0x00000000000075aa                SERCOM::resetUART()
 .text._ZN6SERCOM10enableUARTEv
                0x00000000000075c6       0x14 /home/carvajavo/Documents/sloeber-workspace/Zeus_Remora2_0/Release/arduino.ar(SERCOM.cpp.o)
                0x00000000000075c6                SERCOM::enableUART()
 .text._ZN6SERCOM9flushUARTEv
                0x00000000000075da       0x10 /home/carvajavo/Documents/sloeber-workspace/Zeus_Remora2_0/Release/arduino.ar(SERCOM.cpp.o)
                0x00000000000075da                SERCOM::flushUART()
 .text._ZN6SERCOM15clearStatusUARTEv
                0x00000000000075ea        0x8 /home/carvajavo/Documents/sloeber-workspace/Zeus_Remora2_0/Release/arduino.ar(SERCOM.cpp.o)
                0x00000000000075ea                SERCOM::clearStatusUART()
 .text._ZN6SERCOM17availableDataUARTEv
                0x00000000000075f2        0xa /home/carvajavo/Documents/sloeber-workspace/Zeus_Remora2_0/Release/arduino.ar(SERCOM.cpp.o)
                0x00000000000075f2                SERCOM::availableDataUART()
 .text._ZN6SERCOM11isUARTErrorEv
                0x00000000000075fc        0x8 /home/carvajavo/Documents/sloeber-workspace/Zeus_Remora2_0/Release/arduino.ar(SERCOM.cpp.o)
                0x00000000000075fc                SERCOM::isUARTError()
 .text._ZN6SERCOM20acknowledgeUARTErrorEv
                0x0000000000007604        0xe /home/carvajavo/Documents/sloeber-workspace/Zeus_Remora2_0/Release/arduino.ar(SERCOM.cpp.o)
                0x0000000000007604                SERCOM::acknowledgeUARTError()
 .text._ZN6SERCOM12readDataUARTEv
                0x0000000000007612        0x8 /home/carvajavo/Documents/sloeber-workspace/Zeus_Remora2_0/Release/arduino.ar(SERCOM.cpp.o)
                0x0000000000007612                SERCOM::readDataUART()
 .text._ZN6SERCOM13writeDataUARTEh
                0x000000000000761a        0xe /home/carvajavo/Documents/sloeber-workspace/Zeus_Remora2_0/Release/arduino.ar(SERCOM.cpp.o)
                0x000000000000761a                SERCOM::writeDataUART(unsigned char)
 .text._ZN6SERCOM12initSPIClockE18SercomSpiClockModem
                0x0000000000007628       0x30 /home/carvajavo/Documents/sloeber-workspace/Zeus_Remora2_0/Release/arduino.ar(SERCOM.cpp.o)
                0x0000000000007628                SERCOM::initSPIClock(SercomSpiClockMode, unsigned long)
 .text._ZN6SERCOM8resetSPIEv
                0x0000000000007658       0x1c /home/carvajavo/Documents/sloeber-workspace/Zeus_Remora2_0/Release/arduino.ar(SERCOM.cpp.o)
                0x0000000000007658                SERCOM::resetSPI()
 .text._ZN6SERCOM9enableSPIEv
                0x0000000000007674       0x14 /home/carvajavo/Documents/sloeber-workspace/Zeus_Remora2_0/Release/arduino.ar(SERCOM.cpp.o)
                0x0000000000007674                SERCOM::enableSPI()
 .text._ZN6SERCOM10disableSPIEv
                0x0000000000007688       0x14 /home/carvajavo/Documents/sloeber-workspace/Zeus_Remora2_0/Release/arduino.ar(SERCOM.cpp.o)
                0x0000000000007688                SERCOM::disableSPI()
 .text._ZN6SERCOM12writeDataSPIEh
                0x000000000000769c       0x26 /home/carvajavo/Documents/sloeber-workspace/Zeus_Remora2_0/Release/arduino.ar(SERCOM.cpp.o)
                0x000000000000769c                SERCOM::writeDataSPI(unsigned char)
 .text._ZN6SERCOM11readDataSPIEv
                0x00000000000076c2       0x1a /home/carvajavo/Documents/sloeber-workspace/Zeus_Remora2_0/Release/arduino.ar(SERCOM.cpp.o)
                0x00000000000076c2                SERCOM::readDataSPI()
 .text._ZN6SERCOM13initClockNVICEv
                0x00000000000076dc       0xac /home/carvajavo/Documents/sloeber-workspace/Zeus_Remora2_0/Release/arduino.ar(SERCOM.cpp.o)
                0x00000000000076dc                SERCOM::initClockNVIC()
 .text._ZN6SERCOM8initUARTE14SercomUartMode20SercomUartSampleRatem
                0x0000000000007788       0x6c /home/carvajavo/Documents/sloeber-workspace/Zeus_Remora2_0/Release/arduino.ar(SERCOM.cpp.o)
                0x0000000000007788                SERCOM::initUART(SercomUartMode, SercomUartSampleRate, unsigned long)
 .text._ZN6SERCOM7initSPIE14SercomSpiTXPad11SercomRXPad17SercomSpiCharSize15SercomDataOrder
                0x00000000000077f4       0x48 /home/carvajavo/Documents/sloeber-workspace/Zeus_Remora2_0/Release/arduino.ar(SERCOM.cpp.o)
                0x00000000000077f4                SERCOM::initSPI(SercomSpiTXPad, SercomRXPad, SercomSpiCharSize, SercomDataOrder)
 .text._ZN6Stream9timedReadEv
                0x000000000000783c       0x2a /home/carvajavo/Documents/sloeber-workspace/Zeus_Remora2_0/Release/arduino.ar(Stream.cpp.o)
                0x000000000000783c                Stream::timedRead()
 *fill*         0x0000000000007866        0x2 
 .text._ZN6Stream15readStringUntilEc
                0x0000000000007868       0x30 /home/carvajavo/Documents/sloeber-workspace/Zeus_Remora2_0/Release/arduino.ar(Stream.cpp.o)
                0x0000000000007868                Stream::readStringUntil(char)
 .text._ZN4UartcvbEv
                0x0000000000007898        0x4 /home/carvajavo/Documents/sloeber-workspace/Zeus_Remora2_0/Release/arduino.ar(Uart.cpp.o)
                0x0000000000007898                Uart::operator bool()
 .text._ZN4Uart5beginEm
                0x000000000000789c        0xc /home/carvajavo/Documents/sloeber-workspace/Zeus_Remora2_0/Release/arduino.ar(Uart.cpp.o)
                0x000000000000789c                Uart::begin(unsigned long)
 .text._ZN4Uart3endEv
                0x00000000000078a8       0x14 /home/carvajavo/Documents/sloeber-workspace/Zeus_Remora2_0/Release/arduino.ar(Uart.cpp.o)
                0x00000000000078a8                Uart::end()
 .text._ZN4Uart5flushEv
                0x00000000000078bc        0xa /home/carvajavo/Documents/sloeber-workspace/Zeus_Remora2_0/Release/arduino.ar(Uart.cpp.o)
                0x00000000000078bc                Uart::flush()
 .text._ZN4Uart9availableEv
                0x00000000000078c6        0xa /home/carvajavo/Documents/sloeber-workspace/Zeus_Remora2_0/Release/arduino.ar(Uart.cpp.o)
                0x00000000000078c6                Uart::available()
 .text._ZN4Uart4peekEv
                0x00000000000078d0        0xa /home/carvajavo/Documents/sloeber-workspace/Zeus_Remora2_0/Release/arduino.ar(Uart.cpp.o)
                0x00000000000078d0                Uart::peek()
 .text._ZN4Uart4readEv
                0x00000000000078da        0xa /home/carvajavo/Documents/sloeber-workspace/Zeus_Remora2_0/Release/arduino.ar(Uart.cpp.o)
                0x00000000000078da                Uart::read()
 .text._ZN4Uart5writeEh
                0x00000000000078e4        0xc /home/carvajavo/Documents/sloeber-workspace/Zeus_Remora2_0/Release/arduino.ar(Uart.cpp.o)
                0x00000000000078e4                Uart::write(unsigned char)
 .text._ZN4UartC2EP6SERCOMhh11SercomRXPad15SercomUartTXPad
                0x00000000000078f0       0x48 /home/carvajavo/Documents/sloeber-workspace/Zeus_Remora2_0/Release/arduino.ar(Uart.cpp.o)
                0x00000000000078f0                Uart::Uart(SERCOM*, unsigned char, unsigned char, SercomRXPad, SercomUartTXPad)
                0x00000000000078f0                Uart::Uart(SERCOM*, unsigned char, unsigned char, SercomRXPad, SercomUartTXPad)
 .text._ZN4Uart10IrqHandlerEv
                0x0000000000007938       0x36 /home/carvajavo/Documents/sloeber-workspace/Zeus_Remora2_0/Release/arduino.ar(Uart.cpp.o)
                0x0000000000007938                Uart::IrqHandler()
 .text._ZN4Uart16extractNbStopBitEt
                0x000000000000796e        0xe /home/carvajavo/Documents/sloeber-workspace/Zeus_Remora2_0/Release/arduino.ar(Uart.cpp.o)
                0x000000000000796e                Uart::extractNbStopBit(unsigned short)
 .text._ZN4Uart15extractCharSizeEt
                0x000000000000797c       0x2c /home/carvajavo/Documents/sloeber-workspace/Zeus_Remora2_0/Release/arduino.ar(Uart.cpp.o)
                0x000000000000797c                Uart::extractCharSize(unsigned short)
 .text._ZN4Uart13extractParityEt
                0x00000000000079a8       0x18 /home/carvajavo/Documents/sloeber-workspace/Zeus_Remora2_0/Release/arduino.ar(Uart.cpp.o)
                0x00000000000079a8                Uart::extractParity(unsigned short)
 .text._ZN4Uart5beginEmt
                0x00000000000079c0       0x88 /home/carvajavo/Documents/sloeber-workspace/Zeus_Remora2_0/Release/arduino.ar(Uart.cpp.o)
                0x00000000000079c0                Uart::begin(unsigned long, unsigned short)
 .text.EIC_Handler
                0x0000000000007a48       0x30 /home/carvajavo/Documents/sloeber-workspace/Zeus_Remora2_0/Release/arduino.ar(WInterrupts.c.o)
                0x0000000000007a48                EIC_Handler
 .text._ZNK6String14StringIfHelperEv
                0x0000000000007a78        0x2 /home/carvajavo/Documents/sloeber-workspace/Zeus_Remora2_0/Release/arduino.ar(WString.cpp.o)
                0x0000000000007a78                String::StringIfHelper() const
 .text._ZN6StringC2EOS_
                0x0000000000007a7a       0x1c /home/carvajavo/Documents/sloeber-workspace/Zeus_Remora2_0/Release/arduino.ar(WString.cpp.o)
                0x0000000000007a7a                String::String(String&&)
                0x0000000000007a7a                String::String(String&&)
 .text._ZN6StringD2Ev
                0x0000000000007a96        0xe /home/carvajavo/Documents/sloeber-workspace/Zeus_Remora2_0/Release/arduino.ar(WString.cpp.o)
                0x0000000000007a96                String::~String()
                0x0000000000007a96                String::~String()
 .text._ZN6String10invalidateEv
                0x0000000000007aa4       0x18 /home/carvajavo/Documents/sloeber-workspace/Zeus_Remora2_0/Release/arduino.ar(WString.cpp.o)
                0x0000000000007aa4                String::invalidate()
 .text._ZN6String12changeBufferEj
                0x0000000000007abc       0x18 /home/carvajavo/Documents/sloeber-workspace/Zeus_Remora2_0/Release/arduino.ar(WString.cpp.o)
                0x0000000000007abc                String::changeBuffer(unsigned int)
 .text._ZN6String7reserveEj
                0x0000000000007ad4       0x28 /home/carvajavo/Documents/sloeber-workspace/Zeus_Remora2_0/Release/arduino.ar(WString.cpp.o)
                0x0000000000007ad4                String::reserve(unsigned int)
 .text._ZN6String4copyEPKcj
                0x0000000000007afc       0x28 /home/carvajavo/Documents/sloeber-workspace/Zeus_Remora2_0/Release/arduino.ar(WString.cpp.o)
                0x0000000000007afc                String::copy(char const*, unsigned int)
 .text._ZN6StringC2EPKc
                0x0000000000007b24       0x26 /home/carvajavo/Documents/sloeber-workspace/Zeus_Remora2_0/Release/arduino.ar(WString.cpp.o)
                0x0000000000007b24                String::String(char const*)
                0x0000000000007b24                String::String(char const*)
 *fill*         0x0000000000007b4a        0x2 
 .text._ZN6String4moveERS_
                0x0000000000007b4c       0x4c /home/carvajavo/Documents/sloeber-workspace/Zeus_Remora2_0/Release/arduino.ar(WString.cpp.o)
                0x0000000000007b4c                String::move(String&)
 .text._ZN6StringaSERKS_
                0x0000000000007b98       0x20 /home/carvajavo/Documents/sloeber-workspace/Zeus_Remora2_0/Release/arduino.ar(WString.cpp.o)
                0x0000000000007b98                String::operator=(String const&)
 .text._ZN6StringC2ERKS_
                0x0000000000007bb8       0x14 /home/carvajavo/Documents/sloeber-workspace/Zeus_Remora2_0/Release/arduino.ar(WString.cpp.o)
                0x0000000000007bb8                String::String(String const&)
                0x0000000000007bb8                String::String(String const&)
 .text._ZN6StringaSEOS_
                0x0000000000007bcc       0x10 /home/carvajavo/Documents/sloeber-workspace/Zeus_Remora2_0/Release/arduino.ar(WString.cpp.o)
                0x0000000000007bcc                String::operator=(String&&)
 .text._ZN6StringaSEPKc
                0x0000000000007bdc       0x22 /home/carvajavo/Documents/sloeber-workspace/Zeus_Remora2_0/Release/arduino.ar(WString.cpp.o)
                0x0000000000007bdc                String::operator=(char const*)
 .text._ZN6StringC2Ehh
                0x0000000000007bfe       0x22 /home/carvajavo/Documents/sloeber-workspace/Zeus_Remora2_0/Release/arduino.ar(WString.cpp.o)
                0x0000000000007bfe                String::String(unsigned char, unsigned char)
                0x0000000000007bfe                String::String(unsigned char, unsigned char)
 .text._ZN6StringC2Eih
                0x0000000000007c20       0x24 /home/carvajavo/Documents/sloeber-workspace/Zeus_Remora2_0/Release/arduino.ar(WString.cpp.o)
                0x0000000000007c20                String::String(int, unsigned char)
                0x0000000000007c20                String::String(int, unsigned char)
 .text._ZN6StringC2Elh
                0x0000000000007c44       0x24 /home/carvajavo/Documents/sloeber-workspace/Zeus_Remora2_0/Release/arduino.ar(WString.cpp.o)
                0x0000000000007c44                String::String(long, unsigned char)
                0x0000000000007c44                String::String(long, unsigned char)
 .text._ZN6StringC2Efh
                0x0000000000007c68       0x32 /home/carvajavo/Documents/sloeber-workspace/Zeus_Remora2_0/Release/arduino.ar(WString.cpp.o)
                0x0000000000007c68                String::String(float, unsigned char)
                0x0000000000007c68                String::String(float, unsigned char)
 .text._ZN6StringC2Edh
                0x0000000000007c9a       0x34 /home/carvajavo/Documents/sloeber-workspace/Zeus_Remora2_0/Release/arduino.ar(WString.cpp.o)
                0x0000000000007c9a                String::String(double, unsigned char)
                0x0000000000007c9a                String::String(double, unsigned char)
 .text._ZN6String6concatEPKcj
                0x0000000000007cce       0x32 /home/carvajavo/Documents/sloeber-workspace/Zeus_Remora2_0/Release/arduino.ar(WString.cpp.o)
                0x0000000000007cce                String::concat(char const*, unsigned int)
 .text._ZN6String6concatEc
                0x0000000000007d00       0x14 /home/carvajavo/Documents/sloeber-workspace/Zeus_Remora2_0/Release/arduino.ar(WString.cpp.o)
                0x0000000000007d00                String::concat(char)
 .text._ZplRK15StringSumHelperRK6String
                0x0000000000007d14       0x1c /home/carvajavo/Documents/sloeber-workspace/Zeus_Remora2_0/Release/arduino.ar(WString.cpp.o)
                0x0000000000007d14                operator+(StringSumHelper const&, String const&)
 .text._ZplRK15StringSumHelperPKc
                0x0000000000007d30       0x26 /home/carvajavo/Documents/sloeber-workspace/Zeus_Remora2_0/Release/arduino.ar(WString.cpp.o)
                0x0000000000007d30                operator+(StringSumHelper const&, char const*)
 .text._ZNK6String8getBytesEPhjj
                0x0000000000007d56       0x34 /home/carvajavo/Documents/sloeber-workspace/Zeus_Remora2_0/Release/arduino.ar(WString.cpp.o)
                0x0000000000007d56                String::getBytes(unsigned char*, unsigned int, unsigned int) const
 .text._ZNK6String7indexOfERKS_j
                0x0000000000007d8a       0x20 /home/carvajavo/Documents/sloeber-workspace/Zeus_Remora2_0/Release/arduino.ar(WString.cpp.o)
                0x0000000000007d8a                String::indexOf(String const&, unsigned int) const
 .text._ZNK6String7indexOfERKS_
                0x0000000000007daa        0xa /home/carvajavo/Documents/sloeber-workspace/Zeus_Remora2_0/Release/arduino.ar(WString.cpp.o)
                0x0000000000007daa                String::indexOf(String const&) const
 .text._ZN6String4trimEv
                0x0000000000007db4       0x54 /home/carvajavo/Documents/sloeber-workspace/Zeus_Remora2_0/Release/arduino.ar(WString.cpp.o)
                0x0000000000007db4                String::trim()
 .text._ZNK6String5toIntEv
                0x0000000000007e08        0xe /home/carvajavo/Documents/sloeber-workspace/Zeus_Remora2_0/Release/arduino.ar(WString.cpp.o)
                0x0000000000007e08                String::toInt() const
 .text._ZNK6String7toFloatEv
                0x0000000000007e16       0x16 /home/carvajavo/Documents/sloeber-workspace/Zeus_Remora2_0/Release/arduino.ar(WString.cpp.o)
                0x0000000000007e16                String::toFloat() const
 .text.Dummy_Handler
                0x0000000000007e2c        0x2 /home/carvajavo/Documents/sloeber-workspace/Zeus_Remora2_0/Release/arduino.ar(cortex_handlers.c.o)
                0x0000000000007e2c                DMAC_Handler
                0x0000000000007e2c                HardFault_Handler
                0x0000000000007e2c                AC_Handler
                0x0000000000007e2c                PendSV_Handler
                0x0000000000007e2c                NMI_Handler
                0x0000000000007e2c                TC7_Handler
                0x0000000000007e2c                ADC_Handler
                0x0000000000007e2c                TCC1_Handler
                0x0000000000007e2c                TCC0_Handler
                0x0000000000007e2c                RTC_Handler
                0x0000000000007e2c                TC6_Handler
                0x0000000000007e2c                WDT_Handler
                0x0000000000007e2c                TC4_Handler
                0x0000000000007e2c                TC3_Handler
                0x0000000000007e2c                Dummy_Handler
                0x0000000000007e2c                PM_Handler
                0x0000000000007e2c                SVC_Handler
                0x0000000000007e2c                TCC2_Handler
                0x0000000000007e2c                EVSYS_Handler
                0x0000000000007e2c                SERCOM3_Handler
                0x0000000000007e2c                SERCOM4_Handler
                0x0000000000007e2c                I2S_Handler
                0x0000000000007e2c                NVMCTRL_Handler
                0x0000000000007e2c                DAC_Handler
                0x0000000000007e2c                PTC_Handler
                0x0000000000007e2c                SYSCTRL_Handler
 *fill*         0x0000000000007e2e        0x2 
 .text.USB_Handler
                0x0000000000007e30       0x14 /home/carvajavo/Documents/sloeber-workspace/Zeus_Remora2_0/Release/arduino.ar(cortex_handlers.c.o)
                0x0000000000007e30                USB_Handler
 .text.Reset_Handler
                0x0000000000007e44       0x58 /home/carvajavo/Documents/sloeber-workspace/Zeus_Remora2_0/Release/arduino.ar(cortex_handlers.c.o)
                0x0000000000007e44                Reset_Handler
 .text.SysTick_Handler
                0x0000000000007e9c       0x10 /home/carvajavo/Documents/sloeber-workspace/Zeus_Remora2_0/Release/arduino.ar(cortex_handlers.c.o)
                0x0000000000007e9c                SysTick_Handler
 .text.USB_SetHandler
                0x0000000000007eac        0xc /home/carvajavo/Documents/sloeber-workspace/Zeus_Remora2_0/Release/arduino.ar(cortex_handlers.c.o)
                0x0000000000007eac                USB_SetHandler
 .text.millis   0x0000000000007eb8        0xc /home/carvajavo/Documents/sloeber-workspace/Zeus_Remora2_0/Release/arduino.ar(delay.c.o)
                0x0000000000007eb8                millis
 .text.delay    0x0000000000007ec4       0x20 /home/carvajavo/Documents/sloeber-workspace/Zeus_Remora2_0/Release/arduino.ar(delay.c.o)
                0x0000000000007ec4                delay
 .text.SysTick_DefaultHandler
                0x0000000000007ee4       0x14 /home/carvajavo/Documents/sloeber-workspace/Zeus_Remora2_0/Release/arduino.ar(delay.c.o)
                0x0000000000007ee4                SysTick_DefaultHandler
 .text.__empty  0x0000000000007ef8        0x2 /home/carvajavo/Documents/sloeber-workspace/Zeus_Remora2_0/Release/arduino.ar(hooks.c.o)
                0x0000000000007ef8                yield
 .text.__false  0x0000000000007efa        0x4 /home/carvajavo/Documents/sloeber-workspace/Zeus_Remora2_0/Release/arduino.ar(hooks.c.o)
                0x0000000000007efa                sysTickHook
 .text.ltoa     0x0000000000007efe       0x8a /home/carvajavo/Documents/sloeber-workspace/Zeus_Remora2_0/Release/arduino.ar(itoa.c.o)
                0x0000000000007efe                ltoa
 .text.itoa     0x0000000000007f88        0x8 /home/carvajavo/Documents/sloeber-workspace/Zeus_Remora2_0/Release/arduino.ar(itoa.c.o)
                0x0000000000007f88                itoa
 .text.ultoa    0x0000000000007f90       0x68 /home/carvajavo/Documents/sloeber-workspace/Zeus_Remora2_0/Release/arduino.ar(itoa.c.o)
                0x0000000000007f90                ultoa
 .text.utoa     0x0000000000007ff8        0x8 /home/carvajavo/Documents/sloeber-workspace/Zeus_Remora2_0/Release/arduino.ar(itoa.c.o)
                0x0000000000007ff8                utoa
 .text._Z11initVariantv
                0x0000000000008000        0x2 /home/carvajavo/Documents/sloeber-workspace/Zeus_Remora2_0/Release/arduino.ar(main.cpp.o)
                0x0000000000008000                initVariant()
 *fill*         0x0000000000008002        0x2 
 .text.startup.main
                0x0000000000008004       0x3c /home/carvajavo/Documents/sloeber-workspace/Zeus_Remora2_0/Release/arduino.ar(main.cpp.o)
                0x0000000000008004                main
 .text._Znwj    0x0000000000008040        0x8 /home/carvajavo/Documents/sloeber-workspace/Zeus_Remora2_0/Release/arduino.ar(new.cpp.o)
                0x0000000000008040                operator new(unsigned int)
 .text._ZdlPv   0x0000000000008048        0x8 /home/carvajavo/Documents/sloeber-workspace/Zeus_Remora2_0/Release/arduino.ar(new.cpp.o)
                0x0000000000008048                operator delete(void*)
 .text.SystemInit
                0x0000000000008050      0x16c /home/carvajavo/Documents/sloeber-workspace/Zeus_Remora2_0/Release/arduino.ar(startup.c.o)
                0x0000000000008050                SystemInit
 .text.init     0x00000000000081bc       0xe4 /home/carvajavo/Documents/sloeber-workspace/Zeus_Remora2_0/Release/arduino.ar(wiring.c.o)
                0x00000000000081bc                init
 .text.analogReference
                0x00000000000082a0       0x5c /home/carvajavo/Documents/sloeber-workspace/Zeus_Remora2_0/Release/arduino.ar(wiring_analog.c.o)
                0x00000000000082a0                analogReference
 .text.pinMode  0x00000000000082fc       0xc0 /home/carvajavo/Documents/sloeber-workspace/Zeus_Remora2_0/Release/arduino.ar(wiring_digital.c.o)
                0x00000000000082fc                pinMode
 .text.digitalWrite
                0x00000000000083bc       0x60 /home/carvajavo/Documents/sloeber-workspace/Zeus_Remora2_0/Release/arduino.ar(wiring_digital.c.o)
                0x00000000000083bc                digitalWrite
 .text.digitalRead
                0x000000000000841c       0x30 /home/carvajavo/Documents/sloeber-workspace/Zeus_Remora2_0/Release/arduino.ar(wiring_digital.c.o)
                0x000000000000841c                digitalRead
 .text.pinPeripheral
                0x000000000000844c       0xc4 /home/carvajavo/Documents/sloeber-workspace/Zeus_Remora2_0/Release/arduino.ar(wiring_private.c.o)
                0x000000000000844c                pinPeripheral
 .text.dtostrf  0x0000000000008510       0x28 /home/carvajavo/Documents/sloeber-workspace/Zeus_Remora2_0/Release/arduino.ar(dtostrf.c.o)
                0x0000000000008510                dtostrf
 .text._ZN13PluggableUSB_12getInterfaceEPh
                0x0000000000008538       0x2a /home/carvajavo/Documents/sloeber-workspace/Zeus_Remora2_0/Release/arduino.ar(PluggableUSB.cpp.o)
                0x0000000000008538                PluggableUSB_::getInterface(unsigned char*)
 .text._ZN13PluggableUSB_13getDescriptorER8USBSetup
                0x0000000000008562       0x20 /home/carvajavo/Documents/sloeber-workspace/Zeus_Remora2_0/Release/arduino.ar(PluggableUSB.cpp.o)
                0x0000000000008562                PluggableUSB_::getDescriptor(USBSetup&)
 .text._ZN13PluggableUSB_12getShortNameEPc
                0x0000000000008582       0x1e /home/carvajavo/Documents/sloeber-workspace/Zeus_Remora2_0/Release/arduino.ar(PluggableUSB.cpp.o)
                0x0000000000008582                PluggableUSB_::getShortName(char*)
 .text._ZN13PluggableUSB_5setupER8USBSetup
                0x00000000000085a0       0x24 /home/carvajavo/Documents/sloeber-workspace/Zeus_Remora2_0/Release/arduino.ar(PluggableUSB.cpp.o)
                0x00000000000085a0                PluggableUSB_::setup(USBSetup&)
 .text._Z12PluggableUSBv
                0x00000000000085c4       0x24 /home/carvajavo/Documents/sloeber-workspace/Zeus_Remora2_0/Release/arduino.ar(PluggableUSB.cpp.o)
                0x00000000000085c4                PluggableUSB()
 .text._ZN10RingBufferC2Ev
                0x00000000000085e8       0x16 /home/carvajavo/Documents/sloeber-workspace/Zeus_Remora2_0/Release/arduino.ar(RingBuffer.cpp.o)
                0x00000000000085e8                RingBuffer::RingBuffer()
                0x00000000000085e8                RingBuffer::RingBuffer()
 .text._ZN10RingBuffer10store_charEh
                0x00000000000085fe       0x16 /home/carvajavo/Documents/sloeber-workspace/Zeus_Remora2_0/Release/arduino.ar(RingBuffer.cpp.o)
                0x00000000000085fe                RingBuffer::store_char(unsigned char)
 .text._ZN10RingBuffer5clearEv
                0x0000000000008614        0x8 /home/carvajavo/Documents/sloeber-workspace/Zeus_Remora2_0/Release/arduino.ar(RingBuffer.cpp.o)
                0x0000000000008614                RingBuffer::clear()
 .text._ZN10RingBuffer9read_charEv
                0x000000000000861c       0x1c /home/carvajavo/Documents/sloeber-workspace/Zeus_Remora2_0/Release/arduino.ar(RingBuffer.cpp.o)
                0x000000000000861c                RingBuffer::read_char()
 .text._ZN10RingBuffer9availableEv
                0x0000000000008638        0xc /home/carvajavo/Documents/sloeber-workspace/Zeus_Remora2_0/Release/arduino.ar(RingBuffer.cpp.o)
                0x0000000000008638                RingBuffer::available()
 .text._ZN10RingBuffer4peekEv
                0x0000000000008644       0x12 /home/carvajavo/Documents/sloeber-workspace/Zeus_Remora2_0/Release/arduino.ar(RingBuffer.cpp.o)
                0x0000000000008644                RingBuffer::peek()
 *fill*         0x0000000000008656        0x2 
 .text.__fpclassifyd
                0x0000000000008658       0x60 /home/carvajavo/sloeber/arduinoPlugin/packages/arduino/tools/arm-none-eabi-gcc/4.8.3-2014q1/bin/../lib/gcc/arm-none-eabi/4.8.3/../../../../arm-none-eabi/lib/armv6-m/libm.a(lib_a-s_fpclassify.o)
                0x0000000000008658                __fpclassifyd
 .text          0x00000000000086b8       0x14 /home/carvajavo/sloeber/arduinoPlugin/packages/arduino/tools/arm-none-eabi-gcc/4.8.3-2014q1/bin/../lib/gcc/arm-none-eabi/4.8.3/armv6-m/libgcc.a(_thumb1_case_uqi.o)
                0x00000000000086b8                __gnu_thumb1_case_uqi
 .text          0x00000000000086cc       0x9c /home/carvajavo/sloeber/arduinoPlugin/packages/arduino/tools/arm-none-eabi-gcc/4.8.3-2014q1/bin/../lib/gcc/arm-none-eabi/4.8.3/armv6-m/libgcc.a(_udivsi3.o)
                0x00000000000086cc                __udivsi3
                0x00000000000086cc                __aeabi_uidiv
                0x0000000000008754                __aeabi_uidivmod
 .text          0x0000000000008768       0xc0 /home/carvajavo/sloeber/arduinoPlugin/packages/arduino/tools/arm-none-eabi-gcc/4.8.3-2014q1/bin/../lib/gcc/arm-none-eabi/4.8.3/armv6-m/libgcc.a(_divsi3.o)
                0x0000000000008768                __aeabi_idiv
                0x0000000000008768                __divsi3
                0x0000000000008814                __aeabi_idivmod
 .text          0x0000000000008828        0x4 /home/carvajavo/sloeber/arduinoPlugin/packages/arduino/tools/arm-none-eabi-gcc/4.8.3-2014q1/bin/../lib/gcc/arm-none-eabi/4.8.3/armv6-m/libgcc.a(_dvmd_tls.o)
                0x0000000000008828                __aeabi_ldiv0
                0x0000000000008828                __aeabi_idiv0
 .text          0x000000000000882c       0x7c /home/carvajavo/sloeber/arduinoPlugin/packages/arduino/tools/arm-none-eabi-gcc/4.8.3-2014q1/bin/../lib/gcc/arm-none-eabi/4.8.3/armv6-m/libgcc.a(_arm_cmpdf2.o)
                0x000000000000882c                __aeabi_cdrcmple
                0x000000000000883c                __aeabi_cdcmple
                0x000000000000883c                __aeabi_cdcmpeq
                0x000000000000884c                __aeabi_dcmpeq
                0x0000000000008858                __aeabi_dcmplt
                0x000000000000886c                __aeabi_dcmple
                0x0000000000008880                __aeabi_dcmpgt
                0x0000000000008894                __aeabi_dcmpge
 .text          0x00000000000088a8       0x74 /home/carvajavo/sloeber/arduinoPlugin/packages/arduino/tools/arm-none-eabi-gcc/4.8.3-2014q1/bin/../lib/gcc/arm-none-eabi/4.8.3/armv6-m/libgcc.a(_arm_cmpsf2.o)
                0x00000000000088a8                __aeabi_cfrcmple
                0x00000000000088b0                __aeabi_cfcmple
                0x00000000000088b0                __aeabi_cfcmpeq
                0x00000000000088c0                __aeabi_fcmpeq
                0x00000000000088cc                __aeabi_fcmplt
                0x00000000000088e0                __aeabi_fcmple
                0x00000000000088f4                __aeabi_fcmpgt
                0x0000000000008908                __aeabi_fcmpge
 *fill*         0x000000000000891c        0x4 
 .text          0x0000000000008920       0x40 /home/carvajavo/sloeber/arduinoPlugin/packages/arduino/tools/arm-none-eabi-gcc/4.8.3-2014q1/bin/../lib/gcc/arm-none-eabi/4.8.3/armv6-m/libgcc.a(_fixunsdfsi.o)
                0x0000000000008920                __fixunsdfsi
                0x0000000000008920                __aeabi_d2uiz
 .text          0x0000000000008960      0x2c8 /home/carvajavo/sloeber/arduinoPlugin/packages/arduino/tools/arm-none-eabi-gcc/4.8.3-2014q1/bin/../lib/gcc/arm-none-eabi/4.8.3/armv6-m/libgcc.a(addsf3.o)
                0x0000000000008960                __aeabi_fadd
 .text          0x0000000000008c28       0x54 /home/carvajavo/sloeber/arduinoPlugin/packages/arduino/tools/arm-none-eabi-gcc/4.8.3-2014q1/bin/../lib/gcc/arm-none-eabi/4.8.3/armv6-m/libgcc.a(eqsf2.o)
                0x0000000000008c28                __nesf2
                0x0000000000008c28                __eqsf2
 .text          0x0000000000008c7c       0x90 /home/carvajavo/sloeber/arduinoPlugin/packages/arduino/tools/arm-none-eabi-gcc/4.8.3-2014q1/bin/../lib/gcc/arm-none-eabi/4.8.3/armv6-m/libgcc.a(gesf2.o)
                0x0000000000008c7c                __gtsf2
                0x0000000000008c7c                __gesf2
 .text          0x0000000000008d0c       0x98 /home/carvajavo/sloeber/arduinoPlugin/packages/arduino/tools/arm-none-eabi-gcc/4.8.3-2014q1/bin/../lib/gcc/arm-none-eabi/4.8.3/armv6-m/libgcc.a(lesf2.o)
                0x0000000000008d0c                __lesf2
                0x0000000000008d0c                __ltsf2
 .text          0x0000000000008da4      0x254 /home/carvajavo/sloeber/arduinoPlugin/packages/arduino/tools/arm-none-eabi-gcc/4.8.3-2014q1/bin/../lib/gcc/arm-none-eabi/4.8.3/armv6-m/libgcc.a(mulsf3.o)
                0x0000000000008da4                __aeabi_fmul
 .text          0x0000000000008ff8      0x2e0 /home/carvajavo/sloeber/arduinoPlugin/packages/arduino/tools/arm-none-eabi-gcc/4.8.3-2014q1/bin/../lib/gcc/arm-none-eabi/4.8.3/armv6-m/libgcc.a(subsf3.o)
                0x0000000000008ff8                __aeabi_fsub
 .text          0x00000000000092d8       0xb8 /home/carvajavo/sloeber/arduinoPlugin/packages/arduino/tools/arm-none-eabi-gcc/4.8.3-2014q1/bin/../lib/gcc/arm-none-eabi/4.8.3/armv6-m/libgcc.a(floatsisf.o)
                0x00000000000092d8                __aeabi_i2f
 .text          0x0000000000009390      0x638 /home/carvajavo/sloeber/arduinoPlugin/packages/arduino/tools/arm-none-eabi-gcc/4.8.3-2014q1/bin/../lib/gcc/arm-none-eabi/4.8.3/armv6-m/libgcc.a(adddf3.o)
                0x0000000000009390                __aeabi_dadd
 .text          0x00000000000099c8      0x648 /home/carvajavo/sloeber/arduinoPlugin/packages/arduino/tools/arm-none-eabi-gcc/4.8.3-2014q1/bin/../lib/gcc/arm-none-eabi/4.8.3/armv6-m/libgcc.a(divdf3.o)
                0x00000000000099c8                __aeabi_ddiv
 .text          0x000000000000a010       0x94 /home/carvajavo/sloeber/arduinoPlugin/packages/arduino/tools/arm-none-eabi-gcc/4.8.3-2014q1/bin/../lib/gcc/arm-none-eabi/4.8.3/armv6-m/libgcc.a(eqdf2.o)
                0x000000000000a010                __eqdf2
                0x000000000000a010                __nedf2
 .text          0x000000000000a0a4       0xfc /home/carvajavo/sloeber/arduinoPlugin/packages/arduino/tools/arm-none-eabi-gcc/4.8.3-2014q1/bin/../lib/gcc/arm-none-eabi/4.8.3/armv6-m/libgcc.a(gedf2.o)
                0x000000000000a0a4                __gtdf2
                0x000000000000a0a4                __gedf2
 .text          0x000000000000a1a0       0xfc /home/carvajavo/sloeber/arduinoPlugin/packages/arduino/tools/arm-none-eabi-gcc/4.8.3-2014q1/bin/../lib/gcc/arm-none-eabi/4.8.3/armv6-m/libgcc.a(ledf2.o)
                0x000000000000a1a0                __ltdf2
                0x000000000000a1a0                __ledf2
 .text          0x000000000000a29c      0x520 /home/carvajavo/sloeber/arduinoPlugin/packages/arduino/tools/arm-none-eabi-gcc/4.8.3-2014q1/bin/../lib/gcc/arm-none-eabi/4.8.3/armv6-m/libgcc.a(muldf3.o)
                0x000000000000a29c                __aeabi_dmul
 .text          0x000000000000a7bc      0x654 /home/carvajavo/sloeber/arduinoPlugin/packages/arduino/tools/arm-none-eabi-gcc/4.8.3-2014q1/bin/../lib/gcc/arm-none-eabi/4.8.3/armv6-m/libgcc.a(subdf3.o)
                0x000000000000a7bc                __aeabi_dsub
 .text          0x000000000000ae10       0x68 /home/carvajavo/sloeber/arduinoPlugin/packages/arduino/tools/arm-none-eabi-gcc/4.8.3-2014q1/bin/../lib/gcc/arm-none-eabi/4.8.3/armv6-m/libgcc.a(fixdfsi.o)
                0x000000000000ae10                __aeabi_d2iz
 .text          0x000000000000ae78       0x68 /home/carvajavo/sloeber/arduinoPlugin/packages/arduino/tools/arm-none-eabi-gcc/4.8.3-2014q1/bin/../lib/gcc/arm-none-eabi/4.8.3/armv6-m/libgcc.a(floatunsidf.o)
                0x000000000000ae78                __aeabi_ui2d
 .text          0x000000000000aee0       0xa4 /home/carvajavo/sloeber/arduinoPlugin/packages/arduino/tools/arm-none-eabi-gcc/4.8.3-2014q1/bin/../lib/gcc/arm-none-eabi/4.8.3/armv6-m/libgcc.a(extendsfdf2.o)
                0x000000000000aee0                __aeabi_f2d
 .text          0x000000000000af84      0x118 /home/carvajavo/sloeber/arduinoPlugin/packages/arduino/tools/arm-none-eabi-gcc/4.8.3-2014q1/bin/../lib/gcc/arm-none-eabi/4.8.3/armv6-m/libgcc.a(truncdfsf2.o)
                0x000000000000af84                __aeabi_d2f
 .text          0x000000000000b09c       0x3c /home/carvajavo/sloeber/arduinoPlugin/packages/arduino/tools/arm-none-eabi-gcc/4.8.3-2014q1/bin/../lib/gcc/arm-none-eabi/4.8.3/armv6-m/libgcc.a(_clzsi2.o)
                0x000000000000b09c                __clzsi2
 .text.__aeabi_atexit
                0x000000000000b0d8        0xe /home/carvajavo/sloeber/arduinoPlugin/packages/arduino/tools/arm-none-eabi-gcc/4.8.3-2014q1/bin/../lib/gcc/arm-none-eabi/4.8.3/../../../../arm-none-eabi/lib/armv6-m/libc_s.a(lib_a-aeabi_atexit.o)
                0x000000000000b0d8                __aeabi_atexit
 .text.atof     0x000000000000b0e6        0xa /home/carvajavo/sloeber/arduinoPlugin/packages/arduino/tools/arm-none-eabi-gcc/4.8.3-2014q1/bin/../lib/gcc/arm-none-eabi/4.8.3/../../../../arm-none-eabi/lib/armv6-m/libc_s.a(lib_a-atof.o)
                0x000000000000b0e6                atof
 .text.atoi     0x000000000000b0f0        0xc /home/carvajavo/sloeber/arduinoPlugin/packages/arduino/tools/arm-none-eabi-gcc/4.8.3-2014q1/bin/../lib/gcc/arm-none-eabi/4.8.3/../../../../arm-none-eabi/lib/armv6-m/libc_s.a(lib_a-atoi.o)
                0x000000000000b0f0                atoi
 .text.atol     0x000000000000b0fc        0xc /home/carvajavo/sloeber/arduinoPlugin/packages/arduino/tools/arm-none-eabi-gcc/4.8.3-2014q1/bin/../lib/gcc/arm-none-eabi/4.8.3/../../../../arm-none-eabi/lib/armv6-m/libc_s.a(lib_a-atol.o)
                0x000000000000b0fc                atol
 .text.__cxa_atexit
                0x000000000000b108       0x20 /home/carvajavo/sloeber/arduinoPlugin/packages/arduino/tools/arm-none-eabi-gcc/4.8.3-2014q1/bin/../lib/gcc/arm-none-eabi/4.8.3/../../../../arm-none-eabi/lib/armv6-m/libc_s.a(lib_a-cxa_atexit.o)
                0x000000000000b108                __cxa_atexit
 .text.__libc_init_array
                0x000000000000b128       0x4c /home/carvajavo/sloeber/arduinoPlugin/packages/arduino/tools/arm-none-eabi-gcc/4.8.3-2014q1/bin/../lib/gcc/arm-none-eabi/4.8.3/../../../../arm-none-eabi/lib/armv6-m/libc_s.a(lib_a-init.o)
                0x000000000000b128                __libc_init_array
 .text.isspace  0x000000000000b174       0x14 /home/carvajavo/sloeber/arduinoPlugin/packages/arduino/tools/arm-none-eabi-gcc/4.8.3-2014q1/bin/../lib/gcc/arm-none-eabi/4.8.3/../../../../arm-none-eabi/lib/armv6-m/libc_s.a(lib_a-isspace.o)
                0x000000000000b174                isspace
 .text.malloc   0x000000000000b188       0x14 /home/carvajavo/sloeber/arduinoPlugin/packages/arduino/tools/arm-none-eabi-gcc/4.8.3-2014q1/bin/../lib/gcc/arm-none-eabi/4.8.3/../../../../arm-none-eabi/lib/armv6-m/libc_s.a(lib_a-malloc.o)
                0x000000000000b188                malloc